2026-03-26 05:00:04,419 - INFO - ============================================================
2026-03-26 05:00:04,419 - INFO - 开始每日内容生成任务 - 2026-03-26 05:00:04
2026-03-26 05:00:04,419 - INFO - 目标: 5 个分类 x 3 条 = 15 条内容
2026-03-26 05:00:04,419 - INFO - 调用硅基流动API (尝试 1/3)...
2026-03-26 05:00:53,460 - INFO - HTTP Request: POST https://api.siliconflow.cn/v1/chat/completions "HTTP/1.1 200 OK"
2026-03-26 05:00:53,473 - INFO - 成功获取 15 条语录
2026-03-26 05:00:53,486 - INFO - [1/15] 处理 morning 分类...
2026-03-26 05:00:54,229 - INFO - ✓ 成功: morning - Embrace each morning as a bran...
2026-03-26 05:00:54,230 - INFO - [2/15] 处理 motivation 分类...
2026-03-26 05:00:54,964 - INFO - ✓ 成功: motivation - The road to success is paved w...
2026-03-26 05:00:54,964 - INFO - [3/15] 处理 gratitude 分类...
2026-03-26 05:00:55,507 - INFO - ✓ 成功: gratitude - Gratitude is the sunshine that...
2026-03-26 05:00:55,507 - INFO - [4/15] 处理 mindfulness 分类...
2026-03-26 05:00:55,954 - INFO - ✓ 成功: mindfulness - Mindfulness is the art of stay...
2026-03-26 05:00:55,956 - INFO - [5/15] 处理 positivity 分类...
2026-03-26 05:00:56,663 - INFO - ✓ 成功: positivity - Positive thinking is the key t...
2026-03-26 05:00:56,663 - INFO - [6/15] 处理 morning 分类...
2026-03-26 05:00:57,113 - INFO - ✓ 成功: morning - Rise early and greet the day w...
2026-03-26 05:00:57,115 - INFO - [7/15] 处理 motivation 分类...
2026-03-26 05:00:57,833 - INFO - ✓ 成功: motivation - Success is not final, failure ...
2026-03-26 05:00:57,833 - INFO - [8/15] 处理 gratitude 分类...
2026-03-26 05:00:58,270 - INFO - ✓ 成功: gratitude - Count your blessings and your ...
2026-03-26 05:00:58,270 - INFO - [9/15] 处理 mindfulness 分类...
2026-03-26 05:00:58,788 - INFO - ✓ 成功: mindfulness - Find peace in the present mome...
2026-03-26 05:00:58,788 - INFO - [10/15] 处理 positivity 分类...
2026-03-26 05:00:59,072 - INFO - ✓ 成功: positivity - A positive mindset can turn a ...
2026-03-26 05:00:59,073 - INFO - [11/15] 处理 morning 分类...
2026-03-26 05:00:59,587 - INFO - ✓ 成功: morning - Each morning is a gift, a chan...
2026-03-26 05:00:59,588 - INFO - [12/15] 处理 motivation 分类...
2026-03-26 05:01:00,293 - INFO - ✓ 成功: motivation - Perseverance is the backbone o...
2026-03-26 05:01:00,293 - INFO - [13/15] 处理 gratitude 分类...
2026-03-26 05:01:00,632 - INFO - ✓ 成功: gratitude - Gratitude is the key to openin...
2026-03-26 05:01:00,632 - INFO - [14/15] 处理 mindfulness 分类...
2026-03-26 05:01:01,014 - INFO - ✓ 成功: mindfulness - Mindfulness is the compass tha...
2026-03-26 05:01:01,014 - INFO - [15/15] 处理 positivity 分类...
2026-03-26 05:01:01,414 - INFO - ✓ 成功: positivity - Adopt a positive mindset and p...
2026-03-26 05:01:01,415 - INFO - ============================================================
2026-03-26 05:01:01,415 - INFO - 任务完成汇总:
2026-03-26 05:01:01,415 - INFO -   成功: 15 条
2026-03-26 05:01:01,415 - INFO -   失败: 0 条
2026-03-26 05:01:01,415 - INFO -   各分类统计:
2026-03-26 05:01:01,415 - INFO -     - morning: 3 条
2026-03-26 05:01:01,415 - INFO -     - motivation: 3 条
2026-03-26 05:01:01,415 - INFO -     - gratitude: 3 条
2026-03-26 05:01:01,415 - INFO -     - mindfulness: 3 条
2026-03-26 05:01:01,415 - INFO -     - positivity: 3 条
2026-03-26 05:01:01,416 - INFO -   耗时: 57.00 秒
2026-03-26 05:01:01,416 - INFO - ============================================================
