2026-04-11 05:00:05,402 - INFO - ============================================================
2026-04-11 05:00:05,402 - INFO - 开始每日内容生成任务 - 2026-04-11 05:00:05
2026-04-11 05:00:05,402 - INFO - 目标: 5 个分类 x 3 条 = 15 条内容
2026-04-11 05:00:05,402 - INFO - 调用硅基流动API (尝试 1/3)...
2026-04-11 05:00:31,965 - INFO - HTTP Request: POST https://api.siliconflow.cn/v1/chat/completions "HTTP/1.1 200 OK"
2026-04-11 05:00:31,979 - WARNING - 获取 11 条，期望 15 条
2026-04-11 05:00:31,979 - INFO - 成功获取 11 条语录
2026-04-11 05:00:31,991 - INFO - [1/11] 处理 morning 分类...
2026-04-11 05:00:32,406 - INFO - ✓ 成功: morning - Dawn whispers to us on sleepy ...
2026-04-11 05:00:32,406 - INFO - [2/11] 处理 motivation 分类...
2026-04-11 05:00:32,941 - INFO - ✓ 成功: motivation - Success is like the moon, some...
2026-04-11 05:00:32,942 - INFO - [3/11] 处理 gratitude 分类...
2026-04-11 05:00:33,622 - INFO - ✓ 成功: gratitude - Gratitude is the sun that ligh...
2026-04-11 05:00:33,623 - INFO - [4/11] 处理 mindfulness 分类...
2026-04-11 05:00:34,285 - INFO - ✓ 成功: mindfulness - Mindfulness is the art of bein...
2026-04-11 05:00:34,286 - INFO - [5/11] 处理 positivity 分类...
2026-04-11 05:00:34,448 - INFO - ✓ 成功: positivity - A positive attitude is the key...
2026-04-11 05:00:34,448 - INFO - [6/11] 处理 gratitude 分类...
2026-04-11 05:00:34,742 - INFO - ✓ 成功: gratitude - Gratitude is the sun that ligh...
2026-04-11 05:00:34,742 - INFO - [7/11] 处理 mindfulness 分类...
2026-04-11 05:00:34,912 - INFO - ✓ 成功: mindfulness - Mindfulness is the art of bein...
2026-04-11 05:00:34,912 - INFO - [8/11] 处理 positivity 分类...
2026-04-11 05:00:35,434 - INFO - ✓ 成功: positivity - A positive attitude is the key...
2026-04-11 05:00:35,434 - INFO - [9/11] 处理 morning 分类...
2026-04-11 05:00:36,128 - INFO - ✓ 成功: morning - Dawn whispers to us on sleepy ...
2026-04-11 05:00:36,129 - INFO - [10/11] 处理 motivation 分类...
2026-04-11 05:00:36,477 - INFO - ✓ 成功: motivation - Success is like the moon, some...
2026-04-11 05:00:36,477 - INFO - [11/11] 处理 gratitude 分类...
2026-04-11 05:00:36,774 - INFO - ✓ 成功: gratitude - Gratitude is the sun that ligh...
2026-04-11 05:00:36,776 - INFO - ============================================================
2026-04-11 05:00:36,776 - INFO - 任务完成汇总:
2026-04-11 05:00:36,776 - INFO -   成功: 11 条
2026-04-11 05:00:36,777 - INFO -   失败: 0 条
2026-04-11 05:00:36,777 - INFO -   各分类统计:
2026-04-11 05:00:36,777 - INFO -     - morning: 2 条
2026-04-11 05:00:36,777 - INFO -     - motivation: 2 条
2026-04-11 05:00:36,777 - INFO -     - gratitude: 3 条
2026-04-11 05:00:36,777 - INFO -     - mindfulness: 2 条
2026-04-11 05:00:36,777 - INFO -     - positivity: 2 条
2026-04-11 05:00:36,778 - INFO -   耗时: 31.37 秒
2026-04-11 05:00:36,778 - INFO - ============================================================
