2026-03-23 05:00:05,394 - INFO - ============================================================
2026-03-23 05:00:05,394 - INFO - 开始每日内容生成任务 - 2026-03-23 05:00:05
2026-03-23 05:00:05,394 - INFO - 目标: 5 个分类 x 3 条 = 15 条内容
2026-03-23 05:00:05,394 - INFO - 调用硅基流动API (尝试 1/3)...
2026-03-23 05:00:31,116 - INFO - HTTP Request: POST https://api.siliconflow.cn/v1/chat/completions "HTTP/1.1 200 OK"
2026-03-23 05:00:31,131 - WARNING - 获取 13 条，期望 15 条
2026-03-23 05:00:31,131 - INFO - 成功获取 13 条语录
2026-03-23 05:00:31,144 - INFO - [1/13] 处理 morning 分类...
2026-03-23 05:00:31,816 - INFO - ✓ 成功: morning - The sunrise paints the sky wit...
2026-03-23 05:00:31,816 - INFO - [2/13] 处理 motivation 分类...
2026-03-23 05:00:31,981 - INFO - ✓ 成功: motivation - Success is the end result of p...
2026-03-23 05:00:31,981 - INFO - [3/13] 处理 gratitude 分类...
2026-03-23 05:00:32,309 - INFO - ✓ 成功: gratitude - Gratitude is the simplest way ...
2026-03-23 05:00:32,310 - INFO - [4/13] 处理 mindfulness 分类...
2026-03-23 05:00:32,944 - INFO - ✓ 成功: mindfulness - Mindfulness is the art of livi...
2026-03-23 05:00:32,945 - INFO - [5/13] 处理 positivity 分类...
2026-03-23 05:00:33,555 - INFO - ✓ 成功: positivity - Stay optimistic; a positive mi...
2026-03-23 05:00:33,556 - INFO - [6/13] 处理 morning 分类...
2026-03-23 05:00:33,976 - INFO - ✓ 成功: morning - Embrace each morning with a fr...
2026-03-23 05:00:33,976 - INFO - [7/13] 处理 motivation 分类...
2026-03-23 05:00:34,301 - INFO - ✓ 成功: motivation - Perseverance is the key to unl...
2026-03-23 05:00:34,301 - INFO - [8/13] 处理 gratitude 分类...
2026-03-23 05:00:35,147 - INFO - ✓ 成功: gratitude - Find gratitude in the small th...
2026-03-23 05:00:35,147 - INFO - [9/13] 处理 mindfulness 分类...
2026-03-23 05:00:35,823 - INFO - ✓ 成功: mindfulness - Seek awareness and savor the p...
2026-03-23 05:00:35,823 - INFO - [10/13] 处理 positivity 分类...
2026-03-23 05:00:36,448 - INFO - ✓ 成功: positivity - Let positivity become your def...
2026-03-23 05:00:36,448 - INFO - [11/13] 处理 gratitude 分类...
2026-03-23 05:00:37,069 - INFO - ✓ 成功: gratitude - Gratitude opens the door to a ...
2026-03-23 05:00:37,070 - INFO - [12/13] 处理 mindfulness 分类...
2026-03-23 05:00:37,594 - INFO - ✓ 成功: mindfulness - Mindfulness is not just about ...
2026-03-23 05:00:37,594 - INFO - [13/13] 处理 positivity 分类...
2026-03-23 05:00:38,130 - INFO - ✓ 成功: positivity - Optimism is the fuel that prop...
2026-03-23 05:00:38,130 - INFO - ============================================================
2026-03-23 05:00:38,130 - INFO - 任务完成汇总:
2026-03-23 05:00:38,130 - INFO -   成功: 13 条
2026-03-23 05:00:38,130 - INFO -   失败: 0 条
2026-03-23 05:00:38,130 - INFO -   各分类统计:
2026-03-23 05:00:38,130 - INFO -     - morning: 2 条
2026-03-23 05:00:38,130 - INFO -     - motivation: 2 条
2026-03-23 05:00:38,131 - INFO -     - gratitude: 3 条
2026-03-23 05:00:38,131 - INFO -     - mindfulness: 3 条
2026-03-23 05:00:38,131 - INFO -     - positivity: 3 条
2026-03-23 05:00:38,131 - INFO -   耗时: 32.74 秒
2026-03-23 05:00:38,131 - INFO - ============================================================
