2026-04-26 05:00:04,549 - INFO - ============================================================
2026-04-26 05:00:04,549 - INFO - 开始每日内容生成任务 - 2026-04-26 05:00:04
2026-04-26 05:00:04,549 - INFO - 目标: 5 个分类 x 3 条 = 15 条内容
2026-04-26 05:00:04,549 - INFO - 调用硅基流动API (尝试 1/3)...
2026-04-26 05:00:37,299 - INFO - HTTP Request: POST https://api.siliconflow.cn/v1/chat/completions "HTTP/1.1 200 OK"
2026-04-26 05:00:37,315 - INFO - 成功获取 15 条语录
2026-04-26 05:00:37,326 - INFO - [1/15] 处理 morning 分类...
2026-04-26 05:00:38,062 - INFO - ✓ 成功: morning - Dawn whispers its secrets into...
2026-04-26 05:00:38,064 - INFO - [2/15] 处理 motivation 分类...
2026-04-26 05:00:38,754 - INFO - ✓ 成功: motivation - Huddle up, buttercup. We’re go...
2026-04-26 05:00:38,754 - INFO - [3/15] 处理 gratitude 分类...
2026-04-26 05:00:39,297 - INFO - ✓ 成功: gratitude - Count your blessings, not your...
2026-04-26 05:00:39,297 - INFO - [4/15] 处理 mindfulness 分类...
2026-04-26 05:00:39,827 - INFO - ✓ 成功: mindfulness - Find stillness in the storm....
2026-04-26 05:00:39,827 - INFO - [5/15] 处理 positivity 分类...
2026-04-26 05:00:40,393 - INFO - ✓ 成功: positivity - Optimism is the art of looking...
2026-04-26 05:00:40,396 - INFO - [6/15] 处理 morning 分类...
2026-04-26 05:00:41,063 - INFO - ✓ 成功: morning - The morning light paved the pa...
2026-04-26 05:00:41,064 - INFO - [7/15] 处理 motivation 分类...
2026-04-26 05:00:41,392 - INFO - ✓ 成功: motivation - You have the power to build yo...
2026-04-26 05:00:41,392 - INFO - [8/15] 处理 gratitude 分类...
2026-04-26 05:00:42,098 - INFO - ✓ 成功: gratitude - Gratitude can turn a meal into...
2026-04-26 05:00:42,098 - INFO - [9/15] 处理 mindfulness 分类...
2026-04-26 05:00:42,640 - INFO - ✓ 成功: mindfulness - Be present and aware of the no...
2026-04-26 05:00:42,640 - INFO - [10/15] 处理 positivity 分类...
2026-04-26 05:00:43,343 - INFO - ✓ 成功: positivity - Smile and the whole world smil...
2026-04-26 05:00:43,343 - INFO - [11/15] 处理 motivation 分类...
2026-04-26 05:00:43,867 - INFO - ✓ 成功: motivation - Embrace the light and let it g...
2026-04-26 05:00:43,867 - INFO - [12/15] 处理 morning 分类...
2026-04-26 05:00:44,585 - INFO - ✓ 成功: morning - Each day is a new promise from...
2026-04-26 05:00:44,586 - INFO - [13/15] 处理 motivation 分类...
2026-04-26 05:00:45,453 - INFO - ✓ 成功: motivation - Your attitude, not your aptitu...
2026-04-26 05:00:45,454 - INFO - [14/15] 处理 gratitude 分类...
2026-04-26 05:00:45,994 - INFO - ✓ 成功: gratitude - Gratitude is the sun of the he...
2026-04-26 05:00:45,994 - INFO - [15/15] 处理 mindfulness 分类...
2026-04-26 05:00:46,341 - INFO - ✓ 成功: mindfulness - Being mindful is like basking ...
2026-04-26 05:00:46,341 - INFO - ============================================================
2026-04-26 05:00:46,341 - INFO - 任务完成汇总:
2026-04-26 05:00:46,341 - INFO -   成功: 15 条
2026-04-26 05:00:46,341 - INFO -   失败: 0 条
2026-04-26 05:00:46,341 - INFO -   各分类统计:
2026-04-26 05:00:46,341 - INFO -     - morning: 3 条
2026-04-26 05:00:46,341 - INFO -     - motivation: 4 条
2026-04-26 05:00:46,341 - INFO -     - gratitude: 3 条
2026-04-26 05:00:46,341 - INFO -     - mindfulness: 3 条
2026-04-26 05:00:46,341 - INFO -     - positivity: 2 条
2026-04-26 05:00:46,341 - INFO -   耗时: 41.79 秒
2026-04-26 05:00:46,341 - INFO - ============================================================
