2026-09-18 05:00:05,751 - INFO - ============================================================
2026-09-18 05:00:05,751 - INFO - 开始每日内容生成任务 - 2026-09-18 05:00:05
2026-09-18 05:00:05,752 - INFO - 目标: 5 个分类 x 3 条 = 15 条内容
2026-09-18 05:00:05,752 - INFO - 调用硅基流动API (尝试 1/3)...
2026-09-18 05:00:56,636 - INFO - HTTP Request: POST https://api.siliconflow.cn/v1/chat/completions "HTTP/1.1 200 OK"
2026-09-18 05:00:56,651 - INFO - 成功获取 15 条语录
2026-09-18 05:00:56,666 - INFO - [1/15] 处理 morning 分类...
2026-09-18 05:00:57,033 - INFO - ✓ 成功: morning - Embrace the dawn, for in each ...
2026-09-18 05:00:57,033 - INFO - [2/15] 处理 motivation 分类...
2026-09-18 05:00:57,635 - INFO - ✓ 成功: motivation - Perseverance is the road to su...
2026-09-18 05:00:57,635 - INFO - [3/15] 处理 gratitude 分类...
2026-09-18 05:00:58,378 - INFO - ✓ 成功: gratitude - Count your blessings in times ...
2026-09-18 05:00:58,381 - INFO - [4/15] 处理 mindfulness 分类...
2026-09-18 05:00:58,974 - INFO - ✓ 成功: mindfulness - The key to inner peace is bein...
2026-09-18 05:00:58,976 - INFO - [5/15] 处理 positivity 分类...
2026-09-18 05:00:59,720 - INFO - ✓ 成功: positivity - Spread joy and hope, for a pos...
2026-09-18 05:00:59,720 - INFO - [6/15] 处理 morning 分类...
2026-09-18 05:01:00,428 - INFO - ✓ 成功: morning - Each morning is a new opportun...
2026-09-18 05:01:00,428 - INFO - [7/15] 处理 motivation 分类...
2026-09-18 05:01:01,116 - INFO - ✓ 成功: motivation - Perseverance is the ladder to ...
2026-09-18 05:01:01,117 - INFO - [8/15] 处理 gratitude 分类...
2026-09-18 05:01:01,728 - INFO - ✓ 成功: gratitude - Be thankful for the little thi...
2026-09-18 05:01:01,728 - INFO - [9/15] 处理 mindfulness 分类...
2026-09-18 05:01:01,944 - INFO - ✓ 成功: mindfulness - Mindfulness is the key to unlo...
2026-09-18 05:01:01,944 - INFO - [10/15] 处理 positivity 分类...
2026-09-18 05:01:02,522 - INFO - ✓ 成功: positivity - Positivity is contagious, spre...
2026-09-18 05:01:02,522 - INFO - [11/15] 处理 morning 分类...
2026-09-18 05:01:02,736 - INFO - ✓ 成功: morning - Start each day with hope, for ...
2026-09-18 05:01:02,737 - INFO - [12/15] 处理 motivation 分类...
2026-09-18 05:01:03,450 - INFO - ✓ 成功: motivation - Perseverance is the key to unl...
2026-09-18 05:01:03,450 - INFO - [13/15] 处理 gratitude 分类...
2026-09-18 05:01:03,940 - INFO - ✓ 成功: gratitude - Gratitude is the heart's harve...
2026-09-18 05:01:03,940 - INFO - [14/15] 处理 mindfulness 分类...
2026-09-18 05:01:04,515 - INFO - ✓ 成功: mindfulness - Mindfulness is the key to find...
2026-09-18 05:01:04,516 - INFO - [15/15] 处理 positivity 分类...
2026-09-18 05:01:04,840 - INFO - ✓ 成功: positivity - Positive thinking is the first...
2026-09-18 05:01:04,841 - INFO - ============================================================
2026-09-18 05:01:04,841 - INFO - 任务完成汇总:
2026-09-18 05:01:04,841 - INFO -   成功: 15 条
2026-09-18 05:01:04,841 - INFO -   失败: 0 条
2026-09-18 05:01:04,841 - INFO -   各分类统计:
2026-09-18 05:01:04,841 - INFO -     - morning: 3 条
2026-09-18 05:01:04,841 - INFO -     - motivation: 3 条
2026-09-18 05:01:04,841 - INFO -     - gratitude: 3 条
2026-09-18 05:01:04,841 - INFO -     - mindfulness: 3 条
2026-09-18 05:01:04,841 - INFO -     - positivity: 3 条
2026-09-18 05:01:04,841 - INFO -   耗时: 59.09 秒
2026-09-18 05:01:04,841 - INFO - ============================================================
