2026-04-13 05:00:05,048 - INFO - ============================================================
2026-04-13 05:00:05,048 - INFO - 开始每日内容生成任务 - 2026-04-13 05:00:05
2026-04-13 05:00:05,048 - INFO - 目标: 5 个分类 x 3 条 = 15 条内容
2026-04-13 05:00:05,048 - INFO - 调用硅基流动API (尝试 1/3)...
2026-04-13 05:00:39,390 - INFO - HTTP Request: POST https://api.siliconflow.cn/v1/chat/completions "HTTP/1.1 200 OK"
2026-04-13 05:00:39,404 - INFO - 成功获取 15 条语录
2026-04-13 05:00:39,418 - INFO - [1/15] 处理 morning 分类...
2026-04-13 05:00:39,991 - INFO - ✓ 成功: morning - Embrace each dawn, for it offe...
2026-04-13 05:00:39,992 - INFO - [2/15] 处理 motivation 分类...
2026-04-13 05:00:40,674 - INFO - ✓ 成功: motivation - Persevere with the belief that...
2026-04-13 05:00:40,675 - INFO - [3/15] 处理 gratitude 分类...
2026-04-13 05:00:41,209 - INFO - ✓ 成功: gratitude - Count your blessings; you have...
2026-04-13 05:00:41,209 - INFO - [4/15] 处理 mindfulness 分类...
2026-04-13 05:00:41,942 - INFO - ✓ 成功: mindfulness - Meditation is like a quiet sto...
2026-04-13 05:00:41,942 - INFO - [5/15] 处理 positivity 分类...
2026-04-13 05:00:42,316 - INFO - ✓ 成功: positivity - Spread joy by being optimistic...
2026-04-13 05:00:42,316 - INFO - [6/15] 处理 morning 分类...
2026-04-13 05:00:42,681 - INFO - ✓ 成功: morning - Every morning is a canvas for ...
2026-04-13 05:00:42,681 - INFO - [7/15] 处理 motivation 分类...
2026-04-13 05:00:43,112 - INFO - ✓ 成功: motivation - Perseverance is the key to unl...
2026-04-13 05:00:43,113 - INFO - [8/15] 处理 gratitude 分类...
2026-04-13 05:00:43,848 - INFO - ✓ 成功: gratitude - Appreciate the small things in...
2026-04-13 05:00:43,848 - INFO - [9/15] 处理 mindfulness 分类...
2026-04-13 05:00:44,604 - INFO - ✓ 成功: mindfulness - Being present in the moment en...
2026-04-13 05:00:44,604 - INFO - [10/15] 处理 positivity 分类...
2026-04-13 05:00:45,286 - INFO - ✓ 成功: positivity - Optimism is the sunshine that ...
2026-04-13 05:00:45,287 - INFO - [11/15] 处理 mindfulness 分类...
2026-04-13 05:00:45,550 - INFO - ✓ 成功: mindfulness - Mindfulness is like a gentle b...
2026-04-13 05:00:45,550 - INFO - [12/15] 处理 gratitude 分类...
2026-04-13 05:00:46,253 - INFO - ✓ 成功: gratitude - Gratitude is the key to a fulf...
2026-04-13 05:00:46,254 - INFO - [13/15] 处理 morning 分类...
2026-04-13 05:00:46,747 - INFO - ✓ 成功: morning - Morning is the time to set you...
2026-04-13 05:00:46,748 - INFO - [14/15] 处理 mindfulness 分类...
2026-04-13 05:00:47,123 - INFO - ✓ 成功: mindfulness - Mindfulness helps us find peac...
2026-04-13 05:00:47,123 - INFO - [15/15] 处理 gratitude 分类...
2026-04-13 05:00:47,380 - INFO - ✓ 成功: gratitude - Gratitude can turn a difficult...
2026-04-13 05:00:47,381 - INFO - ============================================================
2026-04-13 05:00:47,381 - INFO - 任务完成汇总:
2026-04-13 05:00:47,381 - INFO -   成功: 15 条
2026-04-13 05:00:47,381 - INFO -   失败: 0 条
2026-04-13 05:00:47,381 - INFO -   各分类统计:
2026-04-13 05:00:47,381 - INFO -     - morning: 3 条
2026-04-13 05:00:47,381 - INFO -     - motivation: 2 条
2026-04-13 05:00:47,381 - INFO -     - gratitude: 4 条
2026-04-13 05:00:47,381 - INFO -     - mindfulness: 4 条
2026-04-13 05:00:47,381 - INFO -     - positivity: 2 条
2026-04-13 05:00:47,382 - INFO -   耗时: 42.33 秒
2026-04-13 05:00:47,382 - INFO - ============================================================
