2026-04-24 05:00:04,310 - INFO - ============================================================
2026-04-24 05:00:04,310 - INFO - 开始每日内容生成任务 - 2026-04-24 05:00:04
2026-04-24 05:00:04,310 - INFO - 目标: 5 个分类 x 3 条 = 15 条内容
2026-04-24 05:00:04,310 - INFO - 调用硅基流动API (尝试 1/3)...
2026-04-24 05:02:21,487 - INFO - HTTP Request: POST https://api.siliconflow.cn/v1/chat/completions "HTTP/1.1 200 OK"
2026-04-24 05:02:21,501 - ERROR - JSON解析失败 (尝试 1): Expecting ':' delimiter: line 4 column 13 (char 125)
2026-04-24 05:02:26,504 - INFO - 调用硅基流动API (尝试 2/3)...
2026-04-24 05:03:24,474 - INFO - HTTP Request: POST https://api.siliconflow.cn/v1/chat/completions "HTTP/1.1 200 OK"
2026-04-24 05:03:24,485 - ERROR - JSON解析失败 (尝试 2): Unterminated string starting at: line 71 column 20 (char 14414)
2026-04-24 05:03:29,489 - INFO - 调用硅基流动API (尝试 3/3)...
2026-04-24 05:05:36,541 - INFO - HTTP Request: POST https://api.siliconflow.cn/v1/chat/completions "HTTP/1.1 200 OK"
2026-04-24 05:05:36,543 - ERROR - JSON解析失败 (尝试 3): Expecting ':' delimiter: line 5 column 7 (char 267)
2026-04-24 05:05:36,543 - ERROR - 任务执行失败: Expecting ':' delimiter: line 5 column 7 (char 267)
2026-04-24 05:05:36,544 - ERROR - Traceback (most recent call last):
  File "/opt/daily_morning_vibes/auto_daily_generator.py", line 272, in main
    quotes = fetch_quotes_from_siliconflow()
  File "/opt/daily_morning_vibes/auto_daily_generator.py", line 224, in fetch_quotes_from_siliconflow
    quotes = json.loads(clean_text)
  File "/usr/local/python3/lib/python3.9/json/__init__.py", line 346, in loads
    return _default_decoder.decode(s)
  File "/usr/local/python3/lib/python3.9/json/decoder.py", line 337, in decode
    obj, end = self.raw_decode(s, idx=_w(s, 0).end())
  File "/usr/local/python3/lib/python3.9/json/decoder.py", line 353, in raw_decode
    obj, end = self.scan_once(s, idx)
json.decoder.JSONDecodeError: Expecting ':' delimiter: line 5 column 7 (char 267)

