2026-09-15 05:00:05,557 - INFO - ============================================================
2026-09-15 05:00:05,557 - INFO - 开始每日内容生成任务 - 2026-09-15 05:00:05
2026-09-15 05:00:05,557 - INFO - 目标: 5 个分类 x 3 条 = 15 条内容
2026-09-15 05:00:05,557 - INFO - 调用硅基流动API (尝试 1/3)...
2026-09-15 05:00:56,593 - INFO - HTTP Request: POST https://api.siliconflow.cn/v1/chat/completions "HTTP/1.1 200 OK"
2026-09-15 05:00:56,608 - WARNING - 获取 13 条，期望 15 条
2026-09-15 05:00:56,608 - INFO - 成功获取 13 条语录
2026-09-15 05:00:56,622 - INFO - [1/13] 处理 morning 分类...
2026-09-15 05:00:57,492 - INFO - ✓ 成功: morning - Embrace each dawn as if it’s t...
2026-09-15 05:00:57,493 - INFO - [2/13] 处理 motivation 分类...
2026-09-15 05:00:57,798 - INFO - ✓ 成功: motivation - Perseverance is the fire that ...
2026-09-15 05:00:57,799 - INFO - [3/13] 处理 gratitude 分类...
2026-09-15 05:00:58,107 - INFO - ✓ 成功: gratitude - Count your blessings; there’s ...
2026-09-15 05:00:58,108 - INFO - [4/13] 处理 mindfulness 分类...
2026-09-15 05:00:58,846 - INFO - ✓ 成功: mindfulness - Mindfulness is the art of bein...
2026-09-15 05:00:58,848 - INFO - [5/13] 处理 positivity 分类...
2026-09-15 05:00:59,618 - INFO - ✓ 成功: positivity - Spread joy like a warm hug on ...
2026-09-15 05:00:59,618 - INFO - [6/13] 处理 positivity 分类...
2026-09-15 05:01:00,368 - INFO - ✓ 成功: positivity - Optimism is the flower of hope...
2026-09-15 05:01:00,368 - INFO - [7/13] 处理 morning 分类...
2026-09-15 05:01:00,975 - INFO - ✓ 成功: morning - Start each day with a fresh pe...
2026-09-15 05:01:00,975 - INFO - [8/13] 处理 motivation 分类...
2026-09-15 05:01:01,456 - INFO - ✓ 成功: motivation - Persistence is the bridge betw...
2026-09-15 05:01:01,456 - INFO - [9/13] 处理 gratitude 分类...
2026-09-15 05:01:02,175 - INFO - ✓ 成功: gratitude - Appreciate the small things in...
2026-09-15 05:01:02,175 - INFO - [10/13] 处理 mindfulness 分类...
2026-09-15 05:01:02,864 - INFO - ✓ 成功: mindfulness - Meditation is the anchor that ...
2026-09-15 05:01:02,865 - INFO - [11/13] 处理 positivity 分类...
2026-09-15 05:01:03,601 - INFO - ✓ 成功: positivity - Positive thinking is the sunsh...
2026-09-15 05:01:03,601 - INFO - [12/13] 处理 morning 分类...
2026-09-15 05:01:04,378 - INFO - ✓ 成功: morning - Each morning is a new canvas, ...
2026-09-15 05:01:04,378 - INFO - [13/13] 处理 motivation 分类...
2026-09-15 05:01:04,708 - INFO - ✓ 成功: motivation - Perseverance is the ladder tha...
2026-09-15 05:01:04,708 - INFO - ============================================================
2026-09-15 05:01:04,708 - INFO - 任务完成汇总:
2026-09-15 05:01:04,708 - INFO -   成功: 13 条
2026-09-15 05:01:04,709 - INFO -   失败: 0 条
2026-09-15 05:01:04,709 - INFO -   各分类统计:
2026-09-15 05:01:04,709 - INFO -     - morning: 3 条
2026-09-15 05:01:04,709 - INFO -     - motivation: 3 条
2026-09-15 05:01:04,709 - INFO -     - gratitude: 2 条
2026-09-15 05:01:04,709 - INFO -     - mindfulness: 2 条
2026-09-15 05:01:04,709 - INFO -     - positivity: 3 条
2026-09-15 05:01:04,709 - INFO -   耗时: 59.15 秒
2026-09-15 05:01:04,709 - INFO - ============================================================
