2026-04-17 05:00:05,627 - INFO - ============================================================
2026-04-17 05:00:05,628 - INFO - 开始每日内容生成任务 - 2026-04-17 05:00:05
2026-04-17 05:00:05,628 - INFO - 目标: 5 个分类 x 3 条 = 15 条内容
2026-04-17 05:00:05,628 - INFO - 调用硅基流动API (尝试 1/3)...
2026-04-17 05:01:03,198 - INFO - HTTP Request: POST https://api.siliconflow.cn/v1/chat/completions "HTTP/1.1 200 OK"
2026-04-17 05:01:03,215 - ERROR - JSON解析失败 (尝试 1): Unterminated string starting at: line 3 column 20 (char 27)
2026-04-17 05:01:08,216 - INFO - 调用硅基流动API (尝试 2/3)...
2026-04-17 05:01:34,662 - INFO - HTTP Request: POST https://api.siliconflow.cn/v1/chat/completions "HTTP/1.1 200 OK"
2026-04-17 05:01:34,666 - WARNING - 获取 14 条，期望 15 条
2026-04-17 05:01:34,666 - INFO - 成功获取 14 条语录
2026-04-17 05:01:34,679 - INFO - [1/14] 处理 morning 分类...
2026-04-17 05:01:35,397 - INFO - ✓ 成功: morning - Embrace the sunrise and let it...
2026-04-17 05:01:35,397 - INFO - [2/14] 处理 motivation 分类...
2026-04-17 05:01:35,954 - INFO - ✓ 成功: motivation - Perseverance is the silent for...
2026-04-17 05:01:35,954 - INFO - [3/14] 处理 gratitude 分类...
2026-04-17 05:01:36,672 - INFO - ✓ 成功: gratitude - Count your blessings each day ...
2026-04-17 05:01:36,674 - INFO - [4/14] 处理 mindfulness 分类...
2026-04-17 05:01:37,342 - INFO - ✓ 成功: mindfulness - Mindfulness is the touchstone ...
2026-04-17 05:01:37,342 - INFO - [5/14] 处理 positivity 分类...
2026-04-17 05:01:37,893 - INFO - ✓ 成功: positivity - Spread joy with every step you...
2026-04-17 05:01:37,893 - INFO - [6/14] 处理 motivation 分类...
2026-04-17 05:01:38,561 - INFO - ✓ 成功: motivation - Success is the result of perse...
2026-04-17 05:01:38,561 - INFO - [7/14] 处理 mindfulness 分类...
2026-04-17 05:01:39,228 - INFO - ✓ 成功: mindfulness - Gratitude for the present mome...
2026-04-17 05:01:39,229 - INFO - [8/14] 处理 positivity 分类...
2026-04-17 05:01:39,779 - INFO - ✓ 成功: positivity - Each morning is a new chance t...
2026-04-17 05:01:39,779 - INFO - [9/14] 处理 mindfulness 分类...
2026-04-17 05:01:40,017 - INFO - ✓ 成功: mindfulness - Be present in the moment to fi...
2026-04-17 05:01:40,017 - INFO - [10/14] 处理 gratitude 分类...
2026-04-17 05:01:40,766 - INFO - ✓ 成功: gratitude - Appreciate the simple things i...
2026-04-17 05:01:40,766 - INFO - [11/14] 处理 mindfulness 分类...
2026-04-17 05:01:41,104 - INFO - ✓ 成功: mindfulness - Mindfulness helps you live in ...
2026-04-17 05:01:41,104 - INFO - [12/14] 处理 positivity 分类...
2026-04-17 05:01:42,050 - INFO - ✓ 成功: positivity - A positive mindset can turn ch...
2026-04-17 05:01:42,051 - INFO - [13/14] 处理 gratitude 分类...
2026-04-17 05:01:42,215 - INFO - ✓ 成功: gratitude - Gratitude for the blessings in...
2026-04-17 05:01:42,215 - INFO - [14/14] 处理 mindfulness 分类...
2026-04-17 05:01:42,804 - INFO - ✓ 成功: mindfulness - Mindfulness is the path to inn...
2026-04-17 05:01:42,805 - INFO - ============================================================
2026-04-17 05:01:42,805 - INFO - 任务完成汇总:
2026-04-17 05:01:42,805 - INFO -   成功: 14 条
2026-04-17 05:01:42,805 - INFO -   失败: 0 条
2026-04-17 05:01:42,805 - INFO -   各分类统计:
2026-04-17 05:01:42,805 - INFO -     - morning: 1 条
2026-04-17 05:01:42,805 - INFO -     - motivation: 2 条
2026-04-17 05:01:42,805 - INFO -     - gratitude: 3 条
2026-04-17 05:01:42,805 - INFO -     - mindfulness: 5 条
2026-04-17 05:01:42,805 - INFO -     - positivity: 3 条
2026-04-17 05:01:42,806 - INFO -   耗时: 97.18 秒
2026-04-17 05:01:42,806 - INFO - ============================================================
