2026-07-13 05:00:04,552 - INFO - ============================================================
2026-07-13 05:00:04,552 - INFO - 开始每日内容生成任务 - 2026-07-13 05:00:04
2026-07-13 05:00:04,553 - INFO - 目标: 5 个分类 x 3 条 = 15 条内容
2026-07-13 05:00:04,553 - INFO - 调用硅基流动API (尝试 1/3)...
2026-07-13 05:02:04,323 - INFO - HTTP Request: POST https://api.siliconflow.cn/v1/chat/completions "HTTP/1.1 200 OK"
2026-07-13 05:02:04,338 - ERROR - JSON解析失败 (尝试 1): Unterminated string starting at: line 4 column 28 (char 115)
2026-07-13 05:02:09,339 - INFO - 调用硅基流动API (尝试 2/3)...
2026-07-13 05:03:57,506 - INFO - HTTP Request: POST https://api.siliconflow.cn/v1/chat/completions "HTTP/1.1 200 OK"
2026-07-13 05:03:57,509 - ERROR - JSON解析失败 (尝试 2): Expecting property name enclosed in double quotes: line 4 column 2 (char 94)
2026-07-13 05:04:02,511 - INFO - 调用硅基流动API (尝试 3/3)...
2026-07-13 05:05:17,554 - INFO - HTTP Request: POST https://api.siliconflow.cn/v1/chat/completions "HTTP/1.1 200 OK"
2026-07-13 05:05:17,556 - ERROR - JSON解析失败 (尝试 3): Unterminated string starting at: line 4 column 28 (char 232)
2026-07-13 05:05:17,557 - ERROR - 任务执行失败: Unterminated string starting at: line 4 column 28 (char 232)
2026-07-13 05:05:17,559 - ERROR - Traceback (most recent call last):
  File "/opt/daily_morning_vibes/auto_daily_generator.py", line 272, in main
    quotes = fetch_quotes_from_siliconflow()
  File "/opt/daily_morning_vibes/auto_daily_generator.py", line 224, in fetch_quotes_from_siliconflow
    quotes = json.loads(clean_text)
  File "/usr/local/python3/lib/python3.9/json/__init__.py", line 346, in loads
    return _default_decoder.decode(s)
  File "/usr/local/python3/lib/python3.9/json/decoder.py", line 337, in decode
    obj, end = self.raw_decode(s, idx=_w(s, 0).end())
  File "/usr/local/python3/lib/python3.9/json/decoder.py", line 353, in raw_decode
    obj, end = self.scan_once(s, idx)
json.decoder.JSONDecodeError: Unterminated string starting at: line 4 column 28 (char 232)

