2026-09-12 05:00:05,748 - INFO - ============================================================
2026-09-12 05:00:05,748 - INFO - 开始每日内容生成任务 - 2026-09-12 05:00:05
2026-09-12 05:00:05,748 - INFO - 目标: 5 个分类 x 3 条 = 15 条内容
2026-09-12 05:00:05,748 - INFO - 调用硅基流动API (尝试 1/3)...
2026-09-12 05:00:55,201 - INFO - HTTP Request: POST https://api.siliconflow.cn/v1/chat/completions "HTTP/1.1 200 OK"
2026-09-12 05:00:55,215 - INFO - 成功获取 15 条语录
2026-09-12 05:00:55,229 - INFO - [1/15] 处理 morning 分类...
2026-09-12 05:00:56,244 - INFO - ✓ 成功: morning - Embrace the sun’s first rays; ...
2026-09-12 05:00:56,245 - INFO - [2/15] 处理 motivation 分类...
2026-09-12 05:00:56,673 - INFO - ✓ 成功: motivation - Strength lies not in avoiding ...
2026-09-12 05:00:56,673 - INFO - [3/15] 处理 gratitude 分类...
2026-09-12 05:00:56,831 - INFO - ✓ 成功: gratitude - Count your blessings, not your...
2026-09-12 05:00:56,831 - INFO - [4/15] 处理 mindfulness 分类...
2026-09-12 05:00:57,404 - INFO - ✓ 成功: mindfulness - Be present in the silence; it ...
2026-09-12 05:00:57,404 - INFO - [5/15] 处理 positivity 分类...
2026-09-12 05:00:58,084 - INFO - ✓ 成功: positivity - Spread joy, and you will find ...
2026-09-12 05:00:58,084 - INFO - [6/15] 处理 morning 分类...
2026-09-12 05:00:58,489 - INFO - ✓ 成功: morning - Start your day with a smile; t...
2026-09-12 05:00:58,490 - INFO - [7/15] 处理 motivation 分类...
2026-09-12 05:00:58,997 - INFO - ✓ 成功: motivation - Perseverance is the key to unl...
2026-09-12 05:00:58,997 - INFO - [8/15] 处理 gratitude 分类...
2026-09-12 05:00:59,734 - INFO - ✓ 成功: gratitude - Appreciate the simple things, ...
2026-09-12 05:00:59,734 - INFO - [9/15] 处理 mindfulness 分类...
2026-09-12 05:00:59,951 - INFO - ✓ 成功: mindfulness - Meditation is the art of being...
2026-09-12 05:00:59,951 - INFO - [10/15] 处理 positivity 分类...
2026-09-12 05:01:00,437 - INFO - ✓ 成功: positivity - Optimism is the faith that lea...
2026-09-12 05:01:00,438 - INFO - [11/15] 处理 positivity 分类...
2026-09-12 05:01:01,237 - INFO - ✓ 成功: positivity - The greatest gift you can give...
2026-09-12 05:01:01,237 - INFO - [12/15] 处理 morning 分类...
2026-09-12 05:01:01,812 - INFO - ✓ 成功: morning - New beginnings are often disgu...
2026-09-12 05:01:01,812 - INFO - [13/15] 处理 mindfulness 分类...
2026-09-12 05:01:02,498 - INFO - ✓ 成功: mindfulness - Meditation is not about emptin...
2026-09-12 05:01:02,498 - INFO - [14/15] 处理 gratitude 分类...
2026-09-12 05:01:02,659 - INFO - ✓ 成功: gratitude - Gratitude is the daily bread o...
2026-09-12 05:01:02,660 - INFO - [15/15] 处理 motivation 分类...
2026-09-12 05:01:03,243 - INFO - ✓ 成功: motivation - Success is often a dusty road,...
2026-09-12 05:01:03,243 - INFO - ============================================================
2026-09-12 05:01:03,243 - INFO - 任务完成汇总:
2026-09-12 05:01:03,243 - INFO -   成功: 15 条
2026-09-12 05:01:03,243 - INFO -   失败: 0 条
2026-09-12 05:01:03,243 - INFO -   各分类统计:
2026-09-12 05:01:03,243 - INFO -     - morning: 3 条
2026-09-12 05:01:03,243 - INFO -     - motivation: 3 条
2026-09-12 05:01:03,243 - INFO -     - gratitude: 3 条
2026-09-12 05:01:03,243 - INFO -     - mindfulness: 3 条
2026-09-12 05:01:03,244 - INFO -     - positivity: 3 条
2026-09-12 05:01:03,244 - INFO -   耗时: 57.50 秒
2026-09-12 05:01:03,244 - INFO - ============================================================
