2026-03-22 05:00:03,763 - INFO - ============================================================
2026-03-22 05:00:03,763 - INFO - 开始每日内容生成任务 - 2026-03-22 05:00:03
2026-03-22 05:00:03,763 - INFO - 目标: 5 个分类 x 3 条 = 15 条内容
2026-03-22 05:00:03,763 - INFO - 调用硅基流动API (尝试 1/3)...
2026-03-22 05:00:36,632 - INFO - HTTP Request: POST https://api.siliconflow.cn/v1/chat/completions "HTTP/1.1 200 OK"
2026-03-22 05:00:36,647 - ERROR - JSON解析失败 (尝试 1): Expecting ',' delimiter: line 40 column 329 (char 7222)
2026-03-22 05:00:41,651 - INFO - 调用硅基流动API (尝试 2/3)...
2026-03-22 05:01:19,876 - INFO - HTTP Request: POST https://api.siliconflow.cn/v1/chat/completions "HTTP/1.1 200 OK"
2026-03-22 05:01:19,887 - ERROR - JSON解析失败 (尝试 2): Unterminated string starting at: line 60 column 28 (char 12827)
2026-03-22 05:01:24,891 - INFO - 调用硅基流动API (尝试 3/3)...
2026-03-22 05:01:51,863 - INFO - HTTP Request: POST https://api.siliconflow.cn/v1/chat/completions "HTTP/1.1 200 OK"
2026-03-22 05:01:51,867 - ERROR - JSON解析失败 (尝试 3): Invalid control character at: line 70 column 611 (char 12262)
2026-03-22 05:01:51,868 - ERROR - 任务执行失败: Invalid control character at: line 70 column 611 (char 12262)
2026-03-22 05:01:51,870 - ERROR - Traceback (most recent call last):
  File "/opt/daily_morning_vibes/auto_daily_generator.py", line 272, in main
    quotes = fetch_quotes_from_siliconflow()
  File "/opt/daily_morning_vibes/auto_daily_generator.py", line 224, in fetch_quotes_from_siliconflow
    quotes = json.loads(clean_text)
  File "/usr/local/python3/lib/python3.9/json/__init__.py", line 346, in loads
    return _default_decoder.decode(s)
  File "/usr/local/python3/lib/python3.9/json/decoder.py", line 337, in decode
    obj, end = self.raw_decode(s, idx=_w(s, 0).end())
  File "/usr/local/python3/lib/python3.9/json/decoder.py", line 353, in raw_decode
    obj, end = self.scan_once(s, idx)
json.decoder.JSONDecodeError: Invalid control character at: line 70 column 611 (char 12262)

2026-03-22 21:06:59,488 - INFO - ============================================================
2026-03-22 21:06:59,489 - INFO - 开始每日内容生成任务 - 2026-03-22 21:06:59
2026-03-22 21:06:59,489 - INFO - 目标: 5 个分类 x 3 条 = 15 条内容
2026-03-22 21:06:59,489 - INFO - 调用硅基流动API (尝试 1/3)...
2026-03-22 21:07:52,735 - INFO - HTTP Request: POST https://api.siliconflow.cn/v1/chat/completions "HTTP/1.1 200 OK"
2026-03-22 21:07:52,748 - INFO - 成功获取 15 条语录
2026-03-22 21:07:52,759 - INFO - [1/15] 处理 morning 分类...
2026-03-22 21:07:53,345 - INFO - ✓ 成功: morning - Start your day with the sunris...
2026-03-22 21:07:53,346 - INFO - [2/15] 处理 motivation 分类...
2026-03-22 21:07:53,610 - INFO - ✓ 成功: motivation - Embrace the struggle as a step...
2026-03-22 21:07:53,610 - INFO - [3/15] 处理 gratitude 分类...
2026-03-22 21:07:54,280 - INFO - ✓ 成功: gratitude - Be grateful for the small bles...
2026-03-22 21:07:54,281 - INFO - [4/15] 处理 mindfulness 分类...
2026-03-22 21:07:54,851 - INFO - ✓ 成功: mindfulness - Stay mindful of the present mo...
2026-03-22 21:07:54,851 - INFO - [5/15] 处理 positivity 分类...
2026-03-22 21:07:55,397 - INFO - ✓ 成功: positivity - Spread joy to create a ripple ...
2026-03-22 21:07:55,397 - INFO - [6/15] 处理 morning 分类...
2026-03-22 21:07:55,611 - INFO - ✓ 成功: morning - End each day with a sense of a...
2026-03-22 21:07:55,612 - INFO - [7/15] 处理 motivation 分类...
2026-03-22 21:07:56,243 - INFO - ✓ 成功: motivation - Perseverance is the key to suc...
2026-03-22 21:07:56,244 - INFO - [8/15] 处理 gratitude 分类...
2026-03-22 21:07:56,543 - INFO - ✓ 成功: gratitude - Count your blessings and feel ...
2026-03-22 21:07:56,544 - INFO - [9/15] 处理 mindfulness 分类...
2026-03-22 21:07:57,087 - INFO - ✓ 成功: mindfulness - Stay present and aware of your...
2026-03-22 21:07:57,087 - INFO - [10/15] 处理 positivity 分类...
2026-03-22 21:07:58,096 - INFO - ✓ 成功: positivity - Embrace positivity and optimis...
2026-03-22 21:07:58,096 - INFO - [11/15] 处理 morning 分类...
2026-03-22 21:07:58,648 - INFO - ✓ 成功: morning - Start each day with intention ...
2026-03-22 21:07:58,648 - INFO - [12/15] 处理 motivation 分类...
2026-03-22 21:07:59,201 - INFO - ✓ 成功: motivation - Never give up on your dreams...
2026-03-22 21:07:59,201 - INFO - [13/15] 处理 gratitude 分类...
2026-03-22 21:07:59,652 - INFO - ✓ 成功: gratitude - Be grateful for the things you...
2026-03-22 21:07:59,653 - INFO - [14/15] 处理 mindfulness 分类...
2026-03-22 21:08:00,042 - INFO - ✓ 成功: mindfulness - Stay mindful and present in yo...
2026-03-22 21:08:00,042 - INFO - [15/15] 处理 positivity 分类...
2026-03-22 21:08:00,734 - INFO - ✓ 成功: positivity - Be positive and optimistic to ...
2026-03-22 21:08:00,735 - INFO - ============================================================
2026-03-22 21:08:00,735 - INFO - 任务完成汇总:
2026-03-22 21:08:00,736 - INFO -   成功: 15 条
2026-03-22 21:08:00,736 - INFO -   失败: 0 条
2026-03-22 21:08:00,736 - INFO -   各分类统计:
2026-03-22 21:08:00,736 - INFO -     - morning: 3 条
2026-03-22 21:08:00,736 - INFO -     - motivation: 3 条
2026-03-22 21:08:00,736 - INFO -     - gratitude: 3 条
2026-03-22 21:08:00,736 - INFO -     - mindfulness: 3 条
2026-03-22 21:08:00,736 - INFO -     - positivity: 3 条
2026-03-22 21:08:00,737 - INFO -   耗时: 61.25 秒
2026-03-22 21:08:00,737 - INFO - ============================================================
