2026-04-20 05:00:03,494 - INFO - ============================================================
2026-04-20 05:00:03,495 - INFO - 开始每日内容生成任务 - 2026-04-20 05:00:03
2026-04-20 05:00:03,495 - INFO - 目标: 5 个分类 x 3 条 = 15 条内容
2026-04-20 05:00:03,495 - INFO - 调用硅基流动API (尝试 1/3)...
2026-04-20 05:00:36,041 - INFO - HTTP Request: POST https://api.siliconflow.cn/v1/chat/completions "HTTP/1.1 200 OK"
2026-04-20 05:00:36,055 - ERROR - JSON解析失败 (尝试 1): Expecting ',' delimiter: line 3 column 39 (char 46)
2026-04-20 05:00:41,059 - INFO - 调用硅基流动API (尝试 2/3)...
2026-04-20 05:02:20,981 - INFO - HTTP Request: POST https://api.siliconflow.cn/v1/chat/completions "HTTP/1.1 200 OK"
2026-04-20 05:02:20,984 - ERROR - JSON解析失败 (尝试 2): Unterminated string starting at: line 4 column 24 (char 167)
2026-04-20 05:02:25,989 - INFO - 调用硅基流动API (尝试 3/3)...
2026-04-20 05:02:56,089 - INFO - HTTP Request: POST https://api.siliconflow.cn/v1/chat/completions "HTTP/1.1 200 OK"
2026-04-20 05:02:56,092 - INFO - 成功获取 15 条语录
2026-04-20 05:02:56,103 - INFO - [1/15] 处理 morning 分类...
2026-04-20 05:02:56,499 - INFO - ✓ 成功: morning - Every sunrise paints a canvas ...
2026-04-20 05:02:56,499 - INFO - [2/15] 处理 motivation 分类...
2026-04-20 05:02:57,050 - INFO - ✓ 成功: motivation - Success is the sum of small ef...
2026-04-20 05:02:57,050 - INFO - [3/15] 处理 gratitude 分类...
2026-04-20 05:02:57,614 - INFO - ✓ 成功: gratitude - Gratitude is the sun that shin...
2026-04-20 05:02:57,614 - INFO - [4/15] 处理 mindfulness 分类...
2026-04-20 05:02:58,302 - INFO - ✓ 成功: mindfulness - Mindfulness is the art of maki...
2026-04-20 05:02:58,302 - INFO - [5/15] 处理 positivity 分类...
2026-04-20 05:02:58,769 - INFO - ✓ 成功: positivity - Let positive thinking guide yo...
2026-04-20 05:02:58,769 - INFO - [6/15] 处理 positivity 分类...
2026-04-20 05:02:59,028 - INFO - ✓ 成功: positivity - Every day is a new opportunity...
2026-04-20 05:02:59,028 - INFO - [7/15] 处理 motivation 分类...
2026-04-20 05:02:59,506 - INFO - ✓ 成功: motivation - Perseverance is the anchor tha...
2026-04-20 05:02:59,506 - INFO - [8/15] 处理 gratitude 分类...
2026-04-20 05:02:59,660 - INFO - ✓ 成功: gratitude - Gratitude turns what we have i...
2026-04-20 05:02:59,660 - INFO - [9/15] 处理 mindfulness 分类...
2026-04-20 05:03:00,381 - INFO - ✓ 成功: mindfulness - Mindfulness is the key to unlo...
2026-04-20 05:03:00,381 - INFO - [10/15] 处理 motivation 分类...
2026-04-20 05:03:00,893 - INFO - ✓ 成功: motivation - Success is a journey, not a de...
2026-04-20 05:03:00,893 - INFO - [11/15] 处理 morning 分类...
2026-04-20 05:03:01,547 - INFO - ✓ 成功: morning - Every morning is a new chapter...
2026-04-20 05:03:01,548 - INFO - [12/15] 处理 gratitude 分类...
2026-04-20 05:03:02,217 - INFO - ✓ 成功: gratitude - Gratitude is the sun that disp...
2026-04-20 05:03:02,218 - INFO - [13/15] 处理 mindfulness 分类...
2026-04-20 05:03:02,918 - INFO - ✓ 成功: mindfulness - Mindfulness is the art of livi...
2026-04-20 05:03:02,919 - INFO - [14/15] 处理 positivity 分类...
2026-04-20 05:03:03,463 - INFO - ✓ 成功: positivity - Positive thinking is the key t...
2026-04-20 05:03:03,463 - INFO - [15/15] 处理 morning 分类...
2026-04-20 05:03:03,788 - INFO - ✓ 成功: morning - Every morning is a new opportu...
2026-04-20 05:03:03,789 - INFO - ============================================================
2026-04-20 05:03:03,789 - INFO - 任务完成汇总:
2026-04-20 05:03:03,789 - INFO -   成功: 15 条
2026-04-20 05:03:03,789 - INFO -   失败: 0 条
2026-04-20 05:03:03,789 - INFO -   各分类统计:
2026-04-20 05:03:03,789 - INFO -     - morning: 3 条
2026-04-20 05:03:03,789 - INFO -     - motivation: 3 条
2026-04-20 05:03:03,789 - INFO -     - gratitude: 3 条
2026-04-20 05:03:03,789 - INFO -     - mindfulness: 3 条
2026-04-20 05:03:03,789 - INFO -     - positivity: 3 条
2026-04-20 05:03:03,789 - INFO -   耗时: 180.29 秒
2026-04-20 05:03:03,789 - INFO - ============================================================
