2026-09-20 05:00:05,243 - INFO - ============================================================
2026-09-20 05:00:05,243 - INFO - 开始每日内容生成任务 - 2026-09-20 05:00:05
2026-09-20 05:00:05,243 - INFO - 目标: 5 个分类 x 3 条 = 15 条内容
2026-09-20 05:00:05,244 - INFO - 调用硅基流动API (尝试 1/3)...
2026-09-20 05:00:52,139 - INFO - HTTP Request: POST https://api.siliconflow.cn/v1/chat/completions "HTTP/1.1 200 OK"
2026-09-20 05:00:52,153 - INFO - 成功获取 15 条语录
2026-09-20 05:00:52,169 - INFO - [1/15] 处理 morning 分类...
2026-09-20 05:00:52,530 - INFO - ✓ 成功: morning - Dawn breaks the sky, letting y...
2026-09-20 05:00:52,531 - INFO - [2/15] 处理 motivation 分类...
2026-09-20 05:00:53,231 - INFO - ✓ 成功: motivation - Perseverance is the hard work ...
2026-09-20 05:00:53,231 - INFO - [3/15] 处理 gratitude 分类...
2026-09-20 05:00:54,259 - INFO - ✓ 成功: gratitude - Gratitude is the sun that melt...
2026-09-20 05:00:54,261 - INFO - [4/15] 处理 mindfulness 分类...
2026-09-20 05:00:54,578 - INFO - ✓ 成功: mindfulness - Mindfulness is the art of bein...
2026-09-20 05:00:54,578 - INFO - [5/15] 处理 positivity 分类...
2026-09-20 05:00:55,255 - INFO - ✓ 成功: positivity - Positivity is the spark that k...
2026-09-20 05:00:55,255 - INFO - [6/15] 处理 morning 分类...
2026-09-20 05:00:55,964 - INFO - ✓ 成功: morning - A fresh start is a celebration...
2026-09-20 05:00:55,964 - INFO - [7/15] 处理 motivation 分类...
2026-09-20 05:00:56,293 - INFO - ✓ 成功: motivation - Strength lies in perseverance ...
2026-09-20 05:00:56,293 - INFO - [8/15] 处理 gratitude 分类...
2026-09-20 05:00:56,866 - INFO - ✓ 成功: gratitude - Count your blessings to keep y...
2026-09-20 05:00:56,867 - INFO - [9/15] 处理 mindfulness 分类...
2026-09-20 05:00:57,147 - INFO - ✓ 成功: mindfulness - Being present makes every mome...
2026-09-20 05:00:57,147 - INFO - [10/15] 处理 positivity 分类...
2026-09-20 05:00:57,398 - INFO - ✓ 成功: positivity - Optimism is the hope that tomo...
2026-09-20 05:00:57,398 - INFO - [11/15] 处理 morning 分类...
2026-09-20 05:00:58,103 - INFO - ✓ 成功: morning - New beginnings are whispers of...
2026-09-20 05:00:58,103 - INFO - [12/15] 处理 motivation 分类...
2026-09-20 05:00:59,052 - INFO - ✓ 成功: motivation - Perseverance is the golden key...
2026-09-20 05:00:59,052 - INFO - [13/15] 处理 gratitude 分类...
2026-09-20 05:00:59,762 - INFO - ✓ 成功: gratitude - Gratitude is the garden of our...
2026-09-20 05:00:59,762 - INFO - [14/15] 处理 mindfulness 分类...
2026-09-20 05:01:00,461 - INFO - ✓ 成功: mindfulness - Mindfulness is the whisper of ...
2026-09-20 05:01:00,463 - INFO - [15/15] 处理 positivity 分类...
2026-09-20 05:01:00,950 - INFO - ✓ 成功: positivity - Positivity is a beacon of ligh...
2026-09-20 05:01:00,950 - INFO - ============================================================
2026-09-20 05:01:00,950 - INFO - 任务完成汇总:
2026-09-20 05:01:00,950 - INFO -   成功: 15 条
2026-09-20 05:01:00,950 - INFO -   失败: 0 条
2026-09-20 05:01:00,950 - INFO -   各分类统计:
2026-09-20 05:01:00,950 - INFO -     - morning: 3 条
2026-09-20 05:01:00,950 - INFO -     - motivation: 3 条
2026-09-20 05:01:00,950 - INFO -     - gratitude: 3 条
2026-09-20 05:01:00,950 - INFO -     - mindfulness: 3 条
2026-09-20 05:01:00,950 - INFO -     - positivity: 3 条
2026-09-20 05:01:00,950 - INFO -   耗时: 55.71 秒
2026-09-20 05:01:00,951 - INFO - ============================================================
