2026-05-08 05:00:05,329 - INFO - ============================================================
2026-05-08 05:00:05,330 - INFO - 开始每日内容生成任务 - 2026-05-08 05:00:05
2026-05-08 05:00:05,330 - INFO - 目标: 5 个分类 x 3 条 = 15 条内容
2026-05-08 05:00:05,330 - INFO - 调用硅基流动API (尝试 1/3)...
2026-05-08 05:00:54,206 - INFO - HTTP Request: POST https://api.siliconflow.cn/v1/chat/completions "HTTP/1.1 200 OK"
2026-05-08 05:00:54,219 - ERROR - JSON解析失败 (尝试 1): Unterminated string starting at: line 4 column 22 (char 174)
2026-05-08 05:00:59,224 - INFO - 调用硅基流动API (尝试 2/3)...
2026-05-08 05:01:51,456 - INFO - HTTP Request: POST https://api.siliconflow.cn/v1/chat/completions "HTTP/1.1 200 OK"
2026-05-08 05:01:51,459 - ERROR - JSON解析失败 (尝试 2): Invalid control character at: line 3 column 70 (char 77)
2026-05-08 05:01:56,463 - INFO - 调用硅基流动API (尝试 3/3)...
2026-05-08 05:02:29,182 - INFO - HTTP Request: POST https://api.siliconflow.cn/v1/chat/completions "HTTP/1.1 200 OK"
2026-05-08 05:02:29,185 - INFO - 成功获取 15 条语录
2026-05-08 05:02:29,196 - INFO - [1/15] 处理 morning 分类...
2026-05-08 05:02:29,584 - INFO - ✓ 成功: morning - The sunrise isn’t just a beaut...
2026-05-08 05:02:29,585 - INFO - [2/15] 处理 motivation 分类...
2026-05-08 05:02:30,177 - INFO - ✓ 成功: motivation - Strength is not just in muscle...
2026-05-08 05:02:30,177 - INFO - [3/15] 处理 gratitude 分类...
2026-05-08 05:02:30,872 - INFO - ✓ 成功: gratitude - Counting blessings brings us c...
2026-05-08 05:02:30,874 - INFO - [4/15] 处理 mindfulness 分类...
2026-05-08 05:02:31,433 - INFO - ✓ 成功: mindfulness - Mindfulness is the art of bein...
2026-05-08 05:02:31,433 - INFO - [5/15] 处理 positivity 分类...
2026-05-08 05:02:31,647 - INFO - ✓ 成功: positivity - Positivity is the key that unl...
2026-05-08 05:02:31,647 - INFO - [6/15] 处理 morning 分类...
2026-05-08 05:02:32,364 - INFO - ✓ 成功: morning - A fresh start is an opportunit...
2026-05-08 05:02:32,365 - INFO - [7/15] 处理 motivation 分类...
2026-05-08 05:02:32,923 - INFO - ✓ 成功: motivation - Perseverance is the bridge tha...
2026-05-08 05:02:32,923 - INFO - [8/15] 处理 gratitude 分类...
2026-05-08 05:02:33,494 - INFO - ✓ 成功: gratitude - Gratitude is the mirror that r...
2026-05-08 05:02:33,494 - INFO - [9/15] 处理 mindfulness 分类...
2026-05-08 05:02:33,814 - INFO - ✓ 成功: mindfulness - Mindfulness is the act of bein...
2026-05-08 05:02:33,814 - INFO - [10/15] 处理 positivity 分类...
2026-05-08 05:02:34,404 - INFO - ✓ 成功: positivity - Positivity is the sunshine tha...
2026-05-08 05:02:34,405 - INFO - [11/15] 处理 motivation 分类...
2026-05-08 05:02:34,959 - INFO - ✓ 成功: motivation - Victory is the culmination of ...
2026-05-08 05:02:34,959 - INFO - [12/15] 处理 morning 分类...
2026-05-08 05:02:35,457 - INFO - ✓ 成功: morning - A fresh start brings the promi...
2026-05-08 05:02:35,457 - INFO - [13/15] 处理 gratitude 分类...
2026-05-08 05:02:35,951 - INFO - ✓ 成功: gratitude - Gratitude is the key to a fulf...
2026-05-08 05:02:35,952 - INFO - [14/15] 处理 mindfulness 分类...
2026-05-08 05:02:36,527 - INFO - ✓ 成功: mindfulness - Mindfulness is the anchor that...
2026-05-08 05:02:36,527 - INFO - [15/15] 处理 positivity 分类...
2026-05-08 05:02:36,798 - INFO - ✓ 成功: positivity - Positivity is the spark that i...
2026-05-08 05:02:36,799 - INFO - ============================================================
2026-05-08 05:02:36,799 - INFO - 任务完成汇总:
2026-05-08 05:02:36,799 - INFO -   成功: 15 条
2026-05-08 05:02:36,799 - INFO -   失败: 0 条
2026-05-08 05:02:36,799 - INFO -   各分类统计:
2026-05-08 05:02:36,799 - INFO -     - morning: 3 条
2026-05-08 05:02:36,799 - INFO -     - motivation: 3 条
2026-05-08 05:02:36,799 - INFO -     - gratitude: 3 条
2026-05-08 05:02:36,799 - INFO -     - mindfulness: 3 条
2026-05-08 05:02:36,799 - INFO -     - positivity: 3 条
2026-05-08 05:02:36,800 - INFO -   耗时: 151.47 秒
2026-05-08 05:02:36,800 - INFO - ============================================================
