2026-09-29 05:00:05,174 - INFO - ============================================================
2026-09-29 05:00:05,174 - INFO - 开始每日内容生成任务 - 2026-09-29 05:00:05
2026-09-29 05:00:05,174 - INFO - 目标: 5 个分类 x 3 条 = 15 条内容
2026-09-29 05:00:05,174 - INFO - 调用硅基流动API (尝试 1/3)...
2026-09-29 05:01:06,079 - INFO - HTTP Request: POST https://api.siliconflow.cn/v1/chat/completions "HTTP/1.1 200 OK"
2026-09-29 05:01:06,095 - WARNING - 获取 14 条，期望 15 条
2026-09-29 05:01:06,096 - INFO - 成功获取 14 条语录
2026-09-29 05:01:06,107 - INFO - [1/14] 处理 morning 分类...
2026-09-29 05:01:06,971 - INFO - ✓ 成功: morning - The sunrise marks the end of t...
2026-09-29 05:01:06,974 - INFO - [2/14] 处理 motivation 分类...
2026-09-29 05:01:07,670 - INFO - ✓ 成功: motivation - Start the day with strength, f...
2026-09-29 05:01:07,674 - INFO - [3/14] 处理 gratitude 分类...
2026-09-29 05:01:08,421 - INFO - ✓ 成功: gratitude - Today, before the day ends, ta...
2026-09-29 05:01:08,421 - INFO - [4/14] 处理 mindfulness 分类...
2026-09-29 05:01:08,983 - INFO - ✓ 成功: mindfulness - Mindfulness is the art of bein...
2026-09-29 05:01:08,983 - INFO - [5/14] 处理 positivity 分类...
2026-09-29 05:01:09,685 - INFO - ✓ 成功: positivity - Each day is a canvas for posit...
2026-09-29 05:01:09,687 - INFO - [6/14] 处理 morning 分类...
2026-09-29 05:01:10,306 - INFO - ✓ 成功: morning - Begin your day with a clear mi...
2026-09-29 05:01:10,306 - INFO - [7/14] 处理 motivation 分类...
2026-09-29 05:01:10,749 - INFO - ✓ 成功: motivation - Persevere through challenges, ...
2026-09-29 05:01:10,749 - INFO - [8/14] 处理 gratitude 分类...
2026-09-29 05:01:11,502 - INFO - ✓ 成功: gratitude - Count your blessings, for each...
2026-09-29 05:01:11,503 - INFO - [9/14] 处理 mindfulness 分类...
2026-09-29 05:01:11,785 - INFO - ✓ 成功: mindfulness - Mindfulness is the key to unlo...
2026-09-29 05:01:11,785 - INFO - [10/14] 处理 positivity 分类...
2026-09-29 05:01:12,523 - INFO - ✓ 成功: positivity - Positivity is contagious; spre...
2026-09-29 05:01:12,523 - INFO - [11/14] 处理 morning 分类...
2026-09-29 05:01:13,030 - INFO - ✓ 成功: morning - Start each day with a clear in...
2026-09-29 05:01:13,031 - INFO - [12/14] 处理 gratitude 分类...
2026-09-29 05:01:13,467 - INFO - ✓ 成功: gratitude - Thankfulness is the key to tra...
2026-09-29 05:01:13,467 - INFO - [13/14] 处理 mindfulness 分类...
2026-09-29 05:01:14,094 - INFO - ✓ 成功: mindfulness - Mindfulness is the art of bein...
2026-09-29 05:01:14,094 - INFO - [14/14] 处理 positivity 分类...
2026-09-29 05:01:15,036 - INFO - ✓ 成功: positivity - Positivity is a choice, and ea...
2026-09-29 05:01:15,036 - INFO - ============================================================
2026-09-29 05:01:15,036 - INFO - 任务完成汇总:
2026-09-29 05:01:15,036 - INFO -   成功: 14 条
2026-09-29 05:01:15,037 - INFO -   失败: 0 条
2026-09-29 05:01:15,037 - INFO -   各分类统计:
2026-09-29 05:01:15,037 - INFO -     - morning: 3 条
2026-09-29 05:01:15,037 - INFO -     - motivation: 2 条
2026-09-29 05:01:15,037 - INFO -     - gratitude: 3 条
2026-09-29 05:01:15,037 - INFO -     - mindfulness: 3 条
2026-09-29 05:01:15,037 - INFO -     - positivity: 3 条
2026-09-29 05:01:15,037 - INFO -   耗时: 69.86 秒
2026-09-29 05:01:15,037 - INFO - ============================================================
