2026-10-11 05:00:05,291 - INFO - ============================================================
2026-10-11 05:00:05,291 - INFO - 开始每日内容生成任务 - 2026-10-11 05:00:05
2026-10-11 05:00:05,291 - INFO - 目标: 5 个分类 x 3 条 = 15 条内容
2026-10-11 05:00:05,291 - INFO - 调用硅基流动API (尝试 1/3)...
2026-10-11 05:01:10,965 - INFO - HTTP Request: POST https://api.siliconflow.cn/v1/chat/completions "HTTP/1.1 200 OK"
2026-10-11 05:01:10,980 - INFO - 成功获取 15 条语录
2026-10-11 05:01:10,992 - INFO - [1/15] 处理 morning 分类...
2026-10-11 05:01:11,732 - INFO - ✓ 成功: morning - Dawn whispers your potential t...
2026-10-11 05:01:11,735 - INFO - [2/15] 处理 motivation 分类...
2026-10-11 05:01:11,961 - INFO - ✓ 成功: motivation - Perseverance is the quiet voic...
2026-10-11 05:01:11,961 - INFO - [3/15] 处理 gratitude 分类...
2026-10-11 05:01:12,525 - INFO - ✓ 成功: gratitude - Gratitude is the closest thing...
2026-10-11 05:01:12,527 - INFO - [4/15] 处理 mindfulness 分类...
2026-10-11 05:01:12,882 - INFO - ✓ 成功: mindfulness - Mindfulness is like standing a...
2026-10-11 05:01:12,883 - INFO - [5/15] 处理 positivity 分类...
2026-10-11 05:01:13,225 - INFO - ✓ 成功: positivity - Positive thinking is the antac...
2026-10-11 05:01:13,225 - INFO - [6/15] 处理 morning 分类...
2026-10-11 05:01:13,630 - INFO - ✓ 成功: morning - A new day is a new assignment ...
2026-10-11 05:01:13,632 - INFO - [7/15] 处理 motivation 分类...
2026-10-11 05:01:14,291 - INFO - ✓ 成功: motivation - Success is not final, failure ...
2026-10-11 05:01:14,291 - INFO - [8/15] 处理 gratitude 分类...
2026-10-11 05:01:14,922 - INFO - ✓ 成功: gratitude - Gratitude is the daily meditat...
2026-10-11 05:01:14,923 - INFO - [9/15] 处理 mindfulness 分类...
2026-10-11 05:01:15,652 - INFO - ✓ 成功: mindfulness - Mindfulness is the key to unlo...
2026-10-11 05:01:15,652 - INFO - [10/15] 处理 positivity 分类...
2026-10-11 05:01:16,100 - INFO - ✓ 成功: positivity - Positive thinking is the sunli...
2026-10-11 05:01:16,100 - INFO - [11/15] 处理 morning 分类...
2026-10-11 05:01:16,546 - INFO - ✓ 成功: morning - Each new day is a gift from li...
2026-10-11 05:01:16,546 - INFO - [12/15] 处理 motivation 分类...
2026-10-11 05:01:16,753 - INFO - ✓ 成功: motivation - The journey to success is pave...
2026-10-11 05:01:16,754 - INFO - [13/15] 处理 gratitude 分类...
2026-10-11 05:01:17,401 - INFO - ✓ 成功: gratitude - Gratitude is the catalyst that...
2026-10-11 05:01:17,401 - INFO - [14/15] 处理 mindfulness 分类...
2026-10-11 05:01:18,046 - INFO - ✓ 成功: mindfulness - Mindfulness is the art of livi...
2026-10-11 05:01:18,046 - INFO - [15/15] 处理 positivity 分类...
2026-10-11 05:01:18,578 - INFO - ✓ 成功: positivity - Positive thinking is the seed ...
2026-10-11 05:01:18,578 - INFO - ============================================================
2026-10-11 05:01:18,578 - INFO - 任务完成汇总:
2026-10-11 05:01:18,578 - INFO -   成功: 15 条
2026-10-11 05:01:18,578 - INFO -   失败: 0 条
2026-10-11 05:01:18,579 - INFO -   各分类统计:
2026-10-11 05:01:18,579 - INFO -     - morning: 3 条
2026-10-11 05:01:18,579 - INFO -     - motivation: 3 条
2026-10-11 05:01:18,579 - INFO -     - gratitude: 3 条
2026-10-11 05:01:18,579 - INFO -     - mindfulness: 3 条
2026-10-11 05:01:18,579 - INFO -     - positivity: 3 条
2026-10-11 05:01:18,579 - INFO -   耗时: 73.29 秒
2026-10-11 05:01:18,579 - INFO - ============================================================
