2026-03-30 05:00:05,483 - INFO - ============================================================
2026-03-30 05:00:05,483 - INFO - 开始每日内容生成任务 - 2026-03-30 05:00:05
2026-03-30 05:00:05,483 - INFO - 目标: 5 个分类 x 3 条 = 15 条内容
2026-03-30 05:00:05,483 - INFO - 调用硅基流动API (尝试 1/3)...
2026-03-30 05:00:49,250 - INFO - HTTP Request: POST https://api.siliconflow.cn/v1/chat/completions "HTTP/1.1 200 OK"
2026-03-30 05:00:49,264 - INFO - 成功获取 15 条语录
2026-03-30 05:00:49,278 - INFO - [1/15] 处理 morning 分类...
2026-03-30 05:00:50,110 - INFO - ✓ 成功: morning - Embrace each sunrise like a ne...
2026-03-30 05:00:50,111 - INFO - [2/15] 处理 motivation 分类...
2026-03-30 05:00:50,666 - INFO - ✓ 成功: motivation - Pursue your dreams with unwave...
2026-03-30 05:00:50,666 - INFO - [3/15] 处理 gratitude 分类...
2026-03-30 05:00:51,159 - INFO - ✓ 成功: gratitude - Count your blessings in each m...
2026-03-30 05:00:51,159 - INFO - [4/15] 处理 mindfulness 分类...
2026-03-30 05:00:51,721 - INFO - ✓ 成功: mindfulness - Be present in every moment, fo...
2026-03-30 05:00:51,722 - INFO - [5/15] 处理 positivity 分类...
2026-03-30 05:00:52,063 - INFO - ✓ 成功: positivity - Spread joy and hope with every...
2026-03-30 05:00:52,063 - INFO - [6/15] 处理 motivation 分类...
2026-03-30 05:00:52,403 - INFO - ✓ 成功: motivation - Start each day with courage, f...
2026-03-30 05:00:52,404 - INFO - [7/15] 处理 gratitude 分类...
2026-03-30 05:00:53,097 - INFO - ✓ 成功: gratitude - Gratitude is the sun that warm...
2026-03-30 05:00:53,097 - INFO - [8/15] 处理 mindfulness 分类...
2026-03-30 05:00:53,812 - INFO - ✓ 成功: mindfulness - Mindfulness is the compass tha...
2026-03-30 05:00:53,812 - INFO - [9/15] 处理 positivity 分类...
2026-03-30 05:00:54,114 - INFO - ✓ 成功: positivity - Positivity is the spark that i...
2026-03-30 05:00:54,114 - INFO - [10/15] 处理 morning 分类...
2026-03-30 05:00:54,638 - INFO - ✓ 成功: morning - In the morning, let the horizo...
2026-03-30 05:00:54,638 - INFO - [11/15] 处理 motivation 分类...
2026-03-30 05:00:54,852 - INFO - ✓ 成功: motivation - Perseverance is the key to unl...
2026-03-30 05:00:54,852 - INFO - [12/15] 处理 gratitude 分类...
2026-03-30 05:00:55,065 - INFO - ✓ 成功: gratitude - Gratitude is the key to unlock...
2026-03-30 05:00:55,065 - INFO - [13/15] 处理 mindfulness 分类...
2026-03-30 05:00:55,371 - INFO - ✓ 成功: mindfulness - Mindfulness is the key to find...
2026-03-30 05:00:55,372 - INFO - [14/15] 处理 positivity 分类...
2026-03-30 05:00:55,930 - INFO - ✓ 成功: positivity - Spread positivity like a conta...
2026-03-30 05:00:55,931 - INFO - [15/15] 处理 morning 分类...
2026-03-30 05:00:56,644 - INFO - ✓ 成功: morning - Each morning is a new beginnin...
2026-03-30 05:00:56,645 - INFO - ============================================================
2026-03-30 05:00:56,645 - INFO - 任务完成汇总:
2026-03-30 05:00:56,645 - INFO -   成功: 15 条
2026-03-30 05:00:56,645 - INFO -   失败: 0 条
2026-03-30 05:00:56,645 - INFO -   各分类统计:
2026-03-30 05:00:56,646 - INFO -     - morning: 3 条
2026-03-30 05:00:56,646 - INFO -     - motivation: 3 条
2026-03-30 05:00:56,646 - INFO -     - gratitude: 3 条
2026-03-30 05:00:56,646 - INFO -     - mindfulness: 3 条
2026-03-30 05:00:56,646 - INFO -     - positivity: 3 条
2026-03-30 05:00:56,646 - INFO -   耗时: 51.16 秒
2026-03-30 05:00:56,646 - INFO - ============================================================
