2026-04-03 05:00:05,081 - INFO - ============================================================
2026-04-03 05:00:05,081 - INFO - 开始每日内容生成任务 - 2026-04-03 05:00:05
2026-04-03 05:00:05,082 - INFO - 目标: 5 个分类 x 3 条 = 15 条内容
2026-04-03 05:00:05,082 - INFO - 调用硅基流动API (尝试 1/3)...
2026-04-03 05:00:40,567 - INFO - HTTP Request: POST https://api.siliconflow.cn/v1/chat/completions "HTTP/1.1 200 OK"
2026-04-03 05:00:40,582 - INFO - 成功获取 15 条语录
2026-04-03 05:00:40,594 - INFO - [1/15] 处理 morning 分类...
2026-04-03 05:00:41,530 - INFO - ✓ 成功: morning - Dawn never fails to whisper a ...
2026-04-03 05:00:41,530 - INFO - [2/15] 处理 motivation 分类...
2026-04-03 05:00:42,012 - INFO - ✓ 成功: motivation - Success is the result of persi...
2026-04-03 05:00:42,014 - INFO - [3/15] 处理 gratitude 分类...
2026-04-03 05:00:42,862 - INFO - ✓ 成功: gratitude - Every sunset is a reminder to ...
2026-04-03 05:00:42,862 - INFO - [4/15] 处理 mindfulness 分类...
2026-04-03 05:00:43,151 - INFO - ✓ 成功: mindfulness - Mindfulness is the art of bein...
2026-04-03 05:00:43,151 - INFO - [5/15] 处理 positivity 分类...
2026-04-03 05:00:43,574 - INFO - ✓ 成功: positivity - A positive mindset is the beac...
2026-04-03 05:00:43,574 - INFO - [6/15] 处理 morning 分类...
2026-04-03 05:00:43,991 - INFO - ✓ 成功: morning - Each day is a canvas upon whic...
2026-04-03 05:00:43,991 - INFO - [7/15] 处理 motivation 分类...
2026-04-03 05:00:44,536 - INFO - ✓ 成功: motivation - Perseverance is the key that u...
2026-04-03 05:00:44,536 - INFO - [8/15] 处理 gratitude 分类...
2026-04-03 05:00:45,051 - INFO - ✓ 成功: gratitude - Gratitude is the sunflower tha...
2026-04-03 05:00:45,052 - INFO - [9/15] 处理 mindfulness 分类...
2026-04-03 05:00:45,931 - INFO - ✓ 成功: mindfulness - Mindfulness is the flame that ...
2026-04-03 05:00:45,932 - INFO - [10/15] 处理 positivity 分类...
2026-04-03 05:00:46,188 - INFO - ✓ 成功: positivity - A positive attitude is the oxy...
2026-04-03 05:00:46,189 - INFO - [11/15] 处理 positivity 分类...
2026-04-03 05:00:46,817 - INFO - ✓ 成功: positivity - Positive thinking is the rose ...
2026-04-03 05:00:46,817 - INFO - [12/15] 处理 positivity 分类...
2026-04-03 05:00:47,438 - INFO - ✓ 成功: positivity - Every morning is a new opportu...
2026-04-03 05:00:47,438 - INFO - [13/15] 处理 gratitude 分类...
2026-04-03 05:00:48,056 - INFO - ✓ 成功: gratitude - Gratitude is the bridge that c...
2026-04-03 05:00:48,056 - INFO - [14/15] 处理 mindfulness 分类...
2026-04-03 05:00:48,492 - INFO - ✓ 成功: mindfulness - Mindfulness is the gateway to ...
2026-04-03 05:00:48,492 - INFO - [15/15] 处理 positivity 分类...
2026-04-03 05:00:48,721 - INFO - ✓ 成功: positivity - A positive perspective is the ...
2026-04-03 05:00:48,721 - INFO - ============================================================
2026-04-03 05:00:48,721 - INFO - 任务完成汇总:
2026-04-03 05:00:48,721 - INFO -   成功: 15 条
2026-04-03 05:00:48,721 - INFO -   失败: 0 条
2026-04-03 05:00:48,721 - INFO -   各分类统计:
2026-04-03 05:00:48,721 - INFO -     - morning: 2 条
2026-04-03 05:00:48,721 - INFO -     - motivation: 2 条
2026-04-03 05:00:48,721 - INFO -     - gratitude: 3 条
2026-04-03 05:00:48,721 - INFO -     - mindfulness: 3 条
2026-04-03 05:00:48,721 - INFO -     - positivity: 5 条
2026-04-03 05:00:48,721 - INFO -   耗时: 43.64 秒
2026-04-03 05:00:48,721 - INFO - ============================================================
