2026-07-14 05:00:04,927 - INFO - ============================================================
2026-07-14 05:00:04,927 - INFO - 开始每日内容生成任务 - 2026-07-14 05:00:04
2026-07-14 05:00:04,927 - INFO - 目标: 5 个分类 x 3 条 = 15 条内容
2026-07-14 05:00:04,927 - INFO - 调用硅基流动API (尝试 1/3)...
2026-07-14 05:01:57,093 - INFO - HTTP Request: POST https://api.siliconflow.cn/v1/chat/completions "HTTP/1.1 200 OK"
2026-07-14 05:01:57,105 - ERROR - JSON解析失败 (尝试 1): Expecting property name enclosed in double quotes: line 4 column 9 (char 23)
2026-07-14 05:02:02,108 - INFO - 调用硅基流动API (尝试 2/3)...
2026-07-14 05:04:05,865 - INFO - HTTP Request: POST https://api.siliconflow.cn/v1/chat/completions "HTTP/1.1 200 OK"
2026-07-14 05:04:05,868 - ERROR - JSON解析失败 (尝试 2): Expecting property name enclosed in double quotes: line 4 column 5 (char 93)
2026-07-14 05:04:10,873 - INFO - 调用硅基流动API (尝试 3/3)...
2026-07-14 05:05:26,832 - INFO - HTTP Request: POST https://api.siliconflow.cn/v1/chat/completions "HTTP/1.1 200 OK"
2026-07-14 05:05:26,836 - ERROR - JSON解析失败 (尝试 3): Unterminated string starting at: line 4 column 28 (char 148)
2026-07-14 05:05:26,836 - ERROR - 任务执行失败: Unterminated string starting at: line 4 column 28 (char 148)
2026-07-14 05:05:26,837 - ERROR - Traceback (most recent call last):
  File "/opt/daily_morning_vibes/auto_daily_generator.py", line 272, in main
    quotes = fetch_quotes_from_siliconflow()
  File "/opt/daily_morning_vibes/auto_daily_generator.py", line 224, in fetch_quotes_from_siliconflow
    quotes = json.loads(clean_text)
  File "/usr/local/python3/lib/python3.9/json/__init__.py", line 346, in loads
    return _default_decoder.decode(s)
  File "/usr/local/python3/lib/python3.9/json/decoder.py", line 337, in decode
    obj, end = self.raw_decode(s, idx=_w(s, 0).end())
  File "/usr/local/python3/lib/python3.9/json/decoder.py", line 353, in raw_decode
    obj, end = self.scan_once(s, idx)
json.decoder.JSONDecodeError: Unterminated string starting at: line 4 column 28 (char 148)

