2026-04-19 05:00:04,144 - INFO - ============================================================
2026-04-19 05:00:04,144 - INFO - 开始每日内容生成任务 - 2026-04-19 05:00:04
2026-04-19 05:00:04,144 - INFO - 目标: 5 个分类 x 3 条 = 15 条内容
2026-04-19 05:00:04,144 - INFO - 调用硅基流动API (尝试 1/3)...
2026-04-19 05:02:04,539 - INFO - HTTP Request: POST https://api.siliconflow.cn/v1/chat/completions "HTTP/1.1 200 OK"
2026-04-19 05:02:04,551 - ERROR - JSON解析失败 (尝试 1): Expecting ',' delimiter: line 3 column 115 (char 122)
2026-04-19 05:02:09,553 - INFO - 调用硅基流动API (尝试 2/3)...
2026-04-19 05:02:36,195 - INFO - HTTP Request: POST https://api.siliconflow.cn/v1/chat/completions "HTTP/1.1 200 OK"
2026-04-19 05:02:36,199 - WARNING - 获取 13 条，期望 15 条
2026-04-19 05:02:36,199 - INFO - 成功获取 13 条语录
2026-04-19 05:02:36,211 - INFO - [1/13] 处理 morning 分类...
2026-04-19 05:02:36,953 - INFO - ✓ 成功: morning - The dawn greets the darkness w...
2026-04-19 05:02:36,954 - INFO - [2/13] 处理 motivation 分类...
2026-04-19 05:02:37,219 - INFO - ✓ 成功: motivation - Success is not just about achi...
2026-04-19 05:02:37,219 - INFO - [3/13] 处理 gratitude 分类...
2026-04-19 05:02:37,896 - INFO - ✓ 成功: gratitude - Be grateful for the little thi...
2026-04-19 05:02:37,896 - INFO - [4/13] 处理 mindfulness 分类...
2026-04-19 05:02:38,461 - INFO - ✓ 成功: mindfulness - Mindfulness is the art of bein...
2026-04-19 05:02:38,461 - INFO - [5/13] 处理 positivity 分类...
2026-04-19 05:02:38,946 - INFO - ✓ 成功: positivity - Spread joy like confetti acros...
2026-04-19 05:02:38,946 - INFO - [6/13] 处理 morning 分类...
2026-04-19 05:02:39,433 - INFO - ✓ 成功: morning - The sunrise whispers a promise...
2026-04-19 05:02:39,433 - INFO - [7/13] 处理 motivation 分类...
2026-04-19 05:02:39,764 - INFO - ✓ 成功: motivation - Perseverance is the indomitabl...
2026-04-19 05:02:39,764 - INFO - [8/13] 处理 gratitude 分类...
2026-04-19 05:02:40,456 - INFO - ✓ 成功: gratitude - Count your blessings, not your...
2026-04-19 05:02:40,456 - INFO - [9/13] 处理 mindfulness 分类...
2026-04-19 05:02:40,985 - INFO - ✓ 成功: mindfulness - Being present is the key to fi...
2026-04-19 05:02:40,986 - INFO - [10/13] 处理 positivity 分类...
2026-04-19 05:02:41,153 - INFO - ✓ 成功: positivity - Positive thinking is the sunsh...
2026-04-19 05:02:41,153 - INFO - [11/13] 处理 gratitude 分类...
2026-04-19 05:02:41,852 - INFO - ✓ 成功: gratitude - Gratitude is the spice that fl...
2026-04-19 05:02:41,852 - INFO - [12/13] 处理 mindfulness 分类...
2026-04-19 05:02:42,315 - INFO - ✓ 成功: mindfulness - Mindfulness is the anchor that...
2026-04-19 05:02:42,315 - INFO - [13/13] 处理 positivity 分类...
2026-04-19 05:02:42,659 - INFO - ✓ 成功: positivity - Each sunrise is a new chance t...
2026-04-19 05:02:42,660 - INFO - ============================================================
2026-04-19 05:02:42,660 - INFO - 任务完成汇总:
2026-04-19 05:02:42,660 - INFO -   成功: 13 条
2026-04-19 05:02:42,660 - INFO -   失败: 0 条
2026-04-19 05:02:42,660 - INFO -   各分类统计:
2026-04-19 05:02:42,660 - INFO -     - morning: 2 条
2026-04-19 05:02:42,660 - INFO -     - motivation: 2 条
2026-04-19 05:02:42,660 - INFO -     - gratitude: 3 条
2026-04-19 05:02:42,660 - INFO -     - mindfulness: 3 条
2026-04-19 05:02:42,660 - INFO -     - positivity: 3 条
2026-04-19 05:02:42,660 - INFO -   耗时: 158.52 秒
2026-04-19 05:02:42,660 - INFO - ============================================================
