2026-05-03 05:00:03,739 - INFO - ============================================================
2026-05-03 05:00:03,739 - INFO - 开始每日内容生成任务 - 2026-05-03 05:00:03
2026-05-03 05:00:03,739 - INFO - 目标: 5 个分类 x 3 条 = 15 条内容
2026-05-03 05:00:03,739 - INFO - 调用硅基流动API (尝试 1/3)...
2026-05-03 05:01:53,135 - INFO - HTTP Request: POST https://api.siliconflow.cn/v1/chat/completions "HTTP/1.1 200 OK"
2026-05-03 05:01:53,148 - ERROR - JSON解析失败 (尝试 1): Unterminated string starting at: line 4 column 28 (char 144)
2026-05-03 05:01:58,150 - INFO - 调用硅基流动API (尝试 2/3)...
2026-05-03 05:03:45,509 - INFO - HTTP Request: POST https://api.siliconflow.cn/v1/chat/completions "HTTP/1.1 200 OK"
2026-05-03 05:03:45,512 - ERROR - JSON解析失败 (尝试 2): Invalid control character at: line 3 column 50 (char 57)
2026-05-03 05:03:50,517 - INFO - 调用硅基流动API (尝试 3/3)...
2026-05-03 05:04:21,972 - INFO - HTTP Request: POST https://api.siliconflow.cn/v1/chat/completions "HTTP/1.1 200 OK"
2026-05-03 05:04:21,978 - WARNING - 获取 14 条，期望 15 条
2026-05-03 05:04:21,978 - INFO - 成功获取 14 条语录
2026-05-03 05:04:21,992 - INFO - [1/14] 处理 morning 分类...
2026-05-03 05:04:22,276 - INFO - ✓ 成功: morning - The sunrise is not just a new ...
2026-05-03 05:04:22,276 - INFO - [2/14] 处理 motivation 分类...
2026-05-03 05:04:23,011 - INFO - ✓ 成功: motivation - Success is when preparation me...
2026-05-03 05:04:23,011 - INFO - [3/14] 处理 gratitude 分类...
2026-05-03 05:04:23,231 - INFO - ✓ 成功: gratitude - Gratitude is the sun that drie...
2026-05-03 05:04:23,232 - INFO - [4/14] 处理 mindfulness 分类...
2026-05-03 05:04:23,559 - INFO - ✓ 成功: mindfulness - Mindfulness is the art of bein...
2026-05-03 05:04:23,559 - INFO - [5/14] 处理 positivity 分类...
2026-05-03 05:04:24,273 - INFO - ✓ 成功: positivity - Optimism is the lymph of the s...
2026-05-03 05:04:24,276 - INFO - [6/14] 处理 morning 分类...
2026-05-03 05:04:25,185 - INFO - ✓ 成功: morning - Each morning is a fresh start,...
2026-05-03 05:04:25,185 - INFO - [7/14] 处理 motivation 分类...
2026-05-03 05:04:26,099 - INFO - ✓ 成功: motivation - Perseverance is the key to unl...
2026-05-03 05:04:26,099 - INFO - [8/14] 处理 gratitude 分类...
2026-05-03 05:04:26,655 - INFO - ✓ 成功: gratitude - Count your blessings, not your...
2026-05-03 05:04:26,655 - INFO - [9/14] 处理 mindfulness 分类...
2026-05-03 05:04:27,609 - INFO - ✓ 成功: mindfulness - Being mindful is like planting...
2026-05-03 05:04:27,609 - INFO - [10/14] 处理 positivity 分类...
2026-05-03 05:04:28,093 - INFO - ✓ 成功: positivity - Optimism is the oil that greas...
2026-05-03 05:04:28,093 - INFO - [11/14] 处理 morning 分类...
2026-05-03 05:04:28,832 - INFO - ✓ 成功: morning - A new day is a fresh opportuni...
2026-05-03 05:04:28,832 - INFO - [12/14] 处理 mindfulness 分类...
2026-05-03 05:04:29,536 - INFO - ✓ 成功: mindfulness - Mindfulness is the key to unlo...
2026-05-03 05:04:29,536 - INFO - [13/14] 处理 gratitude 分类...
2026-05-03 05:04:30,265 - INFO - ✓ 成功: gratitude - Gratitude is the workhorse of ...
2026-05-03 05:04:30,265 - INFO - [14/14] 处理 motivation 分类...
2026-05-03 05:04:30,599 - INFO - ✓ 成功: motivation - Every morning is a chance to w...
2026-05-03 05:04:30,600 - INFO - ============================================================
2026-05-03 05:04:30,600 - INFO - 任务完成汇总:
2026-05-03 05:04:30,600 - INFO -   成功: 14 条
2026-05-03 05:04:30,600 - INFO -   失败: 0 条
2026-05-03 05:04:30,600 - INFO -   各分类统计:
2026-05-03 05:04:30,600 - INFO -     - morning: 3 条
2026-05-03 05:04:30,600 - INFO -     - motivation: 3 条
2026-05-03 05:04:30,600 - INFO -     - gratitude: 3 条
2026-05-03 05:04:30,600 - INFO -     - mindfulness: 3 条
2026-05-03 05:04:30,600 - INFO -     - positivity: 2 条
2026-05-03 05:04:30,601 - INFO -   耗时: 266.86 秒
2026-05-03 05:04:30,601 - INFO - ============================================================
