2026-10-01 05:00:05,664 - INFO - ============================================================
2026-10-01 05:00:05,665 - INFO - 开始每日内容生成任务 - 2026-10-01 05:00:05
2026-10-01 05:00:05,665 - INFO - 目标: 5 个分类 x 3 条 = 15 条内容
2026-10-01 05:00:05,665 - INFO - 调用硅基流动API (尝试 1/3)...
2026-10-01 05:00:54,121 - INFO - HTTP Request: POST https://api.siliconflow.cn/v1/chat/completions "HTTP/1.1 200 OK"
2026-10-01 05:00:54,135 - WARNING - 获取 10 条，期望 15 条
2026-10-01 05:00:54,135 - INFO - 成功获取 10 条语录
2026-10-01 05:00:54,147 - INFO - [1/10] 处理 morning 分类...
2026-10-01 05:00:54,600 - INFO - ✓ 成功: morning - Embrace each morning as a new ...
2026-10-01 05:00:54,600 - INFO - [2/10] 处理 motivation 分类...
2026-10-01 05:00:55,144 - INFO - ✓ 成功: motivation - Strength is not just physical;...
2026-10-01 05:00:55,146 - INFO - [3/10] 处理 gratitude 分类...
2026-10-01 05:00:55,878 - INFO - ✓ 成功: gratitude - Gratitude isn't just about tha...
2026-10-01 05:00:55,880 - INFO - [4/10] 处理 mindfulness 分类...
2026-10-01 05:00:56,628 - INFO - ✓ 成功: mindfulness - Mindfulness is the art of bein...
2026-10-01 05:00:56,628 - INFO - [5/10] 处理 positivity 分类...
2026-10-01 05:00:57,253 - INFO - ✓ 成功: positivity - Positivity is not just about l...
2026-10-01 05:00:57,253 - INFO - [6/10] 处理 motivation 分类...
2026-10-01 05:00:57,870 - INFO - ✓ 成功: motivation - A successful life isn't about ...
2026-10-01 05:00:57,870 - INFO - [7/10] 处理 morning 分类...
2026-10-01 05:00:58,593 - INFO - ✓ 成功: morning - Each morning is a new beginnin...
2026-10-01 05:00:58,593 - INFO - [8/10] 处理 gratitude 分类...
2026-10-01 05:00:59,084 - INFO - ✓ 成功: gratitude - Gratitude is a light that illu...
2026-10-01 05:00:59,084 - INFO - [9/10] 处理 mindfulness 分类...
2026-10-01 05:00:59,597 - INFO - ✓ 成功: mindfulness - Mindfulness is the quiet momen...
2026-10-01 05:00:59,597 - INFO - [10/10] 处理 positivity 分类...
2026-10-01 05:01:00,110 - INFO - ✓ 成功: positivity - Positivity is the sunshine tha...
2026-10-01 05:01:00,110 - INFO - ============================================================
2026-10-01 05:01:00,110 - INFO - 任务完成汇总:
2026-10-01 05:01:00,110 - INFO -   成功: 10 条
2026-10-01 05:01:00,110 - INFO -   失败: 0 条
2026-10-01 05:01:00,110 - INFO -   各分类统计:
2026-10-01 05:01:00,110 - INFO -     - morning: 2 条
2026-10-01 05:01:00,110 - INFO -     - motivation: 2 条
2026-10-01 05:01:00,111 - INFO -     - gratitude: 2 条
2026-10-01 05:01:00,111 - INFO -     - mindfulness: 2 条
2026-10-01 05:01:00,111 - INFO -     - positivity: 2 条
2026-10-01 05:01:00,111 - INFO -   耗时: 54.45 秒
2026-10-01 05:01:00,111 - INFO - ============================================================
