2026-08-04 05:00:04,958 - INFO - ============================================================
2026-08-04 05:00:04,958 - INFO - 开始每日内容生成任务 - 2026-08-04 05:00:04
2026-08-04 05:00:04,958 - INFO - 目标: 5 个分类 x 3 条 = 15 条内容
2026-08-04 05:00:04,958 - INFO - 调用硅基流动API (尝试 1/3)...
2026-08-04 05:02:08,743 - INFO - HTTP Request: POST https://api.siliconflow.cn/v1/chat/completions "HTTP/1.1 200 OK"
2026-08-04 05:02:08,755 - ERROR - JSON解析失败 (尝试 1): Unterminated string starting at: line 4 column 28 (char 107)
2026-08-04 05:02:13,760 - INFO - 调用硅基流动API (尝试 2/3)...
2026-08-04 05:03:02,998 - INFO - HTTP Request: POST https://api.siliconflow.cn/v1/chat/completions "HTTP/1.1 200 OK"
2026-08-04 05:03:03,000 - ERROR - JSON解析失败 (尝试 2): Expecting property name enclosed in double quotes: line 3 column 85 (char 92)
2026-08-04 05:03:08,002 - INFO - 调用硅基流动API (尝试 3/3)...
2026-08-04 05:03:55,943 - INFO - HTTP Request: POST https://api.siliconflow.cn/v1/chat/completions "HTTP/1.1 200 OK"
2026-08-04 05:03:55,946 - ERROR - JSON解析失败 (尝试 3): Expecting property name enclosed in double quotes: line 4 column 2 (char 72)
2026-08-04 05:03:55,947 - ERROR - 任务执行失败: Expecting property name enclosed in double quotes: line 4 column 2 (char 72)
2026-08-04 05:03:55,950 - ERROR - Traceback (most recent call last):
  File "/opt/daily_morning_vibes/auto_daily_generator.py", line 272, in main
    quotes = fetch_quotes_from_siliconflow()
  File "/opt/daily_morning_vibes/auto_daily_generator.py", line 224, in fetch_quotes_from_siliconflow
    quotes = json.loads(clean_text)
  File "/usr/local/python3/lib/python3.9/json/__init__.py", line 346, in loads
    return _default_decoder.decode(s)
  File "/usr/local/python3/lib/python3.9/json/decoder.py", line 337, in decode
    obj, end = self.raw_decode(s, idx=_w(s, 0).end())
  File "/usr/local/python3/lib/python3.9/json/decoder.py", line 353, in raw_decode
    obj, end = self.scan_once(s, idx)
json.decoder.JSONDecodeError: Expecting property name enclosed in double quotes: line 4 column 2 (char 72)

