2026-10-08 05:00:05,414 - INFO - ============================================================
2026-10-08 05:00:05,414 - INFO - 开始每日内容生成任务 - 2026-10-08 05:00:05
2026-10-08 05:00:05,414 - INFO - 目标: 5 个分类 x 3 条 = 15 条内容
2026-10-08 05:00:05,414 - INFO - 调用硅基流动API (尝试 1/3)...
2026-10-08 05:00:41,566 - INFO - HTTP Request: POST https://api.siliconflow.cn/v1/chat/completions "HTTP/1.1 200 OK"
2026-10-08 05:00:41,581 - WARNING - 获取 10 条，期望 15 条
2026-10-08 05:00:41,581 - INFO - 成功获取 10 条语录
2026-10-08 05:00:41,595 - INFO - [1/10] 处理 morning 分类...
2026-10-08 05:00:42,746 - INFO - ✓ 成功: morning - Embrace the dawn with open arm...
2026-10-08 05:00:42,748 - INFO - [2/10] 处理 motivation 分类...
2026-10-08 05:00:43,097 - INFO - ✓ 成功: motivation - Persevere through the storm, f...
2026-10-08 05:00:43,098 - INFO - [3/10] 处理 gratitude 分类...
2026-10-08 05:00:44,036 - INFO - ✓ 成功: gratitude - Gratitude is the sun that illu...
2026-10-08 05:00:44,036 - INFO - [4/10] 处理 mindfulness 分类...
2026-10-08 05:00:44,612 - INFO - ✓ 成功: mindfulness - Mindfulness is the key to unlo...
2026-10-08 05:00:44,612 - INFO - [5/10] 处理 positivity 分类...
2026-10-08 05:00:45,595 - INFO - ✓ 成功: positivity - Spread joy and positivity like...
2026-10-08 05:00:45,595 - INFO - [6/10] 处理 morning 分类...
2026-10-08 05:00:45,933 - INFO - ✓ 成功: morning - Every new day is a canvas on w...
2026-10-08 05:00:45,933 - INFO - [7/10] 处理 motivation 分类...
2026-10-08 05:00:46,527 - INFO - ✓ 成功: motivation - Perseverance is the bridge tha...
2026-10-08 05:00:46,527 - INFO - [8/10] 处理 gratitude 分类...
2026-10-08 05:00:47,093 - INFO - ✓ 成功: gratitude - Count your blessings as often ...
2026-10-08 05:00:47,093 - INFO - [9/10] 处理 mindfulness 分类...
2026-10-08 05:00:47,377 - INFO - ✓ 成功: mindfulness - Living mindfully is like plant...
2026-10-08 05:00:47,378 - INFO - [10/10] 处理 positivity 分类...
2026-10-08 05:00:48,131 - INFO - ✓ 成功: positivity - Positivity is the key that unl...
2026-10-08 05:00:48,131 - INFO - ============================================================
2026-10-08 05:00:48,131 - INFO - 任务完成汇总:
2026-10-08 05:00:48,131 - INFO -   成功: 10 条
2026-10-08 05:00:48,131 - INFO -   失败: 0 条
2026-10-08 05:00:48,131 - INFO -   各分类统计:
2026-10-08 05:00:48,131 - INFO -     - morning: 2 条
2026-10-08 05:00:48,131 - INFO -     - motivation: 2 条
2026-10-08 05:00:48,131 - INFO -     - gratitude: 2 条
2026-10-08 05:00:48,131 - INFO -     - mindfulness: 2 条
2026-10-08 05:00:48,131 - INFO -     - positivity: 2 条
2026-10-08 05:00:48,131 - INFO -   耗时: 42.72 秒
2026-10-08 05:00:48,131 - INFO - ============================================================
