2026-04-27 05:00:05,550 - INFO - ============================================================
2026-04-27 05:00:05,550 - INFO - 开始每日内容生成任务 - 2026-04-27 05:00:05
2026-04-27 05:00:05,550 - INFO - 目标: 5 个分类 x 3 条 = 15 条内容
2026-04-27 05:00:05,550 - INFO - 调用硅基流动API (尝试 1/3)...
2026-04-27 05:00:35,521 - INFO - HTTP Request: POST https://api.siliconflow.cn/v1/chat/completions "HTTP/1.1 200 OK"
2026-04-27 05:00:35,536 - WARNING - 获取 13 条，期望 15 条
2026-04-27 05:00:35,536 - INFO - 成功获取 13 条语录
2026-04-27 05:00:35,549 - INFO - [1/13] 处理 morning 分类...
2026-04-27 05:00:36,164 - INFO - ✓ 成功: morning - Embrace each morning as a blan...
2026-04-27 05:00:36,164 - INFO - [2/13] 处理 motivation 分类...
2026-04-27 05:00:36,449 - INFO - ✓ 成功: motivation - Unleash the strength within yo...
2026-04-27 05:00:36,449 - INFO - [3/13] 处理 gratitude 分类...
2026-04-27 05:00:36,721 - INFO - ✓ 成功: gratitude - Take a moment to count your bl...
2026-04-27 05:00:36,722 - INFO - [4/13] 处理 mindfulness 分类...
2026-04-27 05:00:37,261 - INFO - ✓ 成功: mindfulness - Stay present and let mindfulne...
2026-04-27 05:00:37,261 - INFO - [5/13] 处理 positivity 分类...
2026-04-27 05:00:37,914 - INFO - ✓ 成功: positivity - Spread joy and hope through ev...
2026-04-27 05:00:37,914 - INFO - [6/13] 处理 gratitude 分类...
2026-04-27 05:00:38,623 - INFO - ✓ 成功: gratitude - Start each day with a mindset ...
2026-04-27 05:00:38,624 - INFO - [7/13] 处理 motivation 分类...
2026-04-27 05:00:38,958 - INFO - ✓ 成功: motivation - Harness the power of persevera...
2026-04-27 05:00:38,958 - INFO - [8/13] 处理 mindfulness 分类...
2026-04-27 05:00:39,406 - INFO - ✓ 成功: mindfulness - Find inner peace by nurturing ...
2026-04-27 05:00:39,406 - INFO - [9/13] 处理 positivity 分类...
2026-04-27 05:00:40,146 - INFO - ✓ 成功: positivity - Always approach each day with ...
2026-04-27 05:00:40,146 - INFO - [10/13] 处理 morning 分类...
2026-04-27 05:00:40,819 - INFO - ✓ 成功: morning - Find inspiration in the beauty...
2026-04-27 05:00:40,819 - INFO - [11/13] 处理 morning 分类...
2026-04-27 05:00:41,360 - INFO - ✓ 成功: morning - Every morning is a chance to r...
2026-04-27 05:00:41,361 - INFO - [12/13] 处理 mindfulness 分类...
2026-04-27 05:00:41,904 - INFO - ✓ 成功: mindfulness - Stay present and embody mindfu...
2026-04-27 05:00:41,904 - INFO - [13/13] 处理 positivity 分类...
2026-04-27 05:00:42,389 - INFO - ✓ 成功: positivity - Let positivity and optimism le...
2026-04-27 05:00:42,389 - INFO - ============================================================
2026-04-27 05:00:42,389 - INFO - 任务完成汇总:
2026-04-27 05:00:42,389 - INFO -   成功: 13 条
2026-04-27 05:00:42,389 - INFO -   失败: 0 条
2026-04-27 05:00:42,389 - INFO -   各分类统计:
2026-04-27 05:00:42,390 - INFO -     - morning: 3 条
2026-04-27 05:00:42,390 - INFO -     - motivation: 2 条
2026-04-27 05:00:42,390 - INFO -     - gratitude: 2 条
2026-04-27 05:00:42,390 - INFO -     - mindfulness: 3 条
2026-04-27 05:00:42,390 - INFO -     - positivity: 3 条
2026-04-27 05:00:42,390 - INFO -   耗时: 36.84 秒
2026-04-27 05:00:42,390 - INFO - ============================================================
