2026-04-08 05:00:05,270 - INFO - ============================================================
2026-04-08 05:00:05,270 - INFO - 开始每日内容生成任务 - 2026-04-08 05:00:05
2026-04-08 05:00:05,270 - INFO - 目标: 5 个分类 x 3 条 = 15 条内容
2026-04-08 05:00:05,271 - INFO - 调用硅基流动API (尝试 1/3)...
2026-04-08 05:01:02,124 - INFO - HTTP Request: POST https://api.siliconflow.cn/v1/chat/completions "HTTP/1.1 200 OK"
2026-04-08 05:01:02,137 - WARNING - 获取 12 条，期望 15 条
2026-04-08 05:01:02,137 - INFO - 成功获取 12 条语录
2026-04-08 05:01:02,151 - INFO - [1/12] 处理 morning 分类...
2026-04-08 05:01:02,751 - INFO - ✓ 成功: morning - Embrace the rising sun, for it...
2026-04-08 05:01:02,752 - INFO - [2/12] 处理 motivation 分类...
2026-04-08 05:01:03,227 - INFO - ✓ 成功: motivation - Strength lies in perseverance,...
2026-04-08 05:01:03,227 - INFO - [3/12] 处理 gratitude 分类...
2026-04-08 05:01:03,585 - INFO - ✓ 成功: gratitude - Gratitude transforms every cha...
2026-04-08 05:01:03,585 - INFO - [4/12] 处理 mindfulness 分类...
2026-04-08 05:01:03,987 - INFO - ✓ 成功: mindfulness - Mindfulness is the art of bein...
2026-04-08 05:01:03,987 - INFO - [5/12] 处理 positivity 分类...
2026-04-08 05:01:04,435 - INFO - ✓ 成功: positivity - A positive mindset is the sun ...
2026-04-08 05:01:04,435 - INFO - [6/12] 处理 morning 分类...
2026-04-08 05:01:05,127 - INFO - ✓ 成功: morning - Every morning is a new opportu...
2026-04-08 05:01:05,127 - INFO - [7/12] 处理 motivation 分类...
2026-04-08 05:01:05,307 - INFO - ✓ 成功: motivation - Strength in perseverance build...
2026-04-08 05:01:05,307 - INFO - [8/12] 处理 gratitude 分类...
2026-04-08 05:01:05,729 - INFO - ✓ 成功: gratitude - Count your blessings, and they...
2026-04-08 05:01:05,729 - INFO - [9/12] 处理 mindfulness 分类...
2026-04-08 05:01:05,998 - INFO - ✓ 成功: mindfulness - Be mindful, and you’ll find in...
2026-04-08 05:01:05,998 - INFO - [10/12] 处理 positivity 分类...
2026-04-08 05:01:06,216 - INFO - ✓ 成功: positivity - Positivity is the sun that bri...
2026-04-08 05:01:06,216 - INFO - [11/12] 处理 morning 分类...
2026-04-08 05:01:06,767 - INFO - ✓ 成功: morning - Every morning is a chance to s...
2026-04-08 05:01:06,767 - INFO - [12/12] 处理 mindfulness 分类...
2026-04-08 05:01:07,419 - INFO - ✓ 成功: mindfulness - Mindfulness is a shield that p...
2026-04-08 05:01:07,420 - INFO - ============================================================
2026-04-08 05:01:07,420 - INFO - 任务完成汇总:
2026-04-08 05:01:07,420 - INFO -   成功: 12 条
2026-04-08 05:01:07,420 - INFO -   失败: 0 条
2026-04-08 05:01:07,420 - INFO -   各分类统计:
2026-04-08 05:01:07,420 - INFO -     - morning: 3 条
2026-04-08 05:01:07,420 - INFO -     - motivation: 2 条
2026-04-08 05:01:07,420 - INFO -     - gratitude: 2 条
2026-04-08 05:01:07,420 - INFO -     - mindfulness: 3 条
2026-04-08 05:01:07,420 - INFO -     - positivity: 2 条
2026-04-08 05:01:07,420 - INFO -   耗时: 62.15 秒
2026-04-08 05:01:07,420 - INFO - ============================================================
