2026-05-07 05:00:04,060 - INFO - ============================================================
2026-05-07 05:00:04,060 - INFO - 开始每日内容生成任务 - 2026-05-07 05:00:04
2026-05-07 05:00:04,060 - INFO - 目标: 5 个分类 x 3 条 = 15 条内容
2026-05-07 05:00:04,060 - INFO - 调用硅基流动API (尝试 1/3)...
2026-05-07 05:00:34,463 - INFO - HTTP Request: POST https://api.siliconflow.cn/v1/chat/completions "HTTP/1.1 200 OK"
2026-05-07 05:00:34,478 - WARNING - 获取 13 条，期望 15 条
2026-05-07 05:00:34,478 - INFO - 成功获取 13 条语录
2026-05-07 05:00:34,491 - INFO - [1/13] 处理 morning 分类...
2026-05-07 05:00:35,258 - INFO - ✓ 成功: morning - Embrace the sunrise, for it’s ...
2026-05-07 05:00:35,261 - INFO - [2/13] 处理 motivation 分类...
2026-05-07 05:00:36,145 - INFO - ✓ 成功: motivation - Strength is not just about lif...
2026-05-07 05:00:36,146 - INFO - [3/13] 处理 gratitude 分类...
2026-05-07 05:00:36,481 - INFO - ✓ 成功: gratitude - Gratitude is the sunflower tha...
2026-05-07 05:00:36,482 - INFO - [4/13] 处理 mindfulness 分类...
2026-05-07 05:00:37,214 - INFO - ✓ 成功: mindfulness - Mindfulness is the art of livi...
2026-05-07 05:00:37,218 - INFO - [5/13] 处理 positivity 分类...
2026-05-07 05:00:37,807 - INFO - ✓ 成功: positivity - Positivity is the light that g...
2026-05-07 05:00:37,807 - INFO - [6/13] 处理 morning 分类...
2026-05-07 05:00:38,500 - INFO - ✓ 成功: morning - The morning is a new day, a cl...
2026-05-07 05:00:38,500 - INFO - [7/13] 处理 motivation 分类...
2026-05-07 05:00:38,838 - INFO - ✓ 成功: motivation - Perseverance is the marathon o...
2026-05-07 05:00:38,838 - INFO - [8/13] 处理 gratitude 分类...
2026-05-07 05:00:39,066 - INFO - ✓ 成功: gratitude - Gratitude is the compass that ...
2026-05-07 05:00:39,066 - INFO - [9/13] 处理 mindfulness 分类...
2026-05-07 05:00:39,794 - INFO - ✓ 成功: mindfulness - Mindfulness is the anchor that...
2026-05-07 05:00:39,794 - INFO - [10/13] 处理 positivity 分类...
2026-05-07 05:00:40,016 - INFO - ✓ 成功: positivity - Positivity is the sun that war...
2026-05-07 05:00:40,017 - INFO - [11/13] 处理 morning 分类...
2026-05-07 05:00:40,722 - INFO - ✓ 成功: morning - The morning is a gift, a new d...
2026-05-07 05:00:40,723 - INFO - [12/13] 处理 motivation 分类...
2026-05-07 05:00:41,015 - INFO - ✓ 成功: motivation - Perseverance is the unyielding...
2026-05-07 05:00:41,016 - INFO - [13/13] 处理 gratitude 分类...
2026-05-07 05:00:41,457 - INFO - ✓ 成功: gratitude - Gratitude is the garden that g...
2026-05-07 05:00:41,457 - INFO - ============================================================
2026-05-07 05:00:41,457 - INFO - 任务完成汇总:
2026-05-07 05:00:41,457 - INFO -   成功: 13 条
2026-05-07 05:00:41,457 - INFO -   失败: 0 条
2026-05-07 05:00:41,457 - INFO -   各分类统计:
2026-05-07 05:00:41,457 - INFO -     - morning: 3 条
2026-05-07 05:00:41,457 - INFO -     - motivation: 3 条
2026-05-07 05:00:41,458 - INFO -     - gratitude: 3 条
2026-05-07 05:00:41,458 - INFO -     - mindfulness: 2 条
2026-05-07 05:00:41,458 - INFO -     - positivity: 2 条
2026-05-07 05:00:41,458 - INFO -   耗时: 37.40 秒
2026-05-07 05:00:41,458 - INFO - ============================================================
