2026-07-04 05:00:05,915 - INFO - ============================================================
2026-07-04 05:00:05,915 - INFO - 开始每日内容生成任务 - 2026-07-04 05:00:05
2026-07-04 05:00:05,915 - INFO - 目标: 5 个分类 x 3 条 = 15 条内容
2026-07-04 05:00:05,915 - INFO - 调用硅基流动API (尝试 1/3)...
2026-07-04 05:01:25,089 - INFO - HTTP Request: POST https://api.siliconflow.cn/v1/chat/completions "HTTP/1.1 200 OK"
2026-07-04 05:01:25,104 - ERROR - JSON解析失败 (尝试 1): Invalid control character at: line 3 column 64 (char 71)
2026-07-04 05:01:30,108 - INFO - 调用硅基流动API (尝试 2/3)...
2026-07-04 05:02:51,470 - INFO - HTTP Request: POST https://api.siliconflow.cn/v1/chat/completions "HTTP/1.1 200 OK"
2026-07-04 05:02:51,472 - ERROR - JSON解析失败 (尝试 2): Unterminated string starting at: line 3 column 20 (char 27)
2026-07-04 05:02:56,478 - INFO - 调用硅基流动API (尝试 3/3)...
2026-07-04 05:04:12,734 - INFO - HTTP Request: POST https://api.siliconflow.cn/v1/chat/completions "HTTP/1.1 200 OK"
2026-07-04 05:04:12,736 - ERROR - JSON解析失败 (尝试 3): Expecting ':' delimiter: line 4 column 680 (char 1138)
2026-07-04 05:04:12,736 - ERROR - 任务执行失败: Expecting ':' delimiter: line 4 column 680 (char 1138)
2026-07-04 05:04:12,738 - ERROR - Traceback (most recent call last):
  File "/opt/daily_morning_vibes/auto_daily_generator.py", line 272, in main
    quotes = fetch_quotes_from_siliconflow()
  File "/opt/daily_morning_vibes/auto_daily_generator.py", line 224, in fetch_quotes_from_siliconflow
    quotes = json.loads(clean_text)
  File "/usr/local/python3/lib/python3.9/json/__init__.py", line 346, in loads
    return _default_decoder.decode(s)
  File "/usr/local/python3/lib/python3.9/json/decoder.py", line 337, in decode
    obj, end = self.raw_decode(s, idx=_w(s, 0).end())
  File "/usr/local/python3/lib/python3.9/json/decoder.py", line 353, in raw_decode
    obj, end = self.scan_once(s, idx)
json.decoder.JSONDecodeError: Expecting ':' delimiter: line 4 column 680 (char 1138)

