2026-04-21 05:00:04,693 - INFO - ============================================================
2026-04-21 05:00:04,693 - INFO - 开始每日内容生成任务 - 2026-04-21 05:00:04
2026-04-21 05:00:04,693 - INFO - 目标: 5 个分类 x 3 条 = 15 条内容
2026-04-21 05:00:04,693 - INFO - 调用硅基流动API (尝试 1/3)...
2026-04-21 05:00:36,614 - INFO - HTTP Request: POST https://api.siliconflow.cn/v1/chat/completions "HTTP/1.1 200 OK"
2026-04-21 05:00:36,631 - WARNING - 获取 10 条，期望 15 条
2026-04-21 05:00:36,631 - INFO - 成功获取 10 条语录
2026-04-21 05:00:36,642 - INFO - [1/10] 处理 morning 分类...
2026-04-21 05:00:37,029 - INFO - ✓ 成功: morning - The dawn whispers to me of unt...
2026-04-21 05:00:37,029 - INFO - [2/10] 处理 motivation 分类...
2026-04-21 05:00:37,490 - INFO - ✓ 成功: motivation - Perseverance is the bridge bet...
2026-04-21 05:00:37,490 - INFO - [3/10] 处理 gratitude 分类...
2026-04-21 05:00:37,979 - INFO - ✓ 成功: gratitude - Gratitude is the sunshine that...
2026-04-21 05:00:37,979 - INFO - [4/10] 处理 mindfulness 分类...
2026-04-21 05:00:38,206 - INFO - ✓ 成功: mindfulness - Mindfulness is the art of bein...
2026-04-21 05:00:38,206 - INFO - [5/10] 处理 positivity 分类...
2026-04-21 05:00:38,738 - INFO - ✓ 成功: positivity - Positive thinking is the fuel ...
2026-04-21 05:00:38,738 - INFO - [6/10] 处理 morning 分类...
2026-04-21 05:00:39,435 - INFO - ✓ 成功: morning - New beginnings bring with them...
2026-04-21 05:00:39,438 - INFO - [7/10] 处理 motivation 分类...
2026-04-21 05:00:40,163 - INFO - ✓ 成功: motivation - Strength lies in perseverance ...
2026-04-21 05:00:40,164 - INFO - [8/10] 处理 gratitude 分类...
2026-04-21 05:00:41,057 - INFO - ✓ 成功: gratitude - Appreciate every blessing in y...
2026-04-21 05:00:41,057 - INFO - [9/10] 处理 mindfulness 分类...
2026-04-21 05:00:41,328 - INFO - ✓ 成功: mindfulness - Awareness is the key to mindfu...
2026-04-21 05:00:41,328 - INFO - [10/10] 处理 positivity 分类...
2026-04-21 05:00:42,031 - INFO - ✓ 成功: positivity - Spread joy and hope, for they ...
2026-04-21 05:00:42,031 - INFO - ============================================================
2026-04-21 05:00:42,031 - INFO - 任务完成汇总:
2026-04-21 05:00:42,031 - INFO -   成功: 10 条
2026-04-21 05:00:42,032 - INFO -   失败: 0 条
2026-04-21 05:00:42,032 - INFO -   各分类统计:
2026-04-21 05:00:42,032 - INFO -     - morning: 2 条
2026-04-21 05:00:42,032 - INFO -     - motivation: 2 条
2026-04-21 05:00:42,032 - INFO -     - gratitude: 2 条
2026-04-21 05:00:42,032 - INFO -     - mindfulness: 2 条
2026-04-21 05:00:42,032 - INFO -     - positivity: 2 条
2026-04-21 05:00:42,032 - INFO -   耗时: 37.34 秒
2026-04-21 05:00:42,032 - INFO - ============================================================
