2026-07-22 05:00:03,854 - INFO - ============================================================
2026-07-22 05:00:03,854 - INFO - 开始每日内容生成任务 - 2026-07-22 05:00:03
2026-07-22 05:00:03,854 - INFO - 目标: 5 个分类 x 3 条 = 15 条内容
2026-07-22 05:00:03,854 - INFO - 调用硅基流动API (尝试 1/3)...
2026-07-22 05:01:47,979 - INFO - HTTP Request: POST https://api.siliconflow.cn/v1/chat/completions "HTTP/1.1 200 OK"
2026-07-22 05:01:47,993 - ERROR - JSON解析失败 (尝试 1): Expecting property name enclosed in double quotes: line 9 column 9 (char 1142)
2026-07-22 05:01:52,997 - INFO - 调用硅基流动API (尝试 2/3)...
2026-07-22 05:03:17,234 - INFO - HTTP Request: POST https://api.siliconflow.cn/v1/chat/completions "HTTP/1.1 200 OK"
2026-07-22 05:03:17,236 - ERROR - JSON解析失败 (尝试 2): Expecting ',' delimiter: line 4 column 58 (char 147)
2026-07-22 05:03:22,241 - INFO - 调用硅基流动API (尝试 3/3)...
2026-07-22 05:03:41,405 - INFO - HTTP Request: POST https://api.siliconflow.cn/v1/chat/completions "HTTP/1.1 200 OK"
2026-07-22 05:03:41,406 - ERROR - JSON解析失败 (尝试 3): Expecting ',' delimiter: line 6 column 3 (char 654)
2026-07-22 05:03:41,406 - ERROR - 任务执行失败: Expecting ',' delimiter: line 6 column 3 (char 654)
2026-07-22 05:03:41,407 - ERROR - Traceback (most recent call last):
  File "/opt/daily_morning_vibes/auto_daily_generator.py", line 272, in main
    quotes = fetch_quotes_from_siliconflow()
  File "/opt/daily_morning_vibes/auto_daily_generator.py", line 224, in fetch_quotes_from_siliconflow
    quotes = json.loads(clean_text)
  File "/usr/local/python3/lib/python3.9/json/__init__.py", line 346, in loads
    return _default_decoder.decode(s)
  File "/usr/local/python3/lib/python3.9/json/decoder.py", line 337, in decode
    obj, end = self.raw_decode(s, idx=_w(s, 0).end())
  File "/usr/local/python3/lib/python3.9/json/decoder.py", line 353, in raw_decode
    obj, end = self.scan_once(s, idx)
json.decoder.JSONDecodeError: Expecting ',' delimiter: line 6 column 3 (char 654)

