2026-04-01 05:00:03,193 - INFO - ============================================================
2026-04-01 05:00:03,193 - INFO - 开始每日内容生成任务 - 2026-04-01 05:00:03
2026-04-01 05:00:03,194 - INFO - 目标: 5 个分类 x 3 条 = 15 条内容
2026-04-01 05:00:03,194 - INFO - 调用硅基流动API (尝试 1/3)...
2026-04-01 05:00:29,885 - INFO - HTTP Request: POST https://api.siliconflow.cn/v1/chat/completions "HTTP/1.1 200 OK"
2026-04-01 05:00:29,899 - WARNING - 获取 12 条，期望 15 条
2026-04-01 05:00:29,899 - INFO - 成功获取 12 条语录
2026-04-01 05:00:29,911 - INFO - [1/12] 处理 morning 分类...
2026-04-01 05:00:30,496 - INFO - ✓ 成功: morning - Embrace the dawn like a quiet ...
2026-04-01 05:00:30,497 - INFO - [2/12] 处理 motivation 分类...
2026-04-01 05:00:31,013 - INFO - ✓ 成功: motivation - Let your strength be the bridg...
2026-04-01 05:00:31,014 - INFO - [3/12] 处理 gratitude 分类...
2026-04-01 05:00:31,353 - INFO - ✓ 成功: gratitude - Find joy in the little things,...
2026-04-01 05:00:31,354 - INFO - [4/12] 处理 mindfulness 分类...
2026-04-01 05:00:31,641 - INFO - ✓ 成功: mindfulness - Stay present in the moments, w...
2026-04-01 05:00:31,641 - INFO - [5/12] 处理 positivity 分类...
2026-04-01 05:00:32,206 - INFO - ✓ 成功: positivity - Spread joy like the morning li...
2026-04-01 05:00:32,206 - INFO - [6/12] 处理 mindfulness 分类...
2026-04-01 05:00:32,737 - INFO - ✓ 成功: mindfulness - Carve out a moment for stillne...
2026-04-01 05:00:32,737 - INFO - [7/12] 处理 positivity 分类...
2026-04-01 05:00:33,079 - INFO - ✓ 成功: positivity - Reflect on the journey, not ju...
2026-04-01 05:00:33,080 - INFO - [8/12] 处理 morning 分类...
2026-04-01 05:00:33,720 - INFO - ✓ 成功: morning - Embrace change like the sun em...
2026-04-01 05:00:33,720 - INFO - [9/12] 处理 motivation 分类...
2026-04-01 05:00:34,011 - INFO - ✓ 成功: motivation - Stay resilient like a bamboo, ...
2026-04-01 05:00:34,011 - INFO - [10/12] 处理 gratitude 分类...
2026-04-01 05:00:34,684 - INFO - ✓ 成功: gratitude - Count your blessings every day...
2026-04-01 05:00:34,684 - INFO - [11/12] 处理 mindfulness 分类...
2026-04-01 05:00:35,007 - INFO - ✓ 成功: mindfulness - Be in the present, where every...
2026-04-01 05:00:35,007 - INFO - [12/12] 处理 positivity 分类...
2026-04-01 05:00:35,220 - INFO - ✓ 成功: positivity - Let optimism be the light that...
2026-04-01 05:00:35,220 - INFO - ============================================================
2026-04-01 05:00:35,220 - INFO - 任务完成汇总:
2026-04-01 05:00:35,221 - INFO -   成功: 12 条
2026-04-01 05:00:35,221 - INFO -   失败: 0 条
2026-04-01 05:00:35,221 - INFO -   各分类统计:
2026-04-01 05:00:35,221 - INFO -     - morning: 2 条
2026-04-01 05:00:35,221 - INFO -     - motivation: 2 条
2026-04-01 05:00:35,221 - INFO -     - gratitude: 2 条
2026-04-01 05:00:35,221 - INFO -     - mindfulness: 3 条
2026-04-01 05:00:35,221 - INFO -     - positivity: 3 条
2026-04-01 05:00:35,221 - INFO -   耗时: 32.03 秒
2026-04-01 05:00:35,221 - INFO - ============================================================
