2026-09-17 05:00:05,453 - INFO - ============================================================
2026-09-17 05:00:05,454 - INFO - 开始每日内容生成任务 - 2026-09-17 05:00:05
2026-09-17 05:00:05,454 - INFO - 目标: 5 个分类 x 3 条 = 15 条内容
2026-09-17 05:00:05,454 - INFO - 调用硅基流动API (尝试 1/3)...
2026-09-17 05:00:49,195 - INFO - HTTP Request: POST https://api.siliconflow.cn/v1/chat/completions "HTTP/1.1 200 OK"
2026-09-17 05:00:49,209 - INFO - 成功获取 15 条语录
2026-09-17 05:00:49,220 - INFO - [1/15] 处理 morning 分类...
2026-09-17 05:00:49,515 - INFO - ✓ 成功: morning - As the dawn breaks on the hori...
2026-09-17 05:00:49,516 - INFO - [2/15] 处理 motivation 分类...
2026-09-17 05:00:49,745 - INFO - ✓ 成功: motivation - Strength lies in persistence, ...
2026-09-17 05:00:49,745 - INFO - [3/15] 处理 gratitude 分类...
2026-09-17 05:00:50,505 - INFO - ✓ 成功: gratitude - Remember to count your blessin...
2026-09-17 05:00:50,508 - INFO - [4/15] 处理 mindfulness 分类...
2026-09-17 05:00:51,470 - INFO - ✓ 成功: mindfulness - Mindfulness is the art of bein...
2026-09-17 05:00:51,471 - INFO - [5/15] 处理 positivity 分类...
2026-09-17 05:00:52,080 - INFO - ✓ 成功: positivity - Spread joy and hope with every...
2026-09-17 05:00:52,080 - INFO - [6/15] 处理 morning 分类...
2026-09-17 05:00:52,759 - INFO - ✓ 成功: morning - As the sun rises, so does the ...
2026-09-17 05:00:52,760 - INFO - [7/15] 处理 motivation 分类...
2026-09-17 05:00:53,047 - INFO - ✓ 成功: motivation - Perseverance is the key to unl...
2026-09-17 05:00:53,048 - INFO - [8/15] 处理 gratitude 分类...
2026-09-17 05:00:53,224 - INFO - ✓ 成功: gratitude - Gratitude is the sun that warm...
2026-09-17 05:00:53,224 - INFO - [9/15] 处理 mindfulness 分类...
2026-09-17 05:00:53,508 - INFO - ✓ 成功: mindfulness - Being mindful means being pres...
2026-09-17 05:00:53,508 - INFO - [10/15] 处理 positivity 分类...
2026-09-17 05:00:53,951 - INFO - ✓ 成功: positivity - Positive thinking can turn eve...
2026-09-17 05:00:53,952 - INFO - [11/15] 处理 morning 分类...
2026-09-17 05:00:54,114 - INFO - ✓ 成功: morning - The morning sun can be your gu...
2026-09-17 05:00:54,114 - INFO - [12/15] 处理 motivation 分类...
2026-09-17 05:00:54,802 - INFO - ✓ 成功: motivation - Perseverance is the fuel that ...
2026-09-17 05:00:54,802 - INFO - [13/15] 处理 gratitude 分类...
2026-09-17 05:00:55,095 - INFO - ✓ 成功: gratitude - Gratitude is the key that unlo...
2026-09-17 05:00:55,096 - INFO - [14/15] 处理 mindfulness 分类...
2026-09-17 05:00:55,772 - INFO - ✓ 成功: mindfulness - Mindfulness is the bridge that...
2026-09-17 05:00:55,773 - INFO - [15/15] 处理 positivity 分类...
2026-09-17 05:00:56,320 - INFO - ✓ 成功: positivity - Positive thinking is the sunsh...
2026-09-17 05:00:56,320 - INFO - ============================================================
2026-09-17 05:00:56,320 - INFO - 任务完成汇总:
2026-09-17 05:00:56,320 - INFO -   成功: 15 条
2026-09-17 05:00:56,320 - INFO -   失败: 0 条
2026-09-17 05:00:56,320 - INFO -   各分类统计:
2026-09-17 05:00:56,320 - INFO -     - morning: 3 条
2026-09-17 05:00:56,320 - INFO -     - motivation: 3 条
2026-09-17 05:00:56,320 - INFO -     - gratitude: 3 条
2026-09-17 05:00:56,320 - INFO -     - mindfulness: 3 条
2026-09-17 05:00:56,320 - INFO -     - positivity: 3 条
2026-09-17 05:00:56,320 - INFO -   耗时: 50.87 秒
2026-09-17 05:00:56,321 - INFO - ============================================================
