2026-03-31 05:00:05,376 - INFO - ============================================================
2026-03-31 05:00:05,377 - INFO - 开始每日内容生成任务 - 2026-03-31 05:00:05
2026-03-31 05:00:05,377 - INFO - 目标: 5 个分类 x 3 条 = 15 条内容
2026-03-31 05:00:05,377 - INFO - 调用硅基流动API (尝试 1/3)...
2026-03-31 05:00:57,849 - INFO - HTTP Request: POST https://api.siliconflow.cn/v1/chat/completions "HTTP/1.1 200 OK"
2026-03-31 05:00:57,864 - INFO - 成功获取 15 条语录
2026-03-31 05:00:57,878 - INFO - [1/15] 处理 morning 分类...
2026-03-31 05:00:58,766 - INFO - ✓ 成功: morning - Dawn whispers 'You are stronge...
2026-03-31 05:00:58,767 - INFO - [2/15] 处理 motivation 分类...
2026-03-31 05:00:59,090 - INFO - ✓ 成功: motivation - Success is writing your own en...
2026-03-31 05:00:59,090 - INFO - [3/15] 处理 gratitude 分类...
2026-03-31 05:00:59,816 - INFO - ✓ 成功: gratitude - Count your blessings, not your...
2026-03-31 05:00:59,816 - INFO - [4/15] 处理 mindfulness 分类...
2026-03-31 05:01:00,456 - INFO - ✓ 成功: mindfulness - Mindfulness is the art of livi...
2026-03-31 05:01:00,456 - INFO - [5/15] 处理 positivity 分类...
2026-03-31 05:01:00,787 - INFO - ✓ 成功: positivity - Spread joy, for it is contagio...
2026-03-31 05:01:00,787 - INFO - [6/15] 处理 morning 分类...
2026-03-31 05:01:01,102 - INFO - ✓ 成功: morning - Start the day with a sense of ...
2026-03-31 05:01:01,103 - INFO - [7/15] 处理 motivation 分类...
2026-03-31 05:01:01,750 - INFO - ✓ 成功: motivation - Persist with perseverance, and...
2026-03-31 05:01:01,750 - INFO - [8/15] 处理 gratitude 分类...
2026-03-31 05:01:02,385 - INFO - ✓ 成功: gratitude - Be thankful for the blessings ...
2026-03-31 05:01:02,386 - INFO - [9/15] 处理 mindfulness 分类...
2026-03-31 05:01:02,617 - INFO - ✓ 成功: mindfulness - Stay present and let go of the...
2026-03-31 05:01:02,617 - INFO - [10/15] 处理 positivity 分类...
2026-03-31 05:01:03,180 - INFO - ✓ 成功: positivity - Choose to be positive, and pos...
2026-03-31 05:01:03,180 - INFO - [11/15] 处理 morning 分类...
2026-03-31 05:01:03,886 - INFO - ✓ 成功: morning - Always start the day with a sm...
2026-03-31 05:01:03,886 - INFO - [12/15] 处理 motivation 分类...
2026-03-31 05:01:04,427 - INFO - ✓ 成功: motivation - Sacrifice your ego for a great...
2026-03-31 05:01:04,428 - INFO - [13/15] 处理 gratitude 分类...
2026-03-31 05:01:04,792 - INFO - ✓ 成功: gratitude - Give thanks for the challenges...
2026-03-31 05:01:04,792 - INFO - [14/15] 处理 mindfulness 分类...
2026-03-31 05:01:05,438 - INFO - ✓ 成功: mindfulness - Live each moment fully, for it...
2026-03-31 05:01:05,439 - INFO - [15/15] 处理 positivity 分类...
2026-03-31 05:01:05,974 - INFO - ✓ 成功: positivity - Celebrate your victories, no m...
2026-03-31 05:01:05,974 - INFO - ============================================================
2026-03-31 05:01:05,974 - INFO - 任务完成汇总:
2026-03-31 05:01:05,974 - INFO -   成功: 15 条
2026-03-31 05:01:05,975 - INFO -   失败: 0 条
2026-03-31 05:01:05,975 - INFO -   各分类统计:
2026-03-31 05:01:05,975 - INFO -     - morning: 3 条
2026-03-31 05:01:05,975 - INFO -     - motivation: 3 条
2026-03-31 05:01:05,975 - INFO -     - gratitude: 3 条
2026-03-31 05:01:05,975 - INFO -     - mindfulness: 3 条
2026-03-31 05:01:05,975 - INFO -     - positivity: 3 条
2026-03-31 05:01:05,975 - INFO -   耗时: 60.60 秒
2026-03-31 05:01:05,975 - INFO - ============================================================
