2026-07-08 05:00:06,082 - INFO - ============================================================
2026-07-08 05:00:06,083 - INFO - 开始每日内容生成任务 - 2026-07-08 05:00:06
2026-07-08 05:00:06,083 - INFO - 目标: 5 个分类 x 3 条 = 15 条内容
2026-07-08 05:00:06,083 - INFO - 调用硅基流动API (尝试 1/3)...
2026-07-08 05:02:13,629 - INFO - HTTP Request: POST https://api.siliconflow.cn/v1/chat/completions "HTTP/1.1 200 OK"
2026-07-08 05:02:13,643 - ERROR - JSON解析失败 (尝试 1): Expecting ',' delimiter: line 3 column 51 (char 58)
2026-07-08 05:02:18,644 - INFO - 调用硅基流动API (尝试 2/3)...
2026-07-08 05:03:16,178 - INFO - HTTP Request: POST https://api.siliconflow.cn/v1/chat/completions "HTTP/1.1 200 OK"
2026-07-08 05:03:16,181 - ERROR - JSON解析失败 (尝试 2): Expecting value: line 4 column 23 (char 94)
2026-07-08 05:03:21,185 - INFO - 调用硅基流动API (尝试 3/3)...
2026-07-08 05:04:42,560 - INFO - HTTP Request: POST https://api.siliconflow.cn/v1/chat/completions "HTTP/1.1 200 OK"
2026-07-08 05:04:42,562 - ERROR - JSON解析失败 (尝试 3): Unterminated string starting at: line 4 column 28 (char 183)
2026-07-08 05:04:42,563 - ERROR - 任务执行失败: Unterminated string starting at: line 4 column 28 (char 183)
2026-07-08 05:04:42,565 - ERROR - Traceback (most recent call last):
  File "/opt/daily_morning_vibes/auto_daily_generator.py", line 272, in main
    quotes = fetch_quotes_from_siliconflow()
  File "/opt/daily_morning_vibes/auto_daily_generator.py", line 224, in fetch_quotes_from_siliconflow
    quotes = json.loads(clean_text)
  File "/usr/local/python3/lib/python3.9/json/__init__.py", line 346, in loads
    return _default_decoder.decode(s)
  File "/usr/local/python3/lib/python3.9/json/decoder.py", line 337, in decode
    obj, end = self.raw_decode(s, idx=_w(s, 0).end())
  File "/usr/local/python3/lib/python3.9/json/decoder.py", line 353, in raw_decode
    obj, end = self.scan_once(s, idx)
json.decoder.JSONDecodeError: Unterminated string starting at: line 4 column 28 (char 183)

