2026-09-28 05:00:05,774 - INFO - ============================================================
2026-09-28 05:00:05,774 - INFO - 开始每日内容生成任务 - 2026-09-28 05:00:05
2026-09-28 05:00:05,774 - INFO - 目标: 5 个分类 x 3 条 = 15 条内容
2026-09-28 05:00:05,774 - INFO - 调用硅基流动API (尝试 1/3)...
2026-09-28 05:01:13,903 - INFO - HTTP Request: POST https://api.siliconflow.cn/v1/chat/completions "HTTP/1.1 200 OK"
2026-09-28 05:01:13,919 - ERROR - JSON解析失败 (尝试 1): Unterminated string starting at: line 66 column 20 (char 14657)
2026-09-28 05:01:18,923 - INFO - 调用硅基流动API (尝试 2/3)...
2026-09-28 05:02:21,105 - INFO - HTTP Request: POST https://api.siliconflow.cn/v1/chat/completions "HTTP/1.1 200 OK"
2026-09-28 05:02:21,109 - INFO - 成功获取 15 条语录
2026-09-28 05:02:21,123 - INFO - [1/15] 处理 morning 分类...
2026-09-28 05:02:21,826 - INFO - ✓ 成功: morning - Dawn whispers the promise of a...
2026-09-28 05:02:21,827 - INFO - [2/15] 处理 motivation 分类...
2026-09-28 05:02:22,289 - INFO - ✓ 成功: motivation - Strength is not just the absen...
2026-09-28 05:02:22,289 - INFO - [3/15] 处理 gratitude 分类...
2026-09-28 05:02:22,634 - INFO - ✓ 成功: gratitude - Count your blessings, for they...
2026-09-28 05:02:22,634 - INFO - [4/15] 处理 mindfulness 分类...
2026-09-28 05:02:22,995 - INFO - ✓ 成功: mindfulness - Mindfulness is the art of bein...
2026-09-28 05:02:22,995 - INFO - [5/15] 处理 positivity 分类...
2026-09-28 05:02:23,483 - INFO - ✓ 成功: positivity - Positive thinking is the choic...
2026-09-28 05:02:23,488 - INFO - [6/15] 处理 morning 分类...
2026-09-28 05:02:23,657 - INFO - ✓ 成功: morning - A fresh start is the opportuni...
2026-09-28 05:02:23,657 - INFO - [7/15] 处理 motivation 分类...
2026-09-28 05:02:24,229 - INFO - ✓ 成功: motivation - Perseverance is the indomitabl...
2026-09-28 05:02:24,229 - INFO - [8/15] 处理 gratitude 分类...
2026-09-28 05:02:24,454 - INFO - ✓ 成功: gratitude - Thankfulness is the act of rec...
2026-09-28 05:02:24,454 - INFO - [9/15] 处理 mindfulness 分类...
2026-09-28 05:02:25,217 - INFO - ✓ 成功: mindfulness - Mindfulness is the art of paus...
2026-09-28 05:02:25,217 - INFO - [10/15] 处理 positivity 分类...
2026-09-28 05:02:25,792 - INFO - ✓ 成功: positivity - Positive thinking is the choic...
2026-09-28 05:02:25,792 - INFO - [11/15] 处理 morning 分类...
2026-09-28 05:02:26,235 - INFO - ✓ 成功: morning - Each new day is a chance to st...
2026-09-28 05:02:26,235 - INFO - [12/15] 处理 motivation 分类...
2026-09-28 05:02:26,671 - INFO - ✓ 成功: motivation - Strength is not just about ove...
2026-09-28 05:02:26,672 - INFO - [13/15] 处理 gratitude 分类...
2026-09-28 05:02:27,388 - INFO - ✓ 成功: gratitude - Gratitude is the key to findin...
2026-09-28 05:02:27,388 - INFO - [14/15] 处理 mindfulness 分类...
2026-09-28 05:02:27,725 - INFO - ✓ 成功: mindfulness - Mindfulness is the practice of...
2026-09-28 05:02:27,725 - INFO - [15/15] 处理 positivity 分类...
2026-09-28 05:02:28,296 - INFO - ✓ 成功: positivity - Positive thinking is the belie...
2026-09-28 05:02:28,296 - INFO - ============================================================
2026-09-28 05:02:28,296 - INFO - 任务完成汇总:
2026-09-28 05:02:28,297 - INFO -   成功: 15 条
2026-09-28 05:02:28,297 - INFO -   失败: 0 条
2026-09-28 05:02:28,297 - INFO -   各分类统计:
2026-09-28 05:02:28,297 - INFO -     - morning: 3 条
2026-09-28 05:02:28,297 - INFO -     - motivation: 3 条
2026-09-28 05:02:28,297 - INFO -     - gratitude: 3 条
2026-09-28 05:02:28,297 - INFO -     - mindfulness: 3 条
2026-09-28 05:02:28,297 - INFO -     - positivity: 3 条
2026-09-28 05:02:28,297 - INFO -   耗时: 142.52 秒
2026-09-28 05:02:28,297 - INFO - ============================================================
