2026-05-12 05:00:05,862 - INFO - ============================================================
2026-05-12 05:00:05,862 - INFO - 开始每日内容生成任务 - 2026-05-12 05:00:05
2026-05-12 05:00:05,862 - INFO - 目标: 5 个分类 x 3 条 = 15 条内容
2026-05-12 05:00:05,862 - INFO - 调用硅基流动API (尝试 1/3)...
2026-05-12 05:00:42,186 - INFO - HTTP Request: POST https://api.siliconflow.cn/v1/chat/completions "HTTP/1.1 200 OK"
2026-05-12 05:00:42,202 - INFO - 成功获取 15 条语录
2026-05-12 05:00:42,218 - INFO - [1/15] 处理 morning 分类...
2026-05-12 05:00:42,614 - INFO - ✓ 成功: morning - The sunrise is a new canvas, w...
2026-05-12 05:00:42,614 - INFO - [2/15] 处理 motivation 分类...
2026-05-12 05:00:43,175 - INFO - ✓ 成功: motivation - Perseverance is the fire that ...
2026-05-12 05:00:43,175 - INFO - [3/15] 处理 gratitude 分类...
2026-05-12 05:00:44,067 - INFO - ✓ 成功: gratitude - Gratitude is the key that unlo...
2026-05-12 05:00:44,067 - INFO - [4/15] 处理 mindfulness 分类...
2026-05-12 05:00:44,249 - INFO - ✓ 成功: mindfulness - Mindfulness is the art of step...
2026-05-12 05:00:44,249 - INFO - [5/15] 处理 positivity 分类...
2026-05-12 05:00:44,784 - INFO - ✓ 成功: positivity - Positivity is the sunshine tha...
2026-05-12 05:00:44,784 - INFO - [6/15] 处理 morning 分类...
2026-05-12 05:00:45,513 - INFO - ✓ 成功: morning - The sunrise is a new chapter, ...
2026-05-12 05:00:45,513 - INFO - [7/15] 处理 motivation 分类...
2026-05-12 05:00:46,099 - INFO - ✓ 成功: motivation - Perseverance is the invisible ...
2026-05-12 05:00:46,099 - INFO - [8/15] 处理 gratitude 分类...
2026-05-12 05:00:46,679 - INFO - ✓ 成功: gratitude - Gratitude is the lens through ...
2026-05-12 05:00:46,679 - INFO - [9/15] 处理 mindfulness 分类...
2026-05-12 05:00:47,133 - INFO - ✓ 成功: mindfulness - Mindfulness is the language of...
2026-05-12 05:00:47,133 - INFO - [10/15] 处理 positivity 分类...
2026-05-12 05:00:47,722 - INFO - ✓ 成功: positivity - Positivity is the canvas upon ...
2026-05-12 05:00:47,723 - INFO - [11/15] 处理 morning 分类...
2026-05-12 05:00:48,482 - INFO - ✓ 成功: morning - The sunrise is a gentle hand, ...
2026-05-12 05:00:48,482 - INFO - [12/15] 处理 motivation 分类...
2026-05-12 05:00:49,080 - INFO - ✓ 成功: motivation - Perseverance is the key that u...
2026-05-12 05:00:49,081 - INFO - [13/15] 处理 gratitude 分类...
2026-05-12 05:00:49,432 - INFO - ✓ 成功: gratitude - Gratitude is the garden we cul...
2026-05-12 05:00:49,433 - INFO - [14/15] 处理 mindfulness 分类...
2026-05-12 05:00:49,766 - INFO - ✓ 成功: mindfulness - Mindfulness is the pathway to ...
2026-05-12 05:00:49,767 - INFO - [15/15] 处理 positivity 分类...
2026-05-12 05:00:50,245 - INFO - ✓ 成功: positivity - Positivity is the light that s...
2026-05-12 05:00:50,246 - INFO - ============================================================
2026-05-12 05:00:50,246 - INFO - 任务完成汇总:
2026-05-12 05:00:50,246 - INFO -   成功: 15 条
2026-05-12 05:00:50,246 - INFO -   失败: 0 条
2026-05-12 05:00:50,246 - INFO -   各分类统计:
2026-05-12 05:00:50,246 - INFO -     - morning: 3 条
2026-05-12 05:00:50,246 - INFO -     - motivation: 3 条
2026-05-12 05:00:50,246 - INFO -     - gratitude: 3 条
2026-05-12 05:00:50,246 - INFO -     - mindfulness: 3 条
2026-05-12 05:00:50,246 - INFO -     - positivity: 3 条
2026-05-12 05:00:50,246 - INFO -   耗时: 44.38 秒
2026-05-12 05:00:50,246 - INFO - ============================================================
