2026-04-28 05:00:04,061 - INFO - ============================================================
2026-04-28 05:00:04,061 - INFO - 开始每日内容生成任务 - 2026-04-28 05:00:04
2026-04-28 05:00:04,061 - INFO - 目标: 5 个分类 x 3 条 = 15 条内容
2026-04-28 05:00:04,061 - INFO - 调用硅基流动API (尝试 1/3)...
2026-04-28 05:00:37,179 - INFO - HTTP Request: POST https://api.siliconflow.cn/v1/chat/completions "HTTP/1.1 200 OK"
2026-04-28 05:00:37,194 - INFO - 成功获取 15 条语录
2026-04-28 05:00:37,209 - INFO - [1/15] 处理 morning 分类...
2026-04-28 05:00:37,541 - INFO - ✓ 成功: morning - Every morning is a fresh invit...
2026-04-28 05:00:37,542 - INFO - [2/15] 处理 motivation 分类...
2026-04-28 05:00:38,272 - INFO - ✓ 成功: motivation - Strength does not come from wi...
2026-04-28 05:00:38,272 - INFO - [3/15] 处理 gratitude 分类...
2026-04-28 05:00:38,543 - INFO - ✓ 成功: gratitude - Gratitude turns what we have i...
2026-04-28 05:00:38,543 - INFO - [4/15] 处理 mindfulness 分类...
2026-04-28 05:00:39,084 - INFO - ✓ 成功: mindfulness - Mindfulness is the art of stay...
2026-04-28 05:00:39,084 - INFO - [5/15] 处理 positivity 分类...
2026-04-28 05:00:40,046 - INFO - ✓ 成功: positivity - Positive thinking is like a mu...
2026-04-28 05:00:40,047 - INFO - [6/15] 处理 morning 分类...
2026-04-28 05:00:40,264 - INFO - ✓ 成功: morning - The sun is new every morning....
2026-04-28 05:00:40,264 - INFO - [7/15] 处理 motivation 分类...
2026-04-28 05:00:40,549 - INFO - ✓ 成功: motivation - No matter where you are, sover...
2026-04-28 05:00:40,549 - INFO - [8/15] 处理 gratitude 分类...
2026-04-28 05:00:41,005 - INFO - ✓ 成功: gratitude - Thankfulness is the daily brea...
2026-04-28 05:00:41,005 - INFO - [9/15] 处理 mindfulness 分类...
2026-04-28 05:00:41,835 - INFO - ✓ 成功: mindfulness - Mindfulness is a fortress whic...
2026-04-28 05:00:41,836 - INFO - [10/15] 处理 positivity 分类...
2026-04-28 05:00:42,477 - INFO - ✓ 成功: positivity - Positive thinking is like sunl...
2026-04-28 05:00:42,478 - INFO - [11/15] 处理 morning 分类...
2026-04-28 05:00:43,434 - INFO - ✓ 成功: morning - Each morning is a precious gif...
2026-04-28 05:00:43,434 - INFO - [12/15] 处理 motivation 分类...
2026-04-28 05:00:43,986 - INFO - ✓ 成功: motivation - The strength to persevere come...
2026-04-28 05:00:43,987 - INFO - [13/15] 处理 gratitude 分类...
2026-04-28 05:00:44,347 - INFO - ✓ 成功: gratitude - Gratitude is the sunshine that...
2026-04-28 05:00:44,347 - INFO - [14/15] 处理 mindfulness 分类...
2026-04-28 05:00:45,064 - INFO - ✓ 成功: mindfulness - Mindfulness is the act of full...
2026-04-28 05:00:45,064 - INFO - [15/15] 处理 positivity 分类...
2026-04-28 05:00:45,717 - INFO - ✓ 成功: positivity - Positive thinking is like a ma...
2026-04-28 05:00:45,717 - INFO - ============================================================
2026-04-28 05:00:45,717 - INFO - 任务完成汇总:
2026-04-28 05:00:45,718 - INFO -   成功: 15 条
2026-04-28 05:00:45,718 - INFO -   失败: 0 条
2026-04-28 05:00:45,718 - INFO -   各分类统计:
2026-04-28 05:00:45,718 - INFO -     - morning: 3 条
2026-04-28 05:00:45,718 - INFO -     - motivation: 3 条
2026-04-28 05:00:45,718 - INFO -     - gratitude: 3 条
2026-04-28 05:00:45,718 - INFO -     - mindfulness: 3 条
2026-04-28 05:00:45,718 - INFO -     - positivity: 3 条
2026-04-28 05:00:45,718 - INFO -   耗时: 41.66 秒
2026-04-28 05:00:45,718 - INFO - ============================================================
