2026-07-31 05:00:04,662 - INFO - ============================================================
2026-07-31 05:00:04,662 - INFO - 开始每日内容生成任务 - 2026-07-31 05:00:04
2026-07-31 05:00:04,662 - INFO - 目标: 5 个分类 x 3 条 = 15 条内容
2026-07-31 05:00:04,662 - INFO - 调用硅基流动API (尝试 1/3)...
2026-07-31 05:02:08,806 - INFO - HTTP Request: POST https://api.siliconflow.cn/v1/chat/completions "HTTP/1.1 200 OK"
2026-07-31 05:02:08,822 - ERROR - JSON解析失败 (尝试 1): Expecting ',' delimiter: line 4 column 34 (char 119)
2026-07-31 05:02:13,826 - INFO - 调用硅基流动API (尝试 2/3)...
2026-07-31 05:04:15,892 - INFO - HTTP Request: POST https://api.siliconflow.cn/v1/chat/completions "HTTP/1.1 200 OK"
2026-07-31 05:04:15,895 - ERROR - JSON解析失败 (尝试 2): Expecting property name enclosed in double quotes: line 4 column 5 (char 95)
2026-07-31 05:04:20,898 - INFO - 调用硅基流动API (尝试 3/3)...
2026-07-31 05:05:22,889 - INFO - HTTP Request: POST https://api.siliconflow.cn/v1/chat/completions "HTTP/1.1 200 OK"
2026-07-31 05:05:22,891 - ERROR - JSON解析失败 (尝试 3): Expecting ',' delimiter: line 4 column 36 (char 136)
2026-07-31 05:05:22,891 - ERROR - 任务执行失败: Expecting ',' delimiter: line 4 column 36 (char 136)
2026-07-31 05:05:22,892 - ERROR - Traceback (most recent call last):
  File "/opt/daily_morning_vibes/auto_daily_generator.py", line 272, in main
    quotes = fetch_quotes_from_siliconflow()
  File "/opt/daily_morning_vibes/auto_daily_generator.py", line 224, in fetch_quotes_from_siliconflow
    quotes = json.loads(clean_text)
  File "/usr/local/python3/lib/python3.9/json/__init__.py", line 346, in loads
    return _default_decoder.decode(s)
  File "/usr/local/python3/lib/python3.9/json/decoder.py", line 337, in decode
    obj, end = self.raw_decode(s, idx=_w(s, 0).end())
  File "/usr/local/python3/lib/python3.9/json/decoder.py", line 353, in raw_decode
    obj, end = self.scan_once(s, idx)
json.decoder.JSONDecodeError: Expecting ',' delimiter: line 4 column 36 (char 136)

