2026-09-27 05:00:05,239 - INFO - ============================================================
2026-09-27 05:00:05,239 - INFO - 开始每日内容生成任务 - 2026-09-27 05:00:05
2026-09-27 05:00:05,239 - INFO - 目标: 5 个分类 x 3 条 = 15 条内容
2026-09-27 05:00:05,239 - INFO - 调用硅基流动API (尝试 1/3)...
2026-09-27 05:00:53,557 - INFO - HTTP Request: POST https://api.siliconflow.cn/v1/chat/completions "HTTP/1.1 200 OK"
2026-09-27 05:00:53,572 - WARNING - 获取 11 条，期望 15 条
2026-09-27 05:00:53,572 - INFO - 成功获取 11 条语录
2026-09-27 05:00:53,587 - INFO - [1/11] 处理 morning 分类...
2026-09-27 05:00:54,664 - INFO - ✓ 成功: morning - Every morning, the sun is a re...
2026-09-27 05:00:54,667 - INFO - [2/11] 处理 motivation 分类...
2026-09-27 05:00:55,393 - INFO - ✓ 成功: motivation - Strength lies in vulnerability...
2026-09-27 05:00:55,397 - INFO - [3/11] 处理 gratitude 分类...
2026-09-27 05:00:55,954 - INFO - ✓ 成功: gratitude - Gratitude is the sun, which br...
2026-09-27 05:00:55,954 - INFO - [4/11] 处理 mindfulness 分类...
2026-09-27 05:00:56,252 - INFO - ✓ 成功: mindfulness - Mindfulness is the bridge betw...
2026-09-27 05:00:56,252 - INFO - [5/11] 处理 positivity 分类...
2026-09-27 05:00:56,790 - INFO - ✓ 成功: positivity - A positive attitude can turn a...
2026-09-27 05:00:56,790 - INFO - [6/11] 处理 positivity 分类...
2026-09-27 05:00:57,004 - INFO - ✓ 成功: positivity - Each day is an opportunity to ...
2026-09-27 05:00:57,004 - INFO - [7/11] 处理 motivation 分类...
2026-09-27 05:00:57,493 - INFO - ✓ 成功: motivation - Success is not final, failure ...
2026-09-27 05:00:57,494 - INFO - [8/11] 处理 gratitude 分类...
2026-09-27 05:00:57,835 - INFO - ✓ 成功: gratitude - Gratitude transforms every cha...
2026-09-27 05:00:57,835 - INFO - [9/11] 处理 mindfulness 分类...
2026-09-27 05:00:58,418 - INFO - ✓ 成功: mindfulness - Mindfulness is the art of bein...
2026-09-27 05:00:58,418 - INFO - [10/11] 处理 positivity 分类...
2026-09-27 05:00:59,016 - INFO - ✓ 成功: positivity - Each day is a canvas, and your...
2026-09-27 05:00:59,016 - INFO - [11/11] 处理 gratitude 分类...
2026-09-27 05:00:59,567 - INFO - ✓ 成功: gratitude - Count your blessings, not your...
2026-09-27 05:00:59,568 - INFO - ============================================================
2026-09-27 05:00:59,568 - INFO - 任务完成汇总:
2026-09-27 05:00:59,568 - INFO -   成功: 11 条
2026-09-27 05:00:59,568 - INFO -   失败: 0 条
2026-09-27 05:00:59,568 - INFO -   各分类统计:
2026-09-27 05:00:59,568 - INFO -     - morning: 1 条
2026-09-27 05:00:59,568 - INFO -     - motivation: 2 条
2026-09-27 05:00:59,568 - INFO -     - gratitude: 3 条
2026-09-27 05:00:59,568 - INFO -     - mindfulness: 2 条
2026-09-27 05:00:59,568 - INFO -     - positivity: 3 条
2026-09-27 05:00:59,568 - INFO -   耗时: 54.33 秒
2026-09-27 05:00:59,568 - INFO - ============================================================
