2026-04-29 05:00:03,966 - INFO - ============================================================
2026-04-29 05:00:03,966 - INFO - 开始每日内容生成任务 - 2026-04-29 05:00:03
2026-04-29 05:00:03,966 - INFO - 目标: 5 个分类 x 3 条 = 15 条内容
2026-04-29 05:00:03,966 - INFO - 调用硅基流动API (尝试 1/3)...
2026-04-29 05:01:37,551 - INFO - HTTP Request: POST https://api.siliconflow.cn/v1/chat/completions "HTTP/1.1 200 OK"
2026-04-29 05:01:37,564 - ERROR - JSON解析失败 (尝试 1): Expecting property name enclosed in double quotes: line 3 column 69 (char 76)
2026-04-29 05:01:42,569 - INFO - 调用硅基流动API (尝试 2/3)...
2026-04-29 05:02:17,099 - INFO - HTTP Request: POST https://api.siliconflow.cn/v1/chat/completions "HTTP/1.1 200 OK"
2026-04-29 05:02:17,103 - INFO - 成功获取 15 条语录
2026-04-29 05:02:17,118 - INFO - [1/15] 处理 morning 分类...
2026-04-29 05:02:17,702 - INFO - ✓ 成功: morning - Embrace the sunrise as the can...
2026-04-29 05:02:17,703 - INFO - [2/15] 处理 motivation 分类...
2026-04-29 05:02:18,269 - INFO - ✓ 成功: motivation - Every step towards your goal i...
2026-04-29 05:02:18,269 - INFO - [3/15] 处理 gratitude 分类...
2026-04-29 05:02:18,435 - INFO - ✓ 成功: gratitude - Count your blessings; they are...
2026-04-29 05:02:18,436 - INFO - [4/15] 处理 mindfulness 分类...
2026-04-29 05:02:18,898 - INFO - ✓ 成功: mindfulness - Mindfulness is the key to unlo...
2026-04-29 05:02:18,898 - INFO - [5/15] 处理 positivity 分类...
2026-04-29 05:02:19,455 - INFO - ✓ 成功: positivity - Positivity is the invisible fo...
2026-04-29 05:02:19,455 - INFO - [6/15] 处理 morning 分类...
2026-04-29 05:02:20,115 - INFO - ✓ 成功: morning - Morning’s first light is a rem...
2026-04-29 05:02:20,115 - INFO - [7/15] 处理 motivation 分类...
2026-04-29 05:02:20,820 - INFO - ✓ 成功: motivation - Perseverance is the bridge tha...
2026-04-29 05:02:20,820 - INFO - [8/15] 处理 gratitude 分类...
2026-04-29 05:02:21,158 - INFO - ✓ 成功: gratitude - Gratitude is the lens through ...
2026-04-29 05:02:21,158 - INFO - [9/15] 处理 mindfulness 分类...
2026-04-29 05:02:21,323 - INFO - ✓ 成功: mindfulness - Mindfulness is the gateway to ...
2026-04-29 05:02:21,323 - INFO - [10/15] 处理 positivity 分类...
2026-04-29 05:02:22,229 - INFO - ✓ 成功: positivity - Positive thinking is the catal...
2026-04-29 05:02:22,229 - INFO - [11/15] 处理 morning 分类...
2026-04-29 05:02:22,823 - INFO - ✓ 成功: morning - The morning’s sun offers a fre...
2026-04-29 05:02:22,823 - INFO - [12/15] 处理 motivation 分类...
2026-04-29 05:02:23,374 - INFO - ✓ 成功: motivation - Strength lies in perseverance,...
2026-04-29 05:02:23,374 - INFO - [13/15] 处理 gratitude 分类...
2026-04-29 05:02:23,949 - INFO - ✓ 成功: gratitude - Gratitude for the little thing...
2026-04-29 05:02:23,949 - INFO - [14/15] 处理 mindfulness 分类...
2026-04-29 05:02:24,336 - INFO - ✓ 成功: mindfulness - Mindfulness allows us to fully...
2026-04-29 05:02:24,336 - INFO - [15/15] 处理 positivity 分类...
2026-04-29 05:02:24,877 - INFO - ✓ 成功: positivity - Positivity is the foundation o...
2026-04-29 05:02:24,877 - INFO - ============================================================
2026-04-29 05:02:24,877 - INFO - 任务完成汇总:
2026-04-29 05:02:24,877 - INFO -   成功: 15 条
2026-04-29 05:02:24,878 - INFO -   失败: 0 条
2026-04-29 05:02:24,878 - INFO -   各分类统计:
2026-04-29 05:02:24,878 - INFO -     - morning: 3 条
2026-04-29 05:02:24,878 - INFO -     - motivation: 3 条
2026-04-29 05:02:24,878 - INFO -     - gratitude: 3 条
2026-04-29 05:02:24,878 - INFO -     - mindfulness: 3 条
2026-04-29 05:02:24,878 - INFO -     - positivity: 3 条
2026-04-29 05:02:24,878 - INFO -   耗时: 140.91 秒
2026-04-29 05:02:24,878 - INFO - ============================================================
