2026-09-30 05:00:05,237 - INFO - ============================================================
2026-09-30 05:00:05,237 - INFO - 开始每日内容生成任务 - 2026-09-30 05:00:05
2026-09-30 05:00:05,238 - INFO - 目标: 5 个分类 x 3 条 = 15 条内容
2026-09-30 05:00:05,238 - INFO - 调用硅基流动API (尝试 1/3)...
2026-09-30 05:01:16,242 - INFO - HTTP Request: POST https://api.siliconflow.cn/v1/chat/completions "HTTP/1.1 200 OK"
2026-09-30 05:01:16,257 - INFO - 成功获取 15 条语录
2026-09-30 05:01:16,269 - INFO - [1/15] 处理 morning 分类...
2026-09-30 05:01:16,881 - INFO - ✓ 成功: morning - Embrace the sunrise with a hea...
2026-09-30 05:01:16,882 - INFO - [2/15] 处理 motivation 分类...
2026-09-30 05:01:17,291 - INFO - ✓ 成功: motivation - Perseverance is the key to tur...
2026-09-30 05:01:17,291 - INFO - [3/15] 处理 gratitude 分类...
2026-09-30 05:01:17,658 - INFO - ✓ 成功: gratitude - Count your blessings, for they...
2026-09-30 05:01:17,658 - INFO - [4/15] 处理 mindfulness 分类...
2026-09-30 05:01:17,870 - INFO - ✓ 成功: mindfulness - Mindfulness is the practice of...
2026-09-30 05:01:17,870 - INFO - [5/15] 处理 positivity 分类...
2026-09-30 05:01:18,608 - INFO - ✓ 成功: positivity - Spread joy and positivity to t...
2026-09-30 05:01:18,612 - INFO - [6/15] 处理 morning 分类...
2026-09-30 05:01:19,368 - INFO - ✓ 成功: morning - Embrace the dawn and all the p...
2026-09-30 05:01:19,368 - INFO - [7/15] 处理 motivation 分类...
2026-09-30 05:01:19,870 - INFO - ✓ 成功: motivation - Perseverance fuels the engine ...
2026-09-30 05:01:19,870 - INFO - [8/15] 处理 gratitude 分类...
2026-09-30 05:01:20,436 - INFO - ✓ 成功: gratitude - Gratitude can transform your l...
2026-09-30 05:01:20,436 - INFO - [9/15] 处理 mindfulness 分类...
2026-09-30 05:01:21,159 - INFO - ✓ 成功: mindfulness - Mindfulness is the art of bein...
2026-09-30 05:01:21,159 - INFO - [10/15] 处理 positivity 分类...
2026-09-30 05:01:21,824 - INFO - ✓ 成功: positivity - Positivity is the light that g...
2026-09-30 05:01:21,824 - INFO - [11/15] 处理 morning 分类...
2026-09-30 05:01:22,752 - INFO - ✓ 成功: morning - Embrace the sun and all it bri...
2026-09-30 05:01:22,752 - INFO - [12/15] 处理 motivation 分类...
2026-09-30 05:01:23,441 - INFO - ✓ 成功: motivation - Perseverance is the bridge tha...
2026-09-30 05:01:23,441 - INFO - [13/15] 处理 gratitude 分类...
2026-09-30 05:01:24,133 - INFO - ✓ 成功: gratitude - Gratitude is the anchor that k...
2026-09-30 05:01:24,133 - INFO - [14/15] 处理 mindfulness 分类...
2026-09-30 05:01:24,336 - INFO - ✓ 成功: mindfulness - Mindfulness is the key to unlo...
2026-09-30 05:01:24,337 - INFO - [15/15] 处理 positivity 分类...
2026-09-30 05:01:24,996 - INFO - ✓ 成功: positivity - Positivity is the balm that he...
2026-09-30 05:01:24,996 - INFO - ============================================================
2026-09-30 05:01:24,996 - INFO - 任务完成汇总:
2026-09-30 05:01:24,996 - INFO -   成功: 15 条
2026-09-30 05:01:24,996 - INFO -   失败: 0 条
2026-09-30 05:01:24,996 - INFO -   各分类统计:
2026-09-30 05:01:24,996 - INFO -     - morning: 3 条
2026-09-30 05:01:24,997 - INFO -     - motivation: 3 条
2026-09-30 05:01:24,997 - INFO -     - gratitude: 3 条
2026-09-30 05:01:24,997 - INFO -     - mindfulness: 3 条
2026-09-30 05:01:24,997 - INFO -     - positivity: 3 条
2026-09-30 05:01:24,997 - INFO -   耗时: 79.76 秒
2026-09-30 05:01:24,997 - INFO - ============================================================
