2026-05-11 05:00:04,594 - INFO - ============================================================
2026-05-11 05:00:04,594 - INFO - 开始每日内容生成任务 - 2026-05-11 05:00:04
2026-05-11 05:00:04,594 - INFO - 目标: 5 个分类 x 3 条 = 15 条内容
2026-05-11 05:00:04,594 - INFO - 调用硅基流动API (尝试 1/3)...
2026-05-11 05:00:59,095 - INFO - HTTP Request: POST https://api.siliconflow.cn/v1/chat/completions "HTTP/1.1 200 OK"
2026-05-11 05:00:59,110 - ERROR - JSON解析失败 (尝试 1): Expecting value: line 4 column 31 (char 125)
2026-05-11 05:01:04,112 - INFO - 调用硅基流动API (尝试 2/3)...
2026-05-11 05:01:36,341 - INFO - HTTP Request: POST https://api.siliconflow.cn/v1/chat/completions "HTTP/1.1 200 OK"
2026-05-11 05:01:36,347 - INFO - 成功获取 15 条语录
2026-05-11 05:01:36,359 - INFO - [1/15] 处理 morning 分类...
2026-05-11 05:01:37,127 - INFO - ✓ 成功: morning - Embrace each sunrise as a new ...
2026-05-11 05:01:37,127 - INFO - [2/15] 处理 motivation 分类...
2026-05-11 05:01:37,826 - INFO - ✓ 成功: motivation - Perseverance is the silent voi...
2026-05-11 05:01:37,826 - INFO - [3/15] 处理 gratitude 分类...
2026-05-11 05:01:38,514 - INFO - ✓ 成功: gratitude - Gratitude is the sun that melt...
2026-05-11 05:01:38,514 - INFO - [4/15] 处理 mindfulness 分类...
2026-05-11 05:01:39,161 - INFO - ✓ 成功: mindfulness - Mindfulness is the flower that...
2026-05-11 05:01:39,161 - INFO - [5/15] 处理 positivity 分类...
2026-05-11 05:01:39,445 - INFO - ✓ 成功: positivity - Positivity is the beacon that ...
2026-05-11 05:01:39,445 - INFO - [6/15] 处理 morning 分类...
2026-05-11 05:01:39,954 - INFO - ✓ 成功: morning - In the morning, the world is a...
2026-05-11 05:01:39,954 - INFO - [7/15] 处理 motivation 分类...
2026-05-11 05:01:40,122 - INFO - ✓ 成功: motivation - Strength comes from the unwave...
2026-05-11 05:01:40,122 - INFO - [8/15] 处理 gratitude 分类...
2026-05-11 05:01:40,457 - INFO - ✓ 成功: gratitude - Count your blessings and watch...
2026-05-11 05:01:40,457 - INFO - [9/15] 处理 mindfulness 分类...
2026-05-11 05:01:40,960 - INFO - ✓ 成功: mindfulness - Mindfulness is the pause befor...
2026-05-11 05:01:40,960 - INFO - [10/15] 处理 positivity 分类...
2026-05-11 05:01:41,522 - INFO - ✓ 成功: positivity - Positivity is the seed that, w...
2026-05-11 05:01:41,522 - INFO - [11/15] 处理 morning 分类...
2026-05-11 05:01:41,904 - INFO - ✓ 成功: morning - The morning sun is a reminder ...
2026-05-11 05:01:41,904 - INFO - [12/15] 处理 motivation 分类...
2026-05-11 05:01:42,581 - INFO - ✓ 成功: motivation - Perseverance is the key to unl...
2026-05-11 05:01:42,581 - INFO - [13/15] 处理 gratitude 分类...
2026-05-11 05:01:43,312 - INFO - ✓ 成功: gratitude - Gratitude is the key to openin...
2026-05-11 05:01:43,312 - INFO - [14/15] 处理 mindfulness 分类...
2026-05-11 05:01:43,849 - INFO - ✓ 成功: mindfulness - Mindfulness is the portal to o...
2026-05-11 05:01:43,849 - INFO - [15/15] 处理 positivity 分类...
2026-05-11 05:01:44,417 - INFO - ✓ 成功: positivity - Positivity is the spark that i...
2026-05-11 05:01:44,418 - INFO - ============================================================
2026-05-11 05:01:44,418 - INFO - 任务完成汇总:
2026-05-11 05:01:44,418 - INFO -   成功: 15 条
2026-05-11 05:01:44,418 - INFO -   失败: 0 条
2026-05-11 05:01:44,418 - INFO -   各分类统计:
2026-05-11 05:01:44,418 - INFO -     - morning: 3 条
2026-05-11 05:01:44,418 - INFO -     - motivation: 3 条
2026-05-11 05:01:44,418 - INFO -     - gratitude: 3 条
2026-05-11 05:01:44,418 - INFO -     - mindfulness: 3 条
2026-05-11 05:01:44,418 - INFO -     - positivity: 3 条
2026-05-11 05:01:44,418 - INFO -   耗时: 99.82 秒
2026-05-11 05:01:44,418 - INFO - ============================================================
