2026-04-25 05:00:05,963 - INFO - ============================================================
2026-04-25 05:00:05,964 - INFO - 开始每日内容生成任务 - 2026-04-25 05:00:05
2026-04-25 05:00:05,964 - INFO - 目标: 5 个分类 x 3 条 = 15 条内容
2026-04-25 05:00:05,964 - INFO - 调用硅基流动API (尝试 1/3)...
2026-04-25 05:01:50,053 - INFO - HTTP Request: POST https://api.siliconflow.cn/v1/chat/completions "HTTP/1.1 200 OK"
2026-04-25 05:01:50,066 - ERROR - JSON解析失败 (尝试 1): Invalid control character at: line 3 column 98 (char 105)
2026-04-25 05:01:55,071 - INFO - 调用硅基流动API (尝试 2/3)...
2026-04-25 05:02:09,982 - INFO - HTTP Request: POST https://api.siliconflow.cn/v1/chat/completions "HTTP/1.1 200 OK"
2026-04-25 05:02:09,984 - WARNING - 获取 5 条，期望 15 条
2026-04-25 05:02:09,985 - INFO - 成功获取 5 条语录
2026-04-25 05:02:09,997 - INFO - [1/5] 处理 morning 分类...
2026-04-25 05:02:10,732 - INFO - ✓ 成功: morning - Dawn whispers, 'Believe in a n...
2026-04-25 05:02:10,732 - INFO - [2/5] 处理 motivation 分类...
2026-04-25 05:02:11,274 - INFO - ✓ 成功: motivation - Be not afraid of growing slow....
2026-04-25 05:02:11,274 - INFO - [3/5] 处理 positivity 分类...
2026-04-25 05:02:11,684 - INFO - ✓ 成功: positivity - We cannot do great things on t...
2026-04-25 05:02:11,684 - INFO - [4/5] 处理 mindfulness 分类...
2026-04-25 05:02:12,073 - INFO - ✓ 成功: mindfulness - Mindfulness is simply a consci...
2026-04-25 05:02:12,073 - INFO - [5/5] 处理 gratitude 分类...
2026-04-25 05:02:12,312 - INFO - ✓ 成功: gratitude - Gratitude is the gateway to a ...
2026-04-25 05:02:12,312 - INFO - ============================================================
2026-04-25 05:02:12,312 - INFO - 任务完成汇总:
2026-04-25 05:02:12,312 - INFO -   成功: 5 条
2026-04-25 05:02:12,312 - INFO -   失败: 0 条
2026-04-25 05:02:12,312 - INFO -   各分类统计:
2026-04-25 05:02:12,312 - INFO -     - morning: 1 条
2026-04-25 05:02:12,312 - INFO -     - motivation: 1 条
2026-04-25 05:02:12,313 - INFO -     - gratitude: 1 条
2026-04-25 05:02:12,313 - INFO -     - mindfulness: 1 条
2026-04-25 05:02:12,313 - INFO -     - positivity: 1 条
2026-04-25 05:02:12,313 - INFO -   耗时: 126.35 秒
2026-04-25 05:02:12,313 - INFO - ============================================================
