2026-09-09 05:00:05,915 - INFO - ============================================================
2026-09-09 05:00:05,915 - INFO - 开始每日内容生成任务 - 2026-09-09 05:00:05
2026-09-09 05:00:05,915 - INFO - 目标: 5 个分类 x 3 条 = 15 条内容
2026-09-09 05:00:05,915 - INFO - 调用硅基流动API (尝试 1/3)...
2026-09-09 05:00:57,930 - INFO - HTTP Request: POST https://api.siliconflow.cn/v1/chat/completions "HTTP/1.1 200 OK"
2026-09-09 05:00:57,944 - ERROR - JSON解析失败 (尝试 1): Expecting property name enclosed in double quotes: line 4 column 2 (char 117)
2026-09-09 05:01:02,948 - INFO - 调用硅基流动API (尝试 2/3)...
2026-09-09 05:01:53,608 - INFO - HTTP Request: POST https://api.siliconflow.cn/v1/chat/completions "HTTP/1.1 200 OK"
2026-09-09 05:01:53,611 - ERROR - JSON解析失败 (尝试 2): Expecting property name enclosed in double quotes: line 4 column 1 (char 135)
2026-09-09 05:01:58,614 - INFO - 调用硅基流动API (尝试 3/3)...
2026-09-09 05:03:11,382 - INFO - HTTP Request: POST https://api.siliconflow.cn/v1/chat/completions "HTTP/1.1 200 OK"
2026-09-09 05:03:11,385 - ERROR - JSON解析失败 (尝试 3): Invalid control character at: line 5 column 10 (char 566)
2026-09-09 05:03:11,385 - ERROR - 任务执行失败: Invalid control character at: line 5 column 10 (char 566)
2026-09-09 05:03:11,388 - ERROR - Traceback (most recent call last):
  File "/opt/daily_morning_vibes/auto_daily_generator.py", line 272, in main
    quotes = fetch_quotes_from_siliconflow()
  File "/opt/daily_morning_vibes/auto_daily_generator.py", line 224, in fetch_quotes_from_siliconflow
    quotes = json.loads(clean_text)
  File "/usr/local/python3/lib/python3.9/json/__init__.py", line 346, in loads
    return _default_decoder.decode(s)
  File "/usr/local/python3/lib/python3.9/json/decoder.py", line 337, in decode
    obj, end = self.raw_decode(s, idx=_w(s, 0).end())
  File "/usr/local/python3/lib/python3.9/json/decoder.py", line 353, in raw_decode
    obj, end = self.scan_once(s, idx)
json.decoder.JSONDecodeError: Invalid control character at: line 5 column 10 (char 566)

