2026-05-06 05:00:03,466 - INFO - ============================================================
2026-05-06 05:00:03,466 - INFO - 开始每日内容生成任务 - 2026-05-06 05:00:03
2026-05-06 05:00:03,466 - INFO - 目标: 5 个分类 x 3 条 = 15 条内容
2026-05-06 05:00:03,466 - INFO - 调用硅基流动API (尝试 1/3)...
2026-05-06 05:01:29,363 - INFO - HTTP Request: POST https://api.siliconflow.cn/v1/chat/completions "HTTP/1.1 200 OK"
2026-05-06 05:01:29,377 - ERROR - JSON解析失败 (尝试 1): Expecting property name enclosed in double quotes: line 4 column 1 (char 95)
2026-05-06 05:01:34,377 - INFO - 调用硅基流动API (尝试 2/3)...
2026-05-06 05:02:11,737 - INFO - HTTP Request: POST https://api.siliconflow.cn/v1/chat/completions "HTTP/1.1 200 OK"
2026-05-06 05:02:11,742 - INFO - 成功获取 15 条语录
2026-05-06 05:02:11,756 - INFO - [1/15] 处理 morning 分类...
2026-05-06 05:02:12,242 - INFO - ✓ 成功: morning - Embrace the dawn, for it washe...
2026-05-06 05:02:12,242 - INFO - [2/15] 处理 motivation 分类...
2026-05-06 05:02:12,415 - INFO - ✓ 成功: motivation - Strength lies in perseverance,...
2026-05-06 05:02:12,416 - INFO - [3/15] 处理 gratitude 分类...
2026-05-06 05:02:12,873 - INFO - ✓ 成功: gratitude - Gratitude is the flower that b...
2026-05-06 05:02:12,873 - INFO - [4/15] 处理 mindfulness 分类...
2026-05-06 05:02:13,144 - INFO - ✓ 成功: mindfulness - Mindfulness is the art of livi...
2026-05-06 05:02:13,145 - INFO - [5/15] 处理 positivity 分类...
2026-05-06 05:02:13,844 - INFO - ✓ 成功: positivity - Spread joy, let your positivit...
2026-05-06 05:02:13,844 - INFO - [6/15] 处理 morning 分类...
2026-05-06 05:02:14,761 - INFO - ✓ 成功: morning - Tomorrow is always a blank pag...
2026-05-06 05:02:14,762 - INFO - [7/15] 处理 motivation 分类...
2026-05-06 05:02:15,463 - INFO - ✓ 成功: motivation - Perseverance is the rhythm of ...
2026-05-06 05:02:15,463 - INFO - [8/15] 处理 gratitude 分类...
2026-05-06 05:02:16,045 - INFO - ✓ 成功: gratitude - Appreciate the blessings in yo...
2026-05-06 05:02:16,045 - INFO - [9/15] 处理 mindfulness 分类...
2026-05-06 05:02:16,444 - INFO - ✓ 成功: mindfulness - Mindfulness is the breath that...
2026-05-06 05:02:16,444 - INFO - [10/15] 处理 positivity 分类...
2026-05-06 05:02:16,654 - INFO - ✓ 成功: positivity - Positivity is the light that i...
2026-05-06 05:02:16,655 - INFO - [11/15] 处理 morning 分类...
2026-05-06 05:02:17,307 - INFO - ✓ 成功: morning - New beginnings find their way ...
2026-05-06 05:02:17,307 - INFO - [12/15] 处理 motivation 分类...
2026-05-06 05:02:18,056 - INFO - ✓ 成功: motivation - Success is not the absence of ...
2026-05-06 05:02:18,056 - INFO - [13/15] 处理 gratitude 分类...
2026-05-06 05:02:18,717 - INFO - ✓ 成功: gratitude - Gratitude is the key that unlo...
2026-05-06 05:02:18,718 - INFO - [14/15] 处理 mindfulness 分类...
2026-05-06 05:02:19,064 - INFO - ✓ 成功: mindfulness - Mindfulness is the compass tha...
2026-05-06 05:02:19,064 - INFO - [15/15] 处理 positivity 分类...
2026-05-06 05:02:19,955 - INFO - ✓ 成功: positivity - Positive thinking is the sun t...
2026-05-06 05:02:19,958 - INFO - ============================================================
2026-05-06 05:02:19,958 - INFO - 任务完成汇总:
2026-05-06 05:02:19,958 - INFO -   成功: 15 条
2026-05-06 05:02:19,958 - INFO -   失败: 0 条
2026-05-06 05:02:19,958 - INFO -   各分类统计:
2026-05-06 05:02:19,958 - INFO -     - morning: 3 条
2026-05-06 05:02:19,959 - INFO -     - motivation: 3 条
2026-05-06 05:02:19,959 - INFO -     - gratitude: 3 条
2026-05-06 05:02:19,959 - INFO -     - mindfulness: 3 条
2026-05-06 05:02:19,959 - INFO -     - positivity: 3 条
2026-05-06 05:02:19,959 - INFO -   耗时: 136.49 秒
2026-05-06 05:02:19,959 - INFO - ============================================================
