2026-09-22 05:00:05,732 - INFO - ============================================================
2026-09-22 05:00:05,732 - INFO - 开始每日内容生成任务 - 2026-09-22 05:00:05
2026-09-22 05:00:05,732 - INFO - 目标: 5 个分类 x 3 条 = 15 条内容
2026-09-22 05:00:05,732 - INFO - 调用硅基流动API (尝试 1/3)...
2026-09-22 05:01:23,236 - INFO - HTTP Request: POST https://api.siliconflow.cn/v1/chat/completions "HTTP/1.1 200 OK"
2026-09-22 05:01:23,252 - ERROR - JSON解析失败 (尝试 1): Expecting ',' delimiter: line 66 column 71 (char 11047)
2026-09-22 05:01:28,252 - INFO - 调用硅基流动API (尝试 2/3)...
2026-09-22 05:02:21,330 - INFO - HTTP Request: POST https://api.siliconflow.cn/v1/chat/completions "HTTP/1.1 200 OK"
2026-09-22 05:02:21,333 - WARNING - 获取 13 条，期望 15 条
2026-09-22 05:02:21,334 - INFO - 成功获取 13 条语录
2026-09-22 05:02:21,348 - INFO - [1/13] 处理 morning 分类...
2026-09-22 05:02:21,851 - INFO - ✓ 成功: morning - Dawn whispers of new possibili...
2026-09-22 05:02:21,852 - INFO - [2/13] 处理 motivation 分类...
2026-09-22 05:02:22,450 - INFO - ✓ 成功: motivation - Success is not final; failure ...
2026-09-22 05:02:22,451 - INFO - [3/13] 处理 gratitude 分类...
2026-09-22 05:02:23,191 - INFO - ✓ 成功: gratitude - Gratitude is the sun that brig...
2026-09-22 05:02:23,193 - INFO - [4/13] 处理 mindfulness 分类...
2026-09-22 05:02:23,971 - INFO - ✓ 成功: mindfulness - Be present in the moment, for ...
2026-09-22 05:02:23,971 - INFO - [5/13] 处理 positivity 分类...
2026-09-22 05:02:24,422 - INFO - ✓ 成功: positivity - Spread joy like confetti acros...
2026-09-22 05:02:24,422 - INFO - [6/13] 处理 morning 分类...
2026-09-22 05:02:25,156 - INFO - ✓ 成功: morning - Every sunrise is a chance to s...
2026-09-22 05:02:25,156 - INFO - [7/13] 处理 motivation 分类...
2026-09-22 05:02:25,576 - INFO - ✓ 成功: motivation - Never let the fear of failure ...
2026-09-22 05:02:25,576 - INFO - [8/13] 处理 gratitude 分类...
2026-09-22 05:02:25,942 - INFO - ✓ 成功: gratitude - Appreciate the little things i...
2026-09-22 05:02:25,942 - INFO - [9/13] 处理 mindfulness 分类...
2026-09-22 05:02:26,524 - INFO - ✓ 成功: mindfulness - Stay present in the moment to ...
2026-09-22 05:02:26,524 - INFO - [10/13] 处理 positivity 分类...
2026-09-22 05:02:27,302 - INFO - ✓ 成功: positivity - Embrace positivity and spread ...
2026-09-22 05:02:27,302 - INFO - [11/13] 处理 gratitude 分类...
2026-09-22 05:02:27,613 - INFO - ✓ 成功: gratitude - Start your day with gratitude ...
2026-09-22 05:02:27,614 - INFO - [12/13] 处理 mindfulness 分类...
2026-09-22 05:02:28,245 - INFO - ✓ 成功: mindfulness - Find peace in the present mome...
2026-09-22 05:02:28,245 - INFO - [13/13] 处理 positivity 分类...
2026-09-22 05:02:29,199 - INFO - ✓ 成功: positivity - Stay optimistic and see the li...
2026-09-22 05:02:29,199 - INFO - ============================================================
2026-09-22 05:02:29,199 - INFO - 任务完成汇总:
2026-09-22 05:02:29,199 - INFO -   成功: 13 条
2026-09-22 05:02:29,199 - INFO -   失败: 0 条
2026-09-22 05:02:29,199 - INFO -   各分类统计:
2026-09-22 05:02:29,199 - INFO -     - morning: 2 条
2026-09-22 05:02:29,199 - INFO -     - motivation: 2 条
2026-09-22 05:02:29,199 - INFO -     - gratitude: 3 条
2026-09-22 05:02:29,199 - INFO -     - mindfulness: 3 条
2026-09-22 05:02:29,199 - INFO -     - positivity: 3 条
2026-09-22 05:02:29,199 - INFO -   耗时: 143.47 秒
2026-09-22 05:02:29,199 - INFO - ============================================================
