2026-09-06 05:00:05,127 - INFO - ============================================================
2026-09-06 05:00:05,127 - INFO - 开始每日内容生成任务 - 2026-09-06 05:00:05
2026-09-06 05:00:05,128 - INFO - 目标: 5 个分类 x 3 条 = 15 条内容
2026-09-06 05:00:05,128 - INFO - 调用硅基流动API (尝试 1/3)...
2026-09-06 05:03:03,584 - INFO - HTTP Request: POST https://api.siliconflow.cn/v1/chat/completions "HTTP/1.1 200 OK"
2026-09-06 05:03:03,598 - ERROR - JSON解析失败 (尝试 1): Expecting ',' delimiter: line 10 column 2 (char 899)
2026-09-06 05:03:08,603 - INFO - 调用硅基流动API (尝试 2/3)...
2026-09-06 05:05:21,582 - INFO - HTTP Request: POST https://api.siliconflow.cn/v1/chat/completions "HTTP/1.1 200 OK"
2026-09-06 05:05:21,588 - ERROR - JSON解析失败 (尝试 2): Expecting ',' delimiter: line 4 column 48 (char 143)
2026-09-06 05:05:26,589 - INFO - 调用硅基流动API (尝试 3/3)...
2026-09-06 05:08:04,045 - INFO - HTTP Request: POST https://api.siliconflow.cn/v1/chat/completions "HTTP/1.1 200 OK"
2026-09-06 05:08:04,050 - ERROR - JSON解析失败 (尝试 3): Unterminated string starting at: line 4 column 28 (char 175)
2026-09-06 05:08:04,050 - ERROR - 任务执行失败: Unterminated string starting at: line 4 column 28 (char 175)
2026-09-06 05:08:04,052 - ERROR - Traceback (most recent call last):
  File "/opt/daily_morning_vibes/auto_daily_generator.py", line 272, in main
    quotes = fetch_quotes_from_siliconflow()
  File "/opt/daily_morning_vibes/auto_daily_generator.py", line 224, in fetch_quotes_from_siliconflow
    quotes = json.loads(clean_text)
  File "/usr/local/python3/lib/python3.9/json/__init__.py", line 346, in loads
    return _default_decoder.decode(s)
  File "/usr/local/python3/lib/python3.9/json/decoder.py", line 337, in decode
    obj, end = self.raw_decode(s, idx=_w(s, 0).end())
  File "/usr/local/python3/lib/python3.9/json/decoder.py", line 353, in raw_decode
    obj, end = self.scan_once(s, idx)
json.decoder.JSONDecodeError: Unterminated string starting at: line 4 column 28 (char 175)

