2026-09-14 05:00:05,617 - INFO - ============================================================
2026-09-14 05:00:05,617 - INFO - 开始每日内容生成任务 - 2026-09-14 05:00:05
2026-09-14 05:00:05,617 - INFO - 目标: 5 个分类 x 3 条 = 15 条内容
2026-09-14 05:00:05,618 - INFO - 调用硅基流动API (尝试 1/3)...
2026-09-14 05:00:48,483 - INFO - HTTP Request: POST https://api.siliconflow.cn/v1/chat/completions "HTTP/1.1 200 OK"
2026-09-14 05:00:48,499 - WARNING - 获取 14 条，期望 15 条
2026-09-14 05:00:48,499 - INFO - 成功获取 14 条语录
2026-09-14 05:00:48,511 - INFO - [1/14] 处理 morning 分类...
2026-09-14 05:00:49,343 - INFO - ✓ 成功: morning - Embrace each sunrise as a new ...
2026-09-14 05:00:49,344 - INFO - [2/14] 处理 motivation 分类...
2026-09-14 05:00:49,710 - INFO - ✓ 成功: motivation - Strength isn’t just in being r...
2026-09-14 05:00:49,712 - INFO - [3/14] 处理 gratitude 分类...
2026-09-14 05:00:50,453 - INFO - ✓ 成功: gratitude - Gratitude is the sunshine that...
2026-09-14 05:00:50,455 - INFO - [4/14] 处理 mindfulness 分类...
2026-09-14 05:00:51,199 - INFO - ✓ 成功: mindfulness - Mindfulness is not a destinati...
2026-09-14 05:00:51,199 - INFO - [5/14] 处理 positivity 分类...
2026-09-14 05:00:51,681 - INFO - ✓ 成功: positivity - Positivity is the sun that war...
2026-09-14 05:00:51,681 - INFO - [6/14] 处理 morning 分类...
2026-09-14 05:00:51,897 - INFO - ✓ 成功: morning - Each morning is a chance to le...
2026-09-14 05:00:51,898 - INFO - [7/14] 处理 motivation 分类...
2026-09-14 05:00:52,201 - INFO - ✓ 成功: motivation - Perseverance is the backbone o...
2026-09-14 05:00:52,201 - INFO - [8/14] 处理 gratitude 分类...
2026-09-14 05:00:52,630 - INFO - ✓ 成功: gratitude - Gratitude for the small things...
2026-09-14 05:00:52,630 - INFO - [9/14] 处理 mindfulness 分类...
2026-09-14 05:00:53,059 - INFO - ✓ 成功: mindfulness - Mindfulness is a journey to cl...
2026-09-14 05:00:53,060 - INFO - [10/14] 处理 positivity 分类...
2026-09-14 05:00:54,007 - INFO - ✓ 成功: positivity - Spread positivity like sunligh...
2026-09-14 05:00:54,007 - INFO - [11/14] 处理 morning 分类...
2026-09-14 05:00:54,232 - INFO - ✓ 成功: morning - A fresh start is an opportunit...
2026-09-14 05:00:54,232 - INFO - [12/14] 处理 motivation 分类...
2026-09-14 05:00:54,908 - INFO - ✓ 成功: motivation - Perseverance is the bridge bet...
2026-09-14 05:00:54,910 - INFO - [13/14] 处理 gratitude 分类...
2026-09-14 05:00:55,509 - INFO - ✓ 成功: gratitude - Count your blessings, for ever...
2026-09-14 05:00:55,509 - INFO - [14/14] 处理 mindfulness 分类...
2026-09-14 05:00:55,850 - INFO - ✓ 成功: mindfulness - Mindfulness is the compass tha...
2026-09-14 05:00:55,850 - INFO - ============================================================
2026-09-14 05:00:55,850 - INFO - 任务完成汇总:
2026-09-14 05:00:55,850 - INFO -   成功: 14 条
2026-09-14 05:00:55,851 - INFO -   失败: 0 条
2026-09-14 05:00:55,851 - INFO -   各分类统计:
2026-09-14 05:00:55,851 - INFO -     - morning: 3 条
2026-09-14 05:00:55,851 - INFO -     - motivation: 3 条
2026-09-14 05:00:55,851 - INFO -     - gratitude: 3 条
2026-09-14 05:00:55,851 - INFO -     - mindfulness: 3 条
2026-09-14 05:00:55,851 - INFO -     - positivity: 2 条
2026-09-14 05:00:55,851 - INFO -   耗时: 50.23 秒
2026-09-14 05:00:55,851 - INFO - ============================================================
