2026-05-02 05:00:03,769 - INFO - ============================================================
2026-05-02 05:00:03,769 - INFO - 开始每日内容生成任务 - 2026-05-02 05:00:03
2026-05-02 05:00:03,769 - INFO - 目标: 5 个分类 x 3 条 = 15 条内容
2026-05-02 05:00:03,769 - INFO - 调用硅基流动API (尝试 1/3)...
2026-05-02 05:02:14,814 - INFO - HTTP Request: POST https://api.siliconflow.cn/v1/chat/completions "HTTP/1.1 200 OK"
2026-05-02 05:02:14,828 - ERROR - JSON解析失败 (尝试 1): Expecting ',' delimiter: line 4 column 31 (char 194)
2026-05-02 05:02:19,832 - INFO - 调用硅基流动API (尝试 2/3)...
2026-05-02 05:04:20,036 - INFO - HTTP Request: POST https://api.siliconflow.cn/v1/chat/completions "HTTP/1.1 200 OK"
2026-05-02 05:04:20,039 - ERROR - JSON解析失败 (尝试 2): Expecting ',' delimiter: line 4 column 186 (char 295)
2026-05-02 05:04:25,042 - INFO - 调用硅基流动API (尝试 3/3)...
2026-05-02 05:06:02,478 - INFO - HTTP Request: POST https://api.siliconflow.cn/v1/chat/completions "HTTP/1.1 200 OK"
2026-05-02 05:06:02,481 - ERROR - JSON解析失败 (尝试 3): Invalid control character at: line 4 column 10 (char 83)
2026-05-02 05:06:02,481 - ERROR - 任务执行失败: Invalid control character at: line 4 column 10 (char 83)
2026-05-02 05:06:02,485 - ERROR - Traceback (most recent call last):
  File "/opt/daily_morning_vibes/auto_daily_generator.py", line 272, in main
    quotes = fetch_quotes_from_siliconflow()
  File "/opt/daily_morning_vibes/auto_daily_generator.py", line 224, in fetch_quotes_from_siliconflow
    quotes = json.loads(clean_text)
  File "/usr/local/python3/lib/python3.9/json/__init__.py", line 346, in loads
    return _default_decoder.decode(s)
  File "/usr/local/python3/lib/python3.9/json/decoder.py", line 337, in decode
    obj, end = self.raw_decode(s, idx=_w(s, 0).end())
  File "/usr/local/python3/lib/python3.9/json/decoder.py", line 353, in raw_decode
    obj, end = self.scan_once(s, idx)
json.decoder.JSONDecodeError: Invalid control character at: line 4 column 10 (char 83)

