2026-03-29 05:00:04,206 - INFO - ============================================================
2026-03-29 05:00:04,207 - INFO - 开始每日内容生成任务 - 2026-03-29 05:00:04
2026-03-29 05:00:04,207 - INFO - 目标: 5 个分类 x 3 条 = 15 条内容
2026-03-29 05:00:04,207 - INFO - 调用硅基流动API (尝试 1/3)...
2026-03-29 05:00:15,038 - INFO - HTTP Request: POST https://api.siliconflow.cn/v1/chat/completions "HTTP/1.1 200 OK"
2026-03-29 05:00:15,051 - WARNING - 获取 5 条，期望 15 条
2026-03-29 05:00:15,051 - INFO - 成功获取 5 条语录
2026-03-29 05:00:15,061 - INFO - [1/5] 处理 morning 分类...
2026-03-29 05:00:15,374 - INFO - ✓ 成功: morning - The dawn is not only a beautif...
2026-03-29 05:00:15,375 - INFO - [2/5] 处理 motivation 分类...
2026-03-29 05:00:15,994 - INFO - ✓ 成功: motivation - Success is the fruit of persev...
2026-03-29 05:00:15,994 - INFO - [3/5] 处理 gratitude 分类...
2026-03-29 05:00:16,908 - INFO - ✓ 成功: gratitude - Gratitude is the sun that drie...
2026-03-29 05:00:16,910 - INFO - [4/5] 处理 mindfulness 分类...
2026-03-29 05:00:17,277 - INFO - ✓ 成功: mindfulness - Mindfulness is the art of bein...
2026-03-29 05:00:17,277 - INFO - [5/5] 处理 positivity 分类...
2026-03-29 05:00:17,618 - INFO - ✓ 成功: positivity - Spread joy like sunshine, let ...
2026-03-29 05:00:17,618 - INFO - ============================================================
2026-03-29 05:00:17,618 - INFO - 任务完成汇总:
2026-03-29 05:00:17,618 - INFO -   成功: 5 条
2026-03-29 05:00:17,618 - INFO -   失败: 0 条
2026-03-29 05:00:17,618 - INFO -   各分类统计:
2026-03-29 05:00:17,618 - INFO -     - morning: 1 条
2026-03-29 05:00:17,618 - INFO -     - motivation: 1 条
2026-03-29 05:00:17,618 - INFO -     - gratitude: 1 条
2026-03-29 05:00:17,619 - INFO -     - mindfulness: 1 条
2026-03-29 05:00:17,619 - INFO -     - positivity: 1 条
2026-03-29 05:00:17,619 - INFO -   耗时: 13.41 秒
2026-03-29 05:00:17,619 - INFO - ============================================================
