2026-07-02 05:00:05,694 - INFO - ============================================================
2026-07-02 05:00:05,694 - INFO - 开始每日内容生成任务 - 2026-07-02 05:00:05
2026-07-02 05:00:05,694 - INFO - 目标: 5 个分类 x 3 条 = 15 条内容
2026-07-02 05:00:05,694 - INFO - 调用硅基流动API (尝试 1/3)...
2026-07-02 05:02:21,749 - INFO - HTTP Request: POST https://api.siliconflow.cn/v1/chat/completions "HTTP/1.1 200 OK"
2026-07-02 05:02:21,764 - ERROR - JSON解析失败 (尝试 1): Invalid control character at: line 3 column 78 (char 81)
2026-07-02 05:02:26,769 - INFO - 调用硅基流动API (尝试 2/3)...
2026-07-02 05:03:55,409 - INFO - HTTP Request: POST https://api.siliconflow.cn/v1/chat/completions "HTTP/1.1 200 OK"
2026-07-02 05:03:55,412 - ERROR - JSON解析失败 (尝试 2): Expecting value: line 4 column 27 (char 126)
2026-07-02 05:04:00,417 - INFO - 调用硅基流动API (尝试 3/3)...
2026-07-02 05:05:03,830 - INFO - HTTP Request: POST https://api.siliconflow.cn/v1/chat/completions "HTTP/1.1 200 OK"
2026-07-02 05:05:03,832 - ERROR - JSON解析失败 (尝试 3): Expecting value: line 4 column 27 (char 135)
2026-07-02 05:05:03,832 - ERROR - 任务执行失败: Expecting value: line 4 column 27 (char 135)
2026-07-02 05:05:03,834 - ERROR - Traceback (most recent call last):
  File "/opt/daily_morning_vibes/auto_daily_generator.py", line 272, in main
    quotes = fetch_quotes_from_siliconflow()
  File "/opt/daily_morning_vibes/auto_daily_generator.py", line 224, in fetch_quotes_from_siliconflow
    quotes = json.loads(clean_text)
  File "/usr/local/python3/lib/python3.9/json/__init__.py", line 346, in loads
    return _default_decoder.decode(s)
  File "/usr/local/python3/lib/python3.9/json/decoder.py", line 337, in decode
    obj, end = self.raw_decode(s, idx=_w(s, 0).end())
  File "/usr/local/python3/lib/python3.9/json/decoder.py", line 355, in raw_decode
    raise JSONDecodeError("Expecting value", s, err.value) from None
json.decoder.JSONDecodeError: Expecting value: line 4 column 27 (char 135)

