2026-09-19 05:00:05,487 - INFO - ============================================================
2026-09-19 05:00:05,487 - INFO - 开始每日内容生成任务 - 2026-09-19 05:00:05
2026-09-19 05:00:05,487 - INFO - 目标: 5 个分类 x 3 条 = 15 条内容
2026-09-19 05:00:05,487 - INFO - 调用硅基流动API (尝试 1/3)...
2026-09-19 05:01:15,973 - INFO - HTTP Request: POST https://api.siliconflow.cn/v1/chat/completions "HTTP/1.1 200 OK"
2026-09-19 05:01:15,990 - ERROR - JSON解析失败 (尝试 1): Unterminated string starting at: line 59 column 20 (char 14472)
2026-09-19 05:01:20,995 - INFO - 调用硅基流动API (尝试 2/3)...
2026-09-19 05:02:08,196 - INFO - HTTP Request: POST https://api.siliconflow.cn/v1/chat/completions "HTTP/1.1 200 OK"
2026-09-19 05:02:08,200 - INFO - 成功获取 15 条语录
2026-09-19 05:02:08,216 - INFO - [1/15] 处理 morning 分类...
2026-09-19 05:02:08,714 - INFO - ✓ 成功: morning - Dawn whispers to us of things ...
2026-09-19 05:02:08,715 - INFO - [2/15] 处理 motivation 分类...
2026-09-19 05:02:09,797 - INFO - ✓ 成功: motivation - The true strength isn't in nev...
2026-09-19 05:02:09,801 - INFO - [3/15] 处理 gratitude 分类...
2026-09-19 05:02:10,211 - INFO - ✓ 成功: gratitude - Gratitude is the sun that diss...
2026-09-19 05:02:10,212 - INFO - [4/15] 处理 mindfulness 分类...
2026-09-19 05:02:11,000 - INFO - ✓ 成功: mindfulness - Mindfulness is the art of bein...
2026-09-19 05:02:11,000 - INFO - [5/15] 处理 positivity 分类...
2026-09-19 05:02:11,669 - INFO - ✓ 成功: positivity - Positivity is the sun that lig...
2026-09-19 05:02:11,669 - INFO - [6/15] 处理 morning 分类...
2026-09-19 05:02:11,889 - INFO - ✓ 成功: morning - A new day is a new canvas, wai...
2026-09-19 05:02:11,889 - INFO - [7/15] 处理 motivation 分类...
2026-09-19 05:02:12,511 - INFO - ✓ 成功: motivation - Perseverance is the indomitabl...
2026-09-19 05:02:12,511 - INFO - [8/15] 处理 gratitude 分类...
2026-09-19 05:02:13,051 - INFO - ✓ 成功: gratitude - Gratitude is the key to unlock...
2026-09-19 05:02:13,051 - INFO - [9/15] 处理 mindfulness 分类...
2026-09-19 05:02:13,656 - INFO - ✓ 成功: mindfulness - Mindfulness is the art of turn...
2026-09-19 05:02:13,657 - INFO - [10/15] 处理 positivity 分类...
2026-09-19 05:02:14,422 - INFO - ✓ 成功: positivity - Positivity is the light that b...
2026-09-19 05:02:14,422 - INFO - [11/15] 处理 morning 分类...
2026-09-19 05:02:15,024 - INFO - ✓ 成功: morning - Each morning is a new chapter ...
2026-09-19 05:02:15,024 - INFO - [12/15] 处理 motivation 分类...
2026-09-19 05:02:15,596 - INFO - ✓ 成功: motivation - Perseverance is the key to unl...
2026-09-19 05:02:15,597 - INFO - [13/15] 处理 gratitude 分类...
2026-09-19 05:02:16,283 - INFO - ✓ 成功: gratitude - Gratitude is the oil that lubr...
2026-09-19 05:02:16,283 - INFO - [14/15] 处理 mindfulness 分类...
2026-09-19 05:02:16,582 - INFO - ✓ 成功: mindfulness - Mindfulness is the art of bein...
2026-09-19 05:02:16,582 - INFO - [15/15] 处理 positivity 分类...
2026-09-19 05:02:16,921 - INFO - ✓ 成功: positivity - Positivity is the beacon of ho...
2026-09-19 05:02:16,921 - INFO - ============================================================
2026-09-19 05:02:16,921 - INFO - 任务完成汇总:
2026-09-19 05:02:16,921 - INFO -   成功: 15 条
2026-09-19 05:02:16,921 - INFO -   失败: 0 条
2026-09-19 05:02:16,921 - INFO -   各分类统计:
2026-09-19 05:02:16,921 - INFO -     - morning: 3 条
2026-09-19 05:02:16,922 - INFO -     - motivation: 3 条
2026-09-19 05:02:16,922 - INFO -     - gratitude: 3 条
2026-09-19 05:02:16,922 - INFO -     - mindfulness: 3 条
2026-09-19 05:02:16,922 - INFO -     - positivity: 3 条
2026-09-19 05:02:16,922 - INFO -   耗时: 131.43 秒
2026-09-19 05:02:16,922 - INFO - ============================================================
