2026-10-10 05:00:05,620 - INFO - ============================================================
2026-10-10 05:00:05,620 - INFO - 开始每日内容生成任务 - 2026-10-10 05:00:05
2026-10-10 05:00:05,620 - INFO - 目标: 5 个分类 x 3 条 = 15 条内容
2026-10-10 05:00:05,620 - INFO - 调用硅基流动API (尝试 1/3)...
2026-10-10 05:01:09,060 - INFO - HTTP Request: POST https://api.siliconflow.cn/v1/chat/completions "HTTP/1.1 200 OK"
2026-10-10 05:01:09,074 - WARNING - 获取 12 条，期望 15 条
2026-10-10 05:01:09,074 - INFO - 成功获取 12 条语录
2026-10-10 05:01:09,086 - INFO - [1/12] 处理 morning 分类...
2026-10-10 05:01:09,580 - INFO - ✓ 成功: morning - Embrace the sunrise, for it ma...
2026-10-10 05:01:09,582 - INFO - [2/12] 处理 motivation 分类...
2026-10-10 05:01:10,421 - INFO - ✓ 成功: motivation - The journey towards success is...
2026-10-10 05:01:10,423 - INFO - [3/12] 处理 gratitude 分类...
2026-10-10 05:01:10,740 - INFO - ✓ 成功: gratitude - Be grateful for the blessings ...
2026-10-10 05:01:10,740 - INFO - [4/12] 处理 mindfulness 分类...
2026-10-10 05:01:11,312 - INFO - ✓ 成功: mindfulness - Mindfulness is the art of bein...
2026-10-10 05:01:11,313 - INFO - [5/12] 处理 positivity 分类...
2026-10-10 05:01:12,019 - INFO - ✓ 成功: positivity - Spread joy by sharing your pos...
2026-10-10 05:01:12,019 - INFO - [6/12] 处理 mindfulness 分类...
2026-10-10 05:01:12,345 - INFO - ✓ 成功: mindfulness - Embrace the present, for it is...
2026-10-10 05:01:12,345 - INFO - [7/12] 处理 motivation 分类...
2026-10-10 05:01:12,680 - INFO - ✓ 成功: motivation - Believe in your own strength a...
2026-10-10 05:01:12,680 - INFO - [8/12] 处理 gratitude 分类...
2026-10-10 05:01:13,347 - INFO - ✓ 成功: gratitude - Gratitude is the key to unlock...
2026-10-10 05:01:13,347 - INFO - [9/12] 处理 motivation 分类...
2026-10-10 05:01:14,190 - INFO - ✓ 成功: motivation - Perseverance through challenge...
2026-10-10 05:01:14,190 - INFO - [10/12] 处理 mindfulness 分类...
2026-10-10 05:01:14,698 - INFO - ✓ 成功: mindfulness - Daily mindfulness can lead to ...
2026-10-10 05:01:14,698 - INFO - [11/12] 处理 positivity 分类...
2026-10-10 05:01:15,357 - INFO - ✓ 成功: positivity - Live each day with a positive ...
2026-10-10 05:01:15,357 - INFO - [12/12] 处理 gratitude 分类...
2026-10-10 05:01:15,801 - INFO - ✓ 成功: gratitude - Every moment is a new beginnin...
2026-10-10 05:01:15,801 - INFO - ============================================================
2026-10-10 05:01:15,801 - INFO - 任务完成汇总:
2026-10-10 05:01:15,801 - INFO -   成功: 12 条
2026-10-10 05:01:15,801 - INFO -   失败: 0 条
2026-10-10 05:01:15,801 - INFO -   各分类统计:
2026-10-10 05:01:15,801 - INFO -     - morning: 1 条
2026-10-10 05:01:15,801 - INFO -     - motivation: 3 条
2026-10-10 05:01:15,801 - INFO -     - gratitude: 3 条
2026-10-10 05:01:15,801 - INFO -     - mindfulness: 3 条
2026-10-10 05:01:15,801 - INFO -     - positivity: 2 条
2026-10-10 05:01:15,801 - INFO -   耗时: 70.18 秒
2026-10-10 05:01:15,801 - INFO - ============================================================
