2026-09-25 05:00:05,023 - INFO - ============================================================
2026-09-25 05:00:05,023 - INFO - 开始每日内容生成任务 - 2026-09-25 05:00:05
2026-09-25 05:00:05,023 - INFO - 目标: 5 个分类 x 3 条 = 15 条内容
2026-09-25 05:00:05,023 - INFO - 调用硅基流动API (尝试 1/3)...
2026-09-25 05:01:02,895 - INFO - HTTP Request: POST https://api.siliconflow.cn/v1/chat/completions "HTTP/1.1 200 OK"
2026-09-25 05:01:02,911 - INFO - 成功获取 15 条语录
2026-09-25 05:01:02,936 - INFO - [1/15] 处理 morning 分类...
2026-09-25 05:01:03,888 - INFO - ✓ 成功: morning - Embrace the sunrise, for it si...
2026-09-25 05:01:03,891 - INFO - [2/15] 处理 motivation 分类...
2026-09-25 05:01:04,248 - INFO - ✓ 成功: motivation - Strength is not just overcomin...
2026-09-25 05:01:04,248 - INFO - [3/15] 处理 gratitude 分类...
2026-09-25 05:01:04,746 - INFO - ✓ 成功: gratitude - Counting our blessings is like...
2026-09-25 05:01:04,746 - INFO - [4/15] 处理 mindfulness 分类...
2026-09-25 05:01:05,472 - INFO - ✓ 成功: mindfulness - Mindfulness is the art of bein...
2026-09-25 05:01:05,474 - INFO - [5/15] 处理 positivity 分类...
2026-09-25 05:01:06,059 - INFO - ✓ 成功: positivity - Positivity is the choice to se...
2026-09-25 05:01:06,059 - INFO - [6/15] 处理 morning 分类...
2026-09-25 05:01:06,389 - INFO - ✓ 成功: morning - Each morning, we have a new ch...
2026-09-25 05:01:06,389 - INFO - [7/15] 处理 motivation 分类...
2026-09-25 05:01:07,008 - INFO - ✓ 成功: motivation - Perseverance is the fuel that ...
2026-09-25 05:01:07,009 - INFO - [8/15] 处理 gratitude 分类...
2026-09-25 05:01:07,528 - INFO - ✓ 成功: gratitude - Gratitude for what we have all...
2026-09-25 05:01:07,528 - INFO - [9/15] 处理 mindfulness 分类...
2026-09-25 05:01:07,961 - INFO - ✓ 成功: mindfulness - Mindfulness is the key to find...
2026-09-25 05:01:07,962 - INFO - [10/15] 处理 positivity 分类...
2026-09-25 05:01:08,121 - INFO - ✓ 成功: positivity - Positivity is the key to unloc...
2026-09-25 05:01:08,121 - INFO - [11/15] 处理 morning 分类...
2026-09-25 05:01:08,556 - INFO - ✓ 成功: morning - Each day is a new chapter, a p...
2026-09-25 05:01:08,556 - INFO - [12/15] 处理 motivation 分类...
2026-09-25 05:01:09,293 - INFO - ✓ 成功: motivation - Perseverance builds character ...
2026-09-25 05:01:09,293 - INFO - [13/15] 处理 gratitude 分类...
2026-09-25 05:01:09,619 - INFO - ✓ 成功: gratitude - Counting our blessings is a pr...
2026-09-25 05:01:09,619 - INFO - [14/15] 处理 mindfulness 分类...
2026-09-25 05:01:10,273 - INFO - ✓ 成功: mindfulness - Mindfulness is the practice of...
2026-09-25 05:01:10,273 - INFO - [15/15] 处理 positivity 分类...
2026-09-25 05:01:10,703 - INFO - ✓ 成功: positivity - Positivity is the choice to fi...
2026-09-25 05:01:10,704 - INFO - ============================================================
2026-09-25 05:01:10,704 - INFO - 任务完成汇总:
2026-09-25 05:01:10,704 - INFO -   成功: 15 条
2026-09-25 05:01:10,704 - INFO -   失败: 0 条
2026-09-25 05:01:10,704 - INFO -   各分类统计:
2026-09-25 05:01:10,704 - INFO -     - morning: 3 条
2026-09-25 05:01:10,704 - INFO -     - motivation: 3 条
2026-09-25 05:01:10,704 - INFO -     - gratitude: 3 条
2026-09-25 05:01:10,704 - INFO -     - mindfulness: 3 条
2026-09-25 05:01:10,704 - INFO -     - positivity: 3 条
2026-09-25 05:01:10,704 - INFO -   耗时: 65.68 秒
2026-09-25 05:01:10,704 - INFO - ============================================================
