2026-10-07 05:00:05,948 - INFO - ============================================================
2026-10-07 05:00:05,949 - INFO - 开始每日内容生成任务 - 2026-10-07 05:00:05
2026-10-07 05:00:05,949 - INFO - 目标: 5 个分类 x 3 条 = 15 条内容
2026-10-07 05:00:05,949 - INFO - 调用硅基流动API (尝试 1/3)...
2026-10-07 05:01:07,262 - INFO - HTTP Request: POST https://api.siliconflow.cn/v1/chat/completions "HTTP/1.1 200 OK"
2026-10-07 05:01:07,277 - WARNING - 获取 14 条，期望 15 条
2026-10-07 05:01:07,278 - INFO - 成功获取 14 条语录
2026-10-07 05:01:07,291 - INFO - [1/14] 处理 morning 分类...
2026-10-07 05:01:08,029 - INFO - ✓ 成功: morning - Dawn whispers soft promises of...
2026-10-07 05:01:08,031 - INFO - [2/14] 处理 motivation 分类...
2026-10-07 05:01:08,384 - INFO - ✓ 成功: motivation - Perseverance is the hard journ...
2026-10-07 05:01:08,385 - INFO - [3/14] 处理 gratitude 分类...
2026-10-07 05:01:09,330 - INFO - ✓ 成功: gratitude - Gratitude turns what we have i...
2026-10-07 05:01:09,332 - INFO - [4/14] 处理 mindfulness 分类...
2026-10-07 05:01:10,102 - INFO - ✓ 成功: mindfulness - Mindfulness is the art of bein...
2026-10-07 05:01:10,102 - INFO - [5/14] 处理 positivity 分类...
2026-10-07 05:01:10,852 - INFO - ✓ 成功: positivity -  Positivity is the spring rain...
2026-10-07 05:01:10,853 - INFO - [6/14] 处理 morning 分类...
2026-10-07 05:01:11,563 - INFO - ✓ 成功: morning - New beginnings are born in the...
2026-10-07 05:01:11,563 - INFO - [7/14] 处理 motivation 分类...
2026-10-07 05:01:11,913 - INFO - ✓ 成功: motivation - Success is not final, failure ...
2026-10-07 05:01:11,913 - INFO - [8/14] 处理 gratitude 分类...
2026-10-07 05:01:12,270 - INFO - ✓ 成功: gratitude - Appreciation is the antithesis...
2026-10-07 05:01:12,270 - INFO - [9/14] 处理 mindfulness 分类...
2026-10-07 05:01:13,042 - INFO - ✓ 成功: mindfulness - Mindfulness is the bridge betw...
2026-10-07 05:01:13,042 - INFO - [10/14] 处理 positivity 分类...
2026-10-07 05:01:13,618 - INFO - ✓ 成功: positivity - Happiness is a butterfly, the ...
2026-10-07 05:01:13,618 - INFO - [11/14] 处理 morning 分类...
2026-10-07 05:01:14,204 - INFO - ✓ 成功: morning - Dawn is the time when hope is ...
2026-10-07 05:01:14,204 - INFO - [12/14] 处理 motivation 分类...
2026-10-07 05:01:14,723 - INFO - ✓ 成功: motivation - Strength is not just about pow...
2026-10-07 05:01:14,723 - INFO - [13/14] 处理 gratitude 分类...
2026-10-07 05:01:15,230 - INFO - ✓ 成功: gratitude - Gratitude is the sun that warm...
2026-10-07 05:01:15,231 - INFO - [14/14] 处理 mindfulness 分类...
2026-10-07 05:01:15,961 - INFO - ✓ 成功: mindfulness - Mindfulness is the art of noti...
2026-10-07 05:01:15,962 - INFO - ============================================================
2026-10-07 05:01:15,962 - INFO - 任务完成汇总:
2026-10-07 05:01:15,962 - INFO -   成功: 14 条
2026-10-07 05:01:15,962 - INFO -   失败: 0 条
2026-10-07 05:01:15,962 - INFO -   各分类统计:
2026-10-07 05:01:15,962 - INFO -     - morning: 3 条
2026-10-07 05:01:15,962 - INFO -     - motivation: 3 条
2026-10-07 05:01:15,962 - INFO -     - gratitude: 3 条
2026-10-07 05:01:15,962 - INFO -     - mindfulness: 3 条
2026-10-07 05:01:15,962 - INFO -     - positivity: 2 条
2026-10-07 05:01:15,962 - INFO -   耗时: 70.01 秒
2026-10-07 05:01:15,962 - INFO - ============================================================
