2026-04-14 05:00:04,797 - INFO - ============================================================
2026-04-14 05:00:04,797 - INFO - 开始每日内容生成任务 - 2026-04-14 05:00:04
2026-04-14 05:00:04,797 - INFO - 目标: 5 个分类 x 3 条 = 15 条内容
2026-04-14 05:00:04,797 - INFO - 调用硅基流动API (尝试 1/3)...
2026-04-14 05:00:46,051 - INFO - HTTP Request: POST https://api.siliconflow.cn/v1/chat/completions "HTTP/1.1 200 OK"
2026-04-14 05:00:46,065 - WARNING - 获取 12 条，期望 15 条
2026-04-14 05:00:46,066 - INFO - 成功获取 12 条语录
2026-04-14 05:00:46,077 - INFO - [1/12] 处理 morning 分类...
2026-04-14 05:00:46,639 - INFO - ✓ 成功: morning - Dawn whispers the promise of t...
2026-04-14 05:00:46,639 - INFO - [2/12] 处理 motivation 分类...
2026-04-14 05:00:47,362 - INFO - ✓ 成功: motivation - Perseverance is the rock on wh...
2026-04-14 05:00:47,363 - INFO - [3/12] 处理 gratitude 分类...
2026-04-14 05:00:47,765 - INFO - ✓ 成功: gratitude - Gratitude is the sun that ligh...
2026-04-14 05:00:47,765 - INFO - [4/12] 处理 mindfulness 分类...
2026-04-14 05:00:48,592 - INFO - ✓ 成功: mindfulness - Mindfulness is the art of bein...
2026-04-14 05:00:48,593 - INFO - [5/12] 处理 positivity 分类...
2026-04-14 05:00:49,281 - INFO - ✓ 成功: positivity - Positivity is the energy that ...
2026-04-14 05:00:49,281 - INFO - [6/12] 处理 morning 分类...
2026-04-14 05:00:49,614 - INFO - ✓ 成功: morning - A sunrise whispers the promise...
2026-04-14 05:00:49,614 - INFO - [7/12] 处理 motivation 分类...
2026-04-14 05:00:50,136 - INFO - ✓ 成功: motivation - Success is a journey, not a de...
2026-04-14 05:00:50,137 - INFO - [8/12] 处理 gratitude 分类...
2026-04-14 05:00:50,462 - INFO - ✓ 成功: gratitude - Gratitude is not merely a stat...
2026-04-14 05:00:50,462 - INFO - [9/12] 处理 mindfulness 分类...
2026-04-14 05:00:50,780 - INFO - ✓ 成功: mindfulness - Mindfulness is the art of bein...
2026-04-14 05:00:50,781 - INFO - [10/12] 处理 positivity 分类...
2026-04-14 05:00:50,941 - INFO - ✓ 成功: positivity - Positivity is the sunshine tha...
2026-04-14 05:00:50,941 - INFO - [11/12] 处理 morning 分类...
2026-04-14 05:00:51,263 - INFO - ✓ 成功: morning - A fresh start is a chance to r...
2026-04-14 05:00:51,263 - INFO - [12/12] 处理 motivation 分类...
2026-04-14 05:00:51,482 - INFO - ✓ 成功: motivation - Perseverance is the key to ach...
2026-04-14 05:00:51,483 - INFO - ============================================================
2026-04-14 05:00:51,483 - INFO - 任务完成汇总:
2026-04-14 05:00:51,483 - INFO -   成功: 12 条
2026-04-14 05:00:51,483 - INFO -   失败: 0 条
2026-04-14 05:00:51,483 - INFO -   各分类统计:
2026-04-14 05:00:51,483 - INFO -     - morning: 3 条
2026-04-14 05:00:51,483 - INFO -     - motivation: 3 条
2026-04-14 05:00:51,483 - INFO -     - gratitude: 2 条
2026-04-14 05:00:51,483 - INFO -     - mindfulness: 2 条
2026-04-14 05:00:51,483 - INFO -     - positivity: 2 条
2026-04-14 05:00:51,483 - INFO -   耗时: 46.69 秒
2026-04-14 05:00:51,483 - INFO - ============================================================
