2026-05-13 05:00:05,064 - INFO - ============================================================
2026-05-13 05:00:05,064 - INFO - 开始每日内容生成任务 - 2026-05-13 05:00:05
2026-05-13 05:00:05,064 - INFO - 目标: 5 个分类 x 3 条 = 15 条内容
2026-05-13 05:00:05,065 - INFO - 调用硅基流动API (尝试 1/3)...
2026-05-13 05:01:55,663 - INFO - HTTP Request: POST https://api.siliconflow.cn/v1/chat/completions "HTTP/1.1 200 OK"
2026-05-13 05:01:55,676 - ERROR - JSON解析失败 (尝试 1): Invalid control character at: line 3 column 84 (char 91)
2026-05-13 05:02:00,681 - INFO - 调用硅基流动API (尝试 2/3)...
2026-05-13 05:03:52,122 - INFO - HTTP Request: POST https://api.siliconflow.cn/v1/chat/completions "HTTP/1.1 200 OK"
2026-05-13 05:03:52,125 - ERROR - JSON解析失败 (尝试 2): Unterminated string starting at: line 3 column 20 (char 27)
2026-05-13 05:03:57,127 - INFO - 调用硅基流动API (尝试 3/3)...
2026-05-13 05:05:26,321 - INFO - HTTP Request: POST https://api.siliconflow.cn/v1/chat/completions "HTTP/1.1 200 OK"
2026-05-13 05:05:26,322 - ERROR - JSON解析失败 (尝试 3): Expecting ',' delimiter: line 4 column 36 (char 196)
2026-05-13 05:05:26,323 - ERROR - 任务执行失败: Expecting ',' delimiter: line 4 column 36 (char 196)
2026-05-13 05:05:26,325 - ERROR - Traceback (most recent call last):
  File "/opt/daily_morning_vibes/auto_daily_generator.py", line 272, in main
    quotes = fetch_quotes_from_siliconflow()
  File "/opt/daily_morning_vibes/auto_daily_generator.py", line 224, in fetch_quotes_from_siliconflow
    quotes = json.loads(clean_text)
  File "/usr/local/python3/lib/python3.9/json/__init__.py", line 346, in loads
    return _default_decoder.decode(s)
  File "/usr/local/python3/lib/python3.9/json/decoder.py", line 337, in decode
    obj, end = self.raw_decode(s, idx=_w(s, 0).end())
  File "/usr/local/python3/lib/python3.9/json/decoder.py", line 353, in raw_decode
    obj, end = self.scan_once(s, idx)
json.decoder.JSONDecodeError: Expecting ',' delimiter: line 4 column 36 (char 196)

