2026-10-05 05:00:05,592 - INFO - ============================================================
2026-10-05 05:00:05,592 - INFO - 开始每日内容生成任务 - 2026-10-05 05:00:05
2026-10-05 05:00:05,592 - INFO - 目标: 5 个分类 x 3 条 = 15 条内容
2026-10-05 05:00:05,592 - INFO - 调用硅基流动API (尝试 1/3)...
2026-10-05 05:01:14,958 - INFO - HTTP Request: POST https://api.siliconflow.cn/v1/chat/completions "HTTP/1.1 200 OK"
2026-10-05 05:01:14,974 - WARNING - 获取 14 条，期望 15 条
2026-10-05 05:01:14,974 - INFO - 成功获取 14 条语录
2026-10-05 05:01:14,986 - INFO - [1/14] 处理 morning 分类...
2026-10-05 05:01:15,885 - INFO - ✓ 成功: morning - Embrace the dawn, for it holds...
2026-10-05 05:01:15,887 - INFO - [2/14] 处理 motivation 分类...
2026-10-05 05:01:16,112 - INFO - ✓ 成功: motivation - Fortress your resolve, for eve...
2026-10-05 05:01:16,112 - INFO - [3/14] 处理 gratitude 分类...
2026-10-05 05:01:16,450 - INFO - ✓ 成功: gratitude - Count your blessings, for each...
2026-10-05 05:01:16,450 - INFO - [4/14] 处理 mindfulness 分类...
2026-10-05 05:01:16,796 - INFO - ✓ 成功: mindfulness - Find peace in the stillness, f...
2026-10-05 05:01:16,796 - INFO - [5/14] 处理 positivity 分类...
2026-10-05 05:01:17,397 - INFO - ✓ 成功: positivity - Spread joy like a contagion; i...
2026-10-05 05:01:17,402 - INFO - [6/14] 处理 morning 分类...
2026-10-05 05:01:17,990 - INFO - ✓ 成功: morning - Seize the day, for yesterday i...
2026-10-05 05:01:17,990 - INFO - [7/14] 处理 motivation 分类...
2026-10-05 05:01:18,477 - INFO - ✓ 成功: motivation - Pursue your dreams relentlessl...
2026-10-05 05:01:18,477 - INFO - [8/14] 处理 gratitude 分类...
2026-10-05 05:01:19,421 - INFO - ✓ 成功: gratitude - Appreciate the little things, ...
2026-10-05 05:01:19,421 - INFO - [9/14] 处理 mindfulness 分类...
2026-10-05 05:01:19,832 - INFO - ✓ 成功: mindfulness - Stay present in the moment, an...
2026-10-05 05:01:19,833 - INFO - [10/14] 处理 positivity 分类...
2026-10-05 05:01:20,172 - INFO - ✓ 成功: positivity - Keep your heart open to positi...
2026-10-05 05:01:20,172 - INFO - [11/14] 处理 gratitude 分类...
2026-10-05 05:01:20,873 - INFO - ✓ 成功: gratitude - Begin each day with gratitude,...
2026-10-05 05:01:20,873 - INFO - [12/14] 处理 motivation 分类...
2026-10-05 05:01:21,156 - INFO - ✓ 成功: motivation - Never let fear hold you back; ...
2026-10-05 05:01:21,157 - INFO - [13/14] 处理 mindfulness 分类...
2026-10-05 05:01:21,778 - INFO - ✓ 成功: mindfulness - Be mindful of the moments that...
2026-10-05 05:01:21,778 - INFO - [14/14] 处理 positivity 分类...
2026-10-05 05:01:22,773 - INFO - ✓ 成功: positivity - Embrace the power of positive ...
2026-10-05 05:01:22,773 - INFO - ============================================================
2026-10-05 05:01:22,774 - INFO - 任务完成汇总:
2026-10-05 05:01:22,774 - INFO -   成功: 14 条
2026-10-05 05:01:22,774 - INFO -   失败: 0 条
2026-10-05 05:01:22,774 - INFO -   各分类统计:
2026-10-05 05:01:22,774 - INFO -     - morning: 2 条
2026-10-05 05:01:22,774 - INFO -     - motivation: 3 条
2026-10-05 05:01:22,774 - INFO -     - gratitude: 3 条
2026-10-05 05:01:22,774 - INFO -     - mindfulness: 3 条
2026-10-05 05:01:22,774 - INFO -     - positivity: 3 条
2026-10-05 05:01:22,774 - INFO -   耗时: 77.18 秒
2026-10-05 05:01:22,774 - INFO - ============================================================
