2026-10-04 05:00:05,411 - INFO - ============================================================
2026-10-04 05:00:05,412 - INFO - 开始每日内容生成任务 - 2026-10-04 05:00:05
2026-10-04 05:00:05,412 - INFO - 目标: 5 个分类 x 3 条 = 15 条内容
2026-10-04 05:00:05,412 - INFO - 调用硅基流动API (尝试 1/3)...
2026-10-04 05:01:28,842 - INFO - HTTP Request: POST https://api.siliconflow.cn/v1/chat/completions "HTTP/1.1 200 OK"
2026-10-04 05:01:28,855 - INFO - 成功获取 15 条语录
2026-10-04 05:01:28,870 - INFO - [1/15] 处理 morning 分类...
2026-10-04 05:01:29,644 - INFO - ✓ 成功: morning - The sunrise is more than just ...
2026-10-04 05:01:29,647 - INFO - [2/15] 处理 motivation 分类...
2026-10-04 05:01:29,822 - INFO - ✓ 成功: motivation - Strength is not just lifting w...
2026-10-04 05:01:29,822 - INFO - [3/15] 处理 gratitude 分类...
2026-10-04 05:01:30,593 - INFO - ✓ 成功: gratitude - Appreciate the blessings you h...
2026-10-04 05:01:30,596 - INFO - [4/15] 处理 mindfulness 分类...
2026-10-04 05:01:31,201 - INFO - ✓ 成功: mindfulness - Being present is not just a mo...
2026-10-04 05:01:31,202 - INFO - [5/15] 处理 positivity 分类...
2026-10-04 05:01:31,435 - INFO - ✓ 成功: positivity - Spread positivity like a fragr...
2026-10-04 05:01:31,435 - INFO - [6/15] 处理 morning 分类...
2026-10-04 05:01:31,931 - INFO - ✓ 成功: morning - The dawn of a new day is a tim...
2026-10-04 05:01:31,932 - INFO - [7/15] 处理 motivation 分类...
2026-10-04 05:01:32,148 - INFO - ✓ 成功: motivation - Perseverance is the secret to ...
2026-10-04 05:01:32,149 - INFO - [8/15] 处理 gratitude 分类...
2026-10-04 05:01:33,152 - INFO - ✓ 成功: gratitude - Gratitude is the oil that lubr...
2026-10-04 05:01:33,152 - INFO - [9/15] 处理 mindfulness 分类...
2026-10-04 05:01:33,893 - INFO - ✓ 成功: mindfulness - Mindfulness is not just a prac...
2026-10-04 05:01:33,893 - INFO - [10/15] 处理 positivity 分类...
2026-10-04 05:01:34,657 - INFO - ✓ 成功: positivity - Positive thinking is the beaco...
2026-10-04 05:01:34,657 - INFO - [11/15] 处理 morning 分类...
2026-10-04 05:01:34,999 - INFO - ✓ 成功: morning - Each morning is a fresh start,...
2026-10-04 05:01:34,999 - INFO - [12/15] 处理 motivation 分类...
2026-10-04 05:01:35,464 - INFO - ✓ 成功: motivation - Strength is not just about lif...
2026-10-04 05:01:35,464 - INFO - [13/15] 处理 gratitude 分类...
2026-10-04 05:01:36,235 - INFO - ✓ 成功: gratitude - Gratitude is the silent way to...
2026-10-04 05:01:36,236 - INFO - [14/15] 处理 mindfulness 分类...
2026-10-04 05:01:36,982 - INFO - ✓ 成功: mindfulness - Mindfulness is the art of bein...
2026-10-04 05:01:36,982 - INFO - [15/15] 处理 positivity 分类...
2026-10-04 05:01:37,334 - INFO - ✓ 成功: positivity - Positive thinking is the key t...
2026-10-04 05:01:37,334 - INFO - ============================================================
2026-10-04 05:01:37,334 - INFO - 任务完成汇总:
2026-10-04 05:01:37,334 - INFO -   成功: 15 条
2026-10-04 05:01:37,334 - INFO -   失败: 0 条
2026-10-04 05:01:37,334 - INFO -   各分类统计:
2026-10-04 05:01:37,334 - INFO -     - morning: 3 条
2026-10-04 05:01:37,334 - INFO -     - motivation: 3 条
2026-10-04 05:01:37,334 - INFO -     - gratitude: 3 条
2026-10-04 05:01:37,334 - INFO -     - mindfulness: 3 条
2026-10-04 05:01:37,334 - INFO -     - positivity: 3 条
2026-10-04 05:01:37,334 - INFO -   耗时: 91.92 秒
2026-10-04 05:01:37,335 - INFO - ============================================================
