2026-04-22 05:00:04,675 - INFO - ============================================================
2026-04-22 05:00:04,676 - INFO - 开始每日内容生成任务 - 2026-04-22 05:00:04
2026-04-22 05:00:04,676 - INFO - 目标: 5 个分类 x 3 条 = 15 条内容
2026-04-22 05:00:04,676 - INFO - 调用硅基流动API (尝试 1/3)...
2026-04-22 05:02:04,136 - INFO - HTTP Request: POST https://api.siliconflow.cn/v1/chat/completions "HTTP/1.1 200 OK"
2026-04-22 05:02:04,151 - ERROR - JSON解析失败 (尝试 1): Expecting ',' delimiter: line 4 column 92 (char 188)
2026-04-22 05:02:09,155 - INFO - 调用硅基流动API (尝试 2/3)...
2026-04-22 05:02:45,139 - INFO - HTTP Request: POST https://api.siliconflow.cn/v1/chat/completions "HTTP/1.1 200 OK"
2026-04-22 05:02:45,143 - WARNING - 获取 9 条，期望 15 条
2026-04-22 05:02:45,143 - INFO - 成功获取 9 条语录
2026-04-22 05:02:45,163 - INFO - [1/9] 处理 morning 分类...
2026-04-22 05:02:45,938 - INFO - ✓ 成功: morning - The sun is a new beginning eve...
2026-04-22 05:02:45,938 - INFO - [2/9] 处理 motivation 分类...
2026-04-22 05:02:46,512 - INFO - ✓ 成功: motivation - True strength lies not in neve...
2026-04-22 05:02:46,512 - INFO - [3/9] 处理 gratitude 分类...
2026-04-22 05:02:47,063 - INFO - ✓ 成功: gratitude - Every day is an opportunity to...
2026-04-22 05:02:47,063 - INFO - [4/9] 处理 mindfulness 分类...
2026-04-22 05:02:47,615 - INFO - ✓ 成功: mindfulness - Being present is like planting...
2026-04-22 05:02:47,615 - INFO - [5/9] 处理 positivity 分类...
2026-04-22 05:02:48,269 - INFO - ✓ 成功: positivity - Spread joy like confetti; it b...
2026-04-22 05:02:48,270 - INFO - [6/9] 处理 motivation 分类...
2026-04-22 05:02:48,976 - INFO - ✓ 成功: motivation - Success is not just about achi...
2026-04-22 05:02:48,976 - INFO - [7/9] 处理 gratitude 分类...
2026-04-22 05:02:49,695 - INFO - ✓ 成功: gratitude - Gratitude is the oxygen of the...
2026-04-22 05:02:49,695 - INFO - [8/9] 处理 mindfulness 分类...
2026-04-22 05:02:49,966 - INFO - ✓ 成功: mindfulness - Mindfulness is like a lighthou...
2026-04-22 05:02:49,967 - INFO - [9/9] 处理 positivity 分类...
2026-04-22 05:02:50,452 - INFO - ✓ 成功: positivity - Positivity is the sun; it melt...
2026-04-22 05:02:50,452 - INFO - ============================================================
2026-04-22 05:02:50,452 - INFO - 任务完成汇总:
2026-04-22 05:02:50,452 - INFO -   成功: 9 条
2026-04-22 05:02:50,452 - INFO -   失败: 0 条
2026-04-22 05:02:50,452 - INFO -   各分类统计:
2026-04-22 05:02:50,452 - INFO -     - morning: 1 条
2026-04-22 05:02:50,452 - INFO -     - motivation: 2 条
2026-04-22 05:02:50,452 - INFO -     - gratitude: 2 条
2026-04-22 05:02:50,452 - INFO -     - mindfulness: 2 条
2026-04-22 05:02:50,452 - INFO -     - positivity: 2 条
2026-04-22 05:02:50,452 - INFO -   耗时: 165.78 秒
2026-04-22 05:02:50,452 - INFO - ============================================================
