2026-03-24 05:00:04,511 - INFO - ============================================================
2026-03-24 05:00:04,511 - INFO - 开始每日内容生成任务 - 2026-03-24 05:00:04
2026-03-24 05:00:04,512 - INFO - 目标: 5 个分类 x 3 条 = 15 条内容
2026-03-24 05:00:04,512 - INFO - 调用硅基流动API (尝试 1/3)...
2026-03-24 05:00:27,152 - INFO - HTTP Request: POST https://api.siliconflow.cn/v1/chat/completions "HTTP/1.1 200 OK"
2026-03-24 05:00:27,168 - ERROR - JSON解析失败 (尝试 1): Expecting property name enclosed in double quotes: line 20 column 5 (char 2703)
2026-03-24 05:00:32,173 - INFO - 调用硅基流动API (尝试 2/3)...
2026-03-24 05:00:47,345 - INFO - HTTP Request: POST https://api.siliconflow.cn/v1/chat/completions "HTTP/1.1 200 OK"
2026-03-24 05:00:47,347 - WARNING - 获取 5 条，期望 15 条
2026-03-24 05:00:47,347 - INFO - 成功获取 5 条语录
2026-03-24 05:00:47,360 - INFO - [1/5] 处理 morning 分类...
2026-03-24 05:00:47,547 - INFO - ✓ 成功: morning - Dawn breaks not only the sky b...
2026-03-24 05:00:47,548 - INFO - [2/5] 处理 motivation 分类...
2026-03-24 05:00:47,830 - INFO - ✓ 成功: motivation - Perseverance is the silent ene...
2026-03-24 05:00:47,830 - INFO - [3/5] 处理 gratitude 分类...
2026-03-24 05:00:48,346 - INFO - ✓ 成功: gratitude - Gratitude is the sun that make...
2026-03-24 05:00:48,346 - INFO - [4/5] 处理 mindfulness 分类...
2026-03-24 05:00:48,775 - INFO - ✓ 成功: mindfulness - Mindfulness is the art of livi...
2026-03-24 05:00:48,775 - INFO - [5/5] 处理 positivity 分类...
2026-03-24 05:00:49,267 - INFO - ✓ 成功: positivity - Positivity is the fragrance th...
2026-03-24 05:00:49,267 - INFO - ============================================================
2026-03-24 05:00:49,267 - INFO - 任务完成汇总:
2026-03-24 05:00:49,267 - INFO -   成功: 5 条
2026-03-24 05:00:49,267 - INFO -   失败: 0 条
2026-03-24 05:00:49,267 - INFO -   各分类统计:
2026-03-24 05:00:49,267 - INFO -     - morning: 1 条
2026-03-24 05:00:49,267 - INFO -     - motivation: 1 条
2026-03-24 05:00:49,267 - INFO -     - gratitude: 1 条
2026-03-24 05:00:49,267 - INFO -     - mindfulness: 1 条
2026-03-24 05:00:49,267 - INFO -     - positivity: 1 条
2026-03-24 05:00:49,267 - INFO -   耗时: 44.76 秒
2026-03-24 05:00:49,267 - INFO - ============================================================
