2026-04-18 05:00:04,844 - INFO - ============================================================
2026-04-18 05:00:04,844 - INFO - 开始每日内容生成任务 - 2026-04-18 05:00:04
2026-04-18 05:00:04,844 - INFO - 目标: 5 个分类 x 3 条 = 15 条内容
2026-04-18 05:00:04,844 - INFO - 调用硅基流动API (尝试 1/3)...
2026-04-18 05:00:40,811 - INFO - HTTP Request: POST https://api.siliconflow.cn/v1/chat/completions "HTTP/1.1 200 OK"
2026-04-18 05:00:40,828 - ERROR - JSON解析失败 (尝试 1): Expecting ',' delimiter: line 46 column 554 (char 7627)
2026-04-18 05:00:45,832 - INFO - 调用硅基流动API (尝试 2/3)...
2026-04-18 05:01:22,633 - INFO - HTTP Request: POST https://api.siliconflow.cn/v1/chat/completions "HTTP/1.1 200 OK"
2026-04-18 05:01:22,636 - INFO - 成功获取 15 条语录
2026-04-18 05:01:22,648 - INFO - [1/15] 处理 morning 分类...
2026-04-18 05:01:23,220 - INFO - ✓ 成功: morning - Embrace each morning like a ch...
2026-04-18 05:01:23,221 - INFO - [2/15] 处理 motivation 分类...
2026-04-18 05:01:24,158 - INFO - ✓ 成功: motivation - The hardest tasks often become...
2026-04-18 05:01:24,158 - INFO - [3/15] 处理 gratitude 分类...
2026-04-18 05:01:24,478 - INFO - ✓ 成功: gratitude - Gratitude is the sunshine in y...
2026-04-18 05:01:24,478 - INFO - [4/15] 处理 mindfulness 分类...
2026-04-18 05:01:25,248 - INFO - ✓ 成功: mindfulness - Mindfulness is the art of stay...
2026-04-18 05:01:25,248 - INFO - [5/15] 处理 positivity 分类...
2026-04-18 05:01:26,063 - INFO - ✓ 成功: positivity - Spread positivity like wildflo...
2026-04-18 05:01:26,064 - INFO - [6/15] 处理 morning 分类...
2026-04-18 05:01:26,743 - INFO - ✓ 成功: morning - Every day is a new canvas for ...
2026-04-18 05:01:26,743 - INFO - [7/15] 处理 motivation 分类...
2026-04-18 05:01:27,283 - INFO - ✓ 成功: motivation - Persistence is the bridge that...
2026-04-18 05:01:27,283 - INFO - [8/15] 处理 gratitude 分类...
2026-04-18 05:01:27,655 - INFO - ✓ 成功: gratitude - Daily gratitude is like a ligh...
2026-04-18 05:01:27,656 - INFO - [9/15] 处理 mindfulness 分类...
2026-04-18 05:01:27,942 - INFO - ✓ 成功: mindfulness - Stay fully present in each mom...
2026-04-18 05:01:27,943 - INFO - [10/15] 处理 positivity 分类...
2026-04-18 05:01:28,373 - INFO - ✓ 成功: positivity - Positive thinking is the key t...
2026-04-18 05:01:28,373 - INFO - [11/15] 处理 morning 分类...
2026-04-18 05:01:28,748 - INFO - ✓ 成功: morning - Morning starts the day with a ...
2026-04-18 05:01:28,748 - INFO - [12/15] 处理 motivation 分类...
2026-04-18 05:01:29,619 - INFO - ✓ 成功: motivation - Perseverance is the ladder tha...
2026-04-18 05:01:29,619 - INFO - [13/15] 处理 gratitude 分类...
2026-04-18 05:01:29,941 - INFO - ✓ 成功: gratitude - Gratitude is the lamp that lig...
2026-04-18 05:01:29,942 - INFO - [14/15] 处理 mindfulness 分类...
2026-04-18 05:01:30,389 - INFO - ✓ 成功: mindfulness - Mindfulness is the anchor that...
2026-04-18 05:01:30,389 - INFO - [15/15] 处理 positivity 分类...
2026-04-18 05:01:31,085 - INFO - ✓ 成功: positivity - Positivity is the balm that he...
2026-04-18 05:01:31,085 - INFO - ============================================================
2026-04-18 05:01:31,085 - INFO - 任务完成汇总:
2026-04-18 05:01:31,085 - INFO -   成功: 15 条
2026-04-18 05:01:31,086 - INFO -   失败: 0 条
2026-04-18 05:01:31,086 - INFO -   各分类统计:
2026-04-18 05:01:31,086 - INFO -     - morning: 3 条
2026-04-18 05:01:31,086 - INFO -     - motivation: 3 条
2026-04-18 05:01:31,086 - INFO -     - gratitude: 3 条
2026-04-18 05:01:31,086 - INFO -     - mindfulness: 3 条
2026-04-18 05:01:31,086 - INFO -     - positivity: 3 条
2026-04-18 05:01:31,086 - INFO -   耗时: 86.24 秒
2026-04-18 05:01:31,086 - INFO - ============================================================
