2026-04-10 05:00:04,557 - INFO - ============================================================
2026-04-10 05:00:04,558 - INFO - 开始每日内容生成任务 - 2026-04-10 05:00:04
2026-04-10 05:00:04,558 - INFO - 目标: 5 个分类 x 3 条 = 15 条内容
2026-04-10 05:00:04,558 - INFO - 调用硅基流动API (尝试 1/3)...
2026-04-10 05:00:39,392 - INFO - HTTP Request: POST https://api.siliconflow.cn/v1/chat/completions "HTTP/1.1 200 OK"
2026-04-10 05:00:39,407 - INFO - 成功获取 15 条语录
2026-04-10 05:00:39,420 - INFO - [1/15] 处理 morning 分类...
2026-04-10 05:00:39,858 - INFO - ✓ 成功: morning - Embrace the sunrise; it's a fr...
2026-04-10 05:00:39,858 - INFO - [2/15] 处理 motivation 分类...
2026-04-10 05:00:40,536 - INFO - ✓ 成功: motivation - Finding strength in perseveran...
2026-04-10 05:00:40,537 - INFO - [3/15] 处理 gratitude 分类...
2026-04-10 05:00:40,935 - INFO - ✓ 成功: gratitude - Gratitude is the art of valuin...
2026-04-10 05:00:40,935 - INFO - [4/15] 处理 mindfulness 分类...
2026-04-10 05:00:41,612 - INFO - ✓ 成功: mindfulness - Mindfulness is the practice of...
2026-04-10 05:00:41,613 - INFO - [5/15] 处理 positivity 分类...
2026-04-10 05:00:42,226 - INFO - ✓ 成功: positivity - Positive thinking is the key t...
2026-04-10 05:00:42,226 - INFO - [6/15] 处理 morning 分类...
2026-04-10 05:00:42,517 - INFO - ✓ 成功: morning - Seeking new beginnings each mo...
2026-04-10 05:00:42,517 - INFO - [7/15] 处理 motivation 分类...
2026-04-10 05:00:43,001 - INFO - ✓ 成功: motivation - Perseverance is the key to ach...
2026-04-10 05:00:43,001 - INFO - [8/15] 处理 gratitude 分类...
2026-04-10 05:00:43,539 - INFO - ✓ 成功: gratitude - Gratitude is the simplest path...
2026-04-10 05:00:43,540 - INFO - [9/15] 处理 mindfulness 分类...
2026-04-10 05:00:44,068 - INFO - ✓ 成功: mindfulness - Mindfulness is the art of bein...
2026-04-10 05:00:44,069 - INFO - [10/15] 处理 positivity 分类...
2026-04-10 05:00:44,699 - INFO - ✓ 成功: positivity - Positive thinking can transfor...
2026-04-10 05:00:44,700 - INFO - [11/15] 处理 morning 分类...
2026-04-10 05:00:45,340 - INFO - ✓ 成功: morning - Embracing new beginnings is th...
2026-04-10 05:00:45,342 - INFO - [12/15] 处理 motivation 分类...
2026-04-10 05:00:45,859 - INFO - ✓ 成功: motivation - Perseverance is the key to sta...
2026-04-10 05:00:45,859 - INFO - [13/15] 处理 gratitude 分类...
2026-04-10 05:00:46,517 - INFO - ✓ 成功: gratitude - Gratitude is the act of acknow...
2026-04-10 05:00:46,517 - INFO - [14/15] 处理 mindfulness 分类...
2026-04-10 05:00:46,856 - INFO - ✓ 成功: mindfulness - Mindfulness is the practice of...
2026-04-10 05:00:46,856 - INFO - [15/15] 处理 positivity 分类...
2026-04-10 05:00:47,402 - INFO - ✓ 成功: positivity - Positive thinking can help us ...
2026-04-10 05:00:47,402 - INFO - ============================================================
2026-04-10 05:00:47,402 - INFO - 任务完成汇总:
2026-04-10 05:00:47,402 - INFO -   成功: 15 条
2026-04-10 05:00:47,402 - INFO -   失败: 0 条
2026-04-10 05:00:47,403 - INFO -   各分类统计:
2026-04-10 05:00:47,403 - INFO -     - morning: 3 条
2026-04-10 05:00:47,403 - INFO -     - motivation: 3 条
2026-04-10 05:00:47,403 - INFO -     - gratitude: 3 条
2026-04-10 05:00:47,403 - INFO -     - mindfulness: 3 条
2026-04-10 05:00:47,403 - INFO -     - positivity: 3 条
2026-04-10 05:00:47,403 - INFO -   耗时: 42.84 秒
2026-04-10 05:00:47,403 - INFO - ============================================================
