2026-10-02 05:00:05,447 - INFO - ============================================================
2026-10-02 05:00:05,447 - INFO - 开始每日内容生成任务 - 2026-10-02 05:00:05
2026-10-02 05:00:05,447 - INFO - 目标: 5 个分类 x 3 条 = 15 条内容
2026-10-02 05:00:05,447 - INFO - 调用硅基流动API (尝试 1/3)...
2026-10-02 05:01:00,284 - INFO - HTTP Request: POST https://api.siliconflow.cn/v1/chat/completions "HTTP/1.1 200 OK"
2026-10-02 05:01:00,298 - INFO - 成功获取 15 条语录
2026-10-02 05:01:00,312 - INFO - [1/15] 处理 morning 分类...
2026-10-02 05:01:01,199 - INFO - ✓ 成功: morning - Every sunrise is a new dress t...
2026-10-02 05:01:01,201 - INFO - [2/15] 处理 motivation 分类...
2026-10-02 05:01:01,836 - INFO - ✓ 成功: motivation - The distance between persevera...
2026-10-02 05:01:01,837 - INFO - [3/15] 处理 gratitude 分类...
2026-10-02 05:01:02,444 - INFO - ✓ 成功: gratitude - Count your blessings before yo...
2026-10-02 05:01:02,446 - INFO - [4/15] 处理 mindfulness 分类...
2026-10-02 05:01:02,706 - INFO - ✓ 成功: mindfulness - Mindfulness is the art of noti...
2026-10-02 05:01:02,707 - INFO - [5/15] 处理 positivity 分类...
2026-10-02 05:01:03,266 - INFO - ✓ 成功: positivity - Let positivity be the sunshine...
2026-10-02 05:01:03,266 - INFO - [6/15] 处理 morning 分类...
2026-10-02 05:01:03,985 - INFO - ✓ 成功: morning - Every morning is a blank page ...
2026-10-02 05:01:03,985 - INFO - [7/15] 处理 motivation 分类...
2026-10-02 05:01:04,536 - INFO - ✓ 成功: motivation - Success is not final, failure ...
2026-10-02 05:01:04,536 - INFO - [8/15] 处理 gratitude 分类...
2026-10-02 05:01:05,139 - INFO - ✓ 成功: gratitude - Gratitude is the daily bread o...
2026-10-02 05:01:05,140 - INFO - [9/15] 处理 mindfulness 分类...
2026-10-02 05:01:06,069 - INFO - ✓ 成功: mindfulness - Meditation is the art of findi...
2026-10-02 05:01:06,069 - INFO - [10/15] 处理 positivity 分类...
2026-10-02 05:01:06,498 - INFO - ✓ 成功: positivity - Positive thinking is the oxyge...
2026-10-02 05:01:06,499 - INFO - [11/15] 处理 morning 分类...
2026-10-02 05:01:07,092 - INFO - ✓ 成功: morning - Each sunrise is a gentle remin...
2026-10-02 05:01:07,092 - INFO - [12/15] 处理 motivation 分类...
2026-10-02 05:01:07,722 - INFO - ✓ 成功: motivation - Perseverance is the fuel that ...
2026-10-02 05:01:07,722 - INFO - [13/15] 处理 gratitude 分类...
2026-10-02 05:01:08,012 - INFO - ✓ 成功: gratitude - Gratitude transforms every exp...
2026-10-02 05:01:08,012 - INFO - [14/15] 处理 mindfulness 分类...
2026-10-02 05:01:08,675 - INFO - ✓ 成功: mindfulness - Mindfulness is the key to unlo...
2026-10-02 05:01:08,675 - INFO - [15/15] 处理 positivity 分类...
2026-10-02 05:01:08,968 - INFO - ✓ 成功: positivity - Positive thinking is the found...
2026-10-02 05:01:08,968 - INFO - ============================================================
2026-10-02 05:01:08,968 - INFO - 任务完成汇总:
2026-10-02 05:01:08,968 - INFO -   成功: 15 条
2026-10-02 05:01:08,968 - INFO -   失败: 0 条
2026-10-02 05:01:08,968 - INFO -   各分类统计:
2026-10-02 05:01:08,968 - INFO -     - morning: 3 条
2026-10-02 05:01:08,969 - INFO -     - motivation: 3 条
2026-10-02 05:01:08,969 - INFO -     - gratitude: 3 条
2026-10-02 05:01:08,969 - INFO -     - mindfulness: 3 条
2026-10-02 05:01:08,969 - INFO -     - positivity: 3 条
2026-10-02 05:01:08,969 - INFO -   耗时: 63.52 秒
2026-10-02 05:01:08,969 - INFO - ============================================================
