2026-09-24 05:00:05,442 - INFO - ============================================================
2026-09-24 05:00:05,443 - INFO - 开始每日内容生成任务 - 2026-09-24 05:00:05
2026-09-24 05:00:05,443 - INFO - 目标: 5 个分类 x 3 条 = 15 条内容
2026-09-24 05:00:05,443 - INFO - 调用硅基流动API (尝试 1/3)...
2026-09-24 05:00:53,660 - INFO - HTTP Request: POST https://api.siliconflow.cn/v1/chat/completions "HTTP/1.1 200 OK"
2026-09-24 05:00:53,675 - WARNING - 获取 13 条，期望 15 条
2026-09-24 05:00:53,675 - INFO - 成功获取 13 条语录
2026-09-24 05:00:53,691 - INFO - [1/13] 处理 morning 分类...
2026-09-24 05:00:53,980 - INFO - ✓ 成功: morning - As the sun peeks over the hori...
2026-09-24 05:00:53,981 - INFO - [2/13] 处理 motivation 分类...
2026-09-24 05:00:54,590 - INFO - ✓ 成功: motivation - Strength lies in perseverance,...
2026-09-24 05:00:54,590 - INFO - [3/13] 处理 gratitude 分类...
2026-09-24 05:00:55,423 - INFO - ✓ 成功: gratitude - Gratitude is the key to unlock...
2026-09-24 05:00:55,428 - INFO - [4/13] 处理 mindfulness 分类...
2026-09-24 05:00:56,082 - INFO - ✓ 成功: mindfulness - Mindfulness is the art of bein...
2026-09-24 05:00:56,084 - INFO - [5/13] 处理 positivity 分类...
2026-09-24 05:00:56,841 - INFO - ✓ 成功: positivity - Positivity is the beacon of ho...
2026-09-24 05:00:56,841 - INFO - [6/13] 处理 morning 分类...
2026-09-24 05:00:57,443 - INFO - ✓ 成功: morning - Start your day with a fresh pe...
2026-09-24 05:00:57,443 - INFO - [7/13] 处理 motivation 分类...
2026-09-24 05:00:58,181 - INFO - ✓ 成功: motivation - Perseverance is the fuel that ...
2026-09-24 05:00:58,181 - INFO - [8/13] 处理 gratitude 分类...
2026-09-24 05:00:58,906 - INFO - ✓ 成功: gratitude - Every day is a chance to feel ...
2026-09-24 05:00:58,906 - INFO - [9/13] 处理 mindfulness 分类...
2026-09-24 05:00:59,392 - INFO - ✓ 成功: mindfulness - Mindfulness is the art of bein...
2026-09-24 05:00:59,392 - INFO - [10/13] 处理 positivity 分类...
2026-09-24 05:00:59,681 - INFO - ✓ 成功: positivity - Positivity is the sun that war...
2026-09-24 05:00:59,681 - INFO - [11/13] 处理 gratitude 分类...
2026-09-24 05:01:00,186 - INFO - ✓ 成功: gratitude - Gratitude is the key to turnin...
2026-09-24 05:01:00,186 - INFO - [12/13] 处理 mindfulness 分类...
2026-09-24 05:01:00,728 - INFO - ✓ 成功: mindfulness - Mindfulness is the act of full...
2026-09-24 05:01:00,728 - INFO - [13/13] 处理 positivity 分类...
2026-09-24 05:01:01,355 - INFO - ✓ 成功: positivity - Positivity is the light that g...
2026-09-24 05:01:01,355 - INFO - ============================================================
2026-09-24 05:01:01,355 - INFO - 任务完成汇总:
2026-09-24 05:01:01,355 - INFO -   成功: 13 条
2026-09-24 05:01:01,355 - INFO -   失败: 0 条
2026-09-24 05:01:01,355 - INFO -   各分类统计:
2026-09-24 05:01:01,355 - INFO -     - morning: 2 条
2026-09-24 05:01:01,355 - INFO -     - motivation: 2 条
2026-09-24 05:01:01,355 - INFO -     - gratitude: 3 条
2026-09-24 05:01:01,355 - INFO -     - mindfulness: 3 条
2026-09-24 05:01:01,355 - INFO -     - positivity: 3 条
2026-09-24 05:01:01,355 - INFO -   耗时: 55.91 秒
2026-09-24 05:01:01,355 - INFO - ============================================================
