2026-09-23 05:00:05,693 - INFO - ============================================================
2026-09-23 05:00:05,693 - INFO - 开始每日内容生成任务 - 2026-09-23 05:00:05
2026-09-23 05:00:05,693 - INFO - 目标: 5 个分类 x 3 条 = 15 条内容
2026-09-23 05:00:05,693 - INFO - 调用硅基流动API (尝试 1/3)...
2026-09-23 05:00:55,979 - INFO - HTTP Request: POST https://api.siliconflow.cn/v1/chat/completions "HTTP/1.1 200 OK"
2026-09-23 05:00:55,993 - INFO - 成功获取 15 条语录
2026-09-23 05:00:56,006 - INFO - [1/15] 处理 morning 分类...
2026-09-23 05:00:56,451 - INFO - ✓ 成功: morning - Embrace the dawn with the grac...
2026-09-23 05:00:56,452 - INFO - [2/15] 处理 motivation 分类...
2026-09-23 05:00:57,182 - INFO - ✓ 成功: motivation - Strength is not just in not br...
2026-09-23 05:00:57,186 - INFO - [3/15] 处理 gratitude 分类...
2026-09-23 05:00:57,919 - INFO - ✓ 成功: gratitude - Gratitude is the sunshine of t...
2026-09-23 05:00:57,919 - INFO - [4/15] 处理 mindfulness 分类...
2026-09-23 05:00:58,296 - INFO - ✓ 成功: mindfulness - Mindfulness is the lighthouse ...
2026-09-23 05:00:58,296 - INFO - [5/15] 处理 positivity 分类...
2026-09-23 05:00:59,097 - INFO - ✓ 成功: positivity - Positivity is a sunflower that...
2026-09-23 05:00:59,098 - INFO - [6/15] 处理 morning 分类...
2026-09-23 05:00:59,321 - INFO - ✓ 成功: morning - Each sunrise marks a canvas bl...
2026-09-23 05:00:59,321 - INFO - [7/15] 处理 motivation 分类...
2026-09-23 05:00:59,529 - INFO - ✓ 成功: motivation - Perseverance is the key that u...
2026-09-23 05:00:59,529 - INFO - [8/15] 处理 gratitude 分类...
2026-09-23 05:00:59,818 - INFO - ✓ 成功: gratitude - Gratitude is the heart's sunsh...
2026-09-23 05:00:59,818 - INFO - [9/15] 处理 mindfulness 分类...
2026-09-23 05:01:00,630 - INFO - ✓ 成功: mindfulness - Mindfulness is the compass tha...
2026-09-23 05:01:00,630 - INFO - [10/15] 处理 positivity 分类...
2026-09-23 05:01:01,230 - INFO - ✓ 成功: positivity - Positivity is the garden's sun...
2026-09-23 05:01:01,231 - INFO - [11/15] 处理 morning 分类...
2026-09-23 05:01:01,931 - INFO - ✓ 成功: morning - A fresh start is a blank canva...
2026-09-23 05:01:01,931 - INFO - [12/15] 处理 motivation 分类...
2026-09-23 05:01:02,656 - INFO - ✓ 成功: motivation - Perseverance is the river that...
2026-09-23 05:01:02,656 - INFO - [13/15] 处理 gratitude 分类...
2026-09-23 05:01:03,283 - INFO - ✓ 成功: gratitude - Gratitude is the key that unlo...
2026-09-23 05:01:03,283 - INFO - [14/15] 处理 mindfulness 分类...
2026-09-23 05:01:04,226 - INFO - ✓ 成功: mindfulness - Mindfulness is the lighthouse ...
2026-09-23 05:01:04,226 - INFO - [15/15] 处理 positivity 分类...
2026-09-23 05:01:05,053 - INFO - ✓ 成功: positivity - Positivity is the warm sun tha...
2026-09-23 05:01:05,053 - INFO - ============================================================
2026-09-23 05:01:05,053 - INFO - 任务完成汇总:
2026-09-23 05:01:05,053 - INFO -   成功: 15 条
2026-09-23 05:01:05,053 - INFO -   失败: 0 条
2026-09-23 05:01:05,053 - INFO -   各分类统计:
2026-09-23 05:01:05,053 - INFO -     - morning: 3 条
2026-09-23 05:01:05,053 - INFO -     - motivation: 3 条
2026-09-23 05:01:05,054 - INFO -     - gratitude: 3 条
2026-09-23 05:01:05,054 - INFO -     - mindfulness: 3 条
2026-09-23 05:01:05,054 - INFO -     - positivity: 3 条
2026-09-23 05:01:05,054 - INFO -   耗时: 59.36 秒
2026-09-23 05:01:05,054 - INFO - ============================================================
