2026-05-14 05:00:05,462 - INFO - ============================================================
2026-05-14 05:00:05,462 - INFO - 开始每日内容生成任务 - 2026-05-14 05:00:05
2026-05-14 05:00:05,462 - INFO - 目标: 5 个分类 x 3 条 = 15 条内容
2026-05-14 05:00:05,462 - INFO - 调用硅基流动API (尝试 1/3)...
2026-05-14 05:02:10,995 - INFO - HTTP Request: POST https://api.siliconflow.cn/v1/chat/completions "HTTP/1.1 200 OK"
2026-05-14 05:02:11,008 - ERROR - JSON解析失败 (尝试 1): Expecting ',' delimiter: line 4 column 144 (char 210)
2026-05-14 05:02:16,012 - INFO - 调用硅基流动API (尝试 2/3)...
2026-05-14 05:02:42,766 - INFO - HTTP Request: POST https://api.siliconflow.cn/v1/chat/completions "HTTP/1.1 200 OK"
2026-05-14 05:02:42,768 - INFO - 成功获取 15 条语录
2026-05-14 05:02:42,781 - INFO - [1/15] 处理 morning 分类...
2026-05-14 05:02:43,156 - INFO - ✓ 成功: morning - Embrace each sunrise as a fres...
2026-05-14 05:02:43,156 - INFO - [2/15] 处理 motivation 分类...
2026-05-14 05:02:43,828 - INFO - ✓ 成功: motivation - Persevere like a river carving...
2026-05-14 05:02:43,828 - INFO - [3/15] 处理 gratitude 分类...
2026-05-14 05:02:44,344 - INFO - ✓ 成功: gratitude - Gratitude is the sun that ligh...
2026-05-14 05:02:44,344 - INFO - [4/15] 处理 mindfulness 分类...
2026-05-14 05:02:44,868 - INFO - ✓ 成功: mindfulness - Mindfulness is the art of bein...
2026-05-14 05:02:44,868 - INFO - [5/15] 处理 positivity 分类...
2026-05-14 05:02:45,727 - INFO - ✓ 成功: positivity - Spread joy like a butterfly fl...
2026-05-14 05:02:45,728 - INFO - [6/15] 处理 morning 分类...
2026-05-14 05:02:46,289 - INFO - ✓ 成功: morning - New beginnings are hidden in t...
2026-05-14 05:02:46,289 - INFO - [7/15] 处理 motivation 分类...
2026-05-14 05:02:46,623 - INFO - ✓ 成功: motivation - Strength comes from perseveran...
2026-05-14 05:02:46,623 - INFO - [8/15] 处理 gratitude 分类...
2026-05-14 05:02:46,925 - INFO - ✓ 成功: gratitude - Appreciate what you have, for ...
2026-05-14 05:02:46,925 - INFO - [9/15] 处理 mindfulness 分类...
2026-05-14 05:02:47,474 - INFO - ✓ 成功: mindfulness - Stay present, and every moment...
2026-05-14 05:02:47,474 - INFO - [10/15] 处理 positivity 分类...
2026-05-14 05:02:47,766 - INFO - ✓ 成功: positivity - Positive thinking is the sunsh...
2026-05-14 05:02:47,766 - INFO - [11/15] 处理 morning 分类...
2026-05-14 05:02:48,257 - INFO - ✓ 成功: morning - Dawn brings with it a sense of...
2026-05-14 05:02:48,257 - INFO - [12/15] 处理 motivation 分类...
2026-05-14 05:02:48,876 - INFO - ✓ 成功: motivation - Perseverance is the key to suc...
2026-05-14 05:02:48,876 - INFO - [13/15] 处理 gratitude 分类...
2026-05-14 05:02:49,296 - INFO - ✓ 成功: gratitude - Count your blessings and your ...
2026-05-14 05:02:49,296 - INFO - [14/15] 处理 mindfulness 分类...
2026-05-14 05:02:49,844 - INFO - ✓ 成功: mindfulness - Mindfulness is the art of bein...
2026-05-14 05:02:49,845 - INFO - [15/15] 处理 positivity 分类...
2026-05-14 05:02:50,006 - INFO - ✓ 成功: positivity - Spread positivity like a butte...
2026-05-14 05:02:50,008 - INFO - ============================================================
2026-05-14 05:02:50,008 - INFO - 任务完成汇总:
2026-05-14 05:02:50,008 - INFO -   成功: 15 条
2026-05-14 05:02:50,008 - INFO -   失败: 0 条
2026-05-14 05:02:50,008 - INFO -   各分类统计:
2026-05-14 05:02:50,008 - INFO -     - morning: 3 条
2026-05-14 05:02:50,008 - INFO -     - motivation: 3 条
2026-05-14 05:02:50,008 - INFO -     - gratitude: 3 条
2026-05-14 05:02:50,008 - INFO -     - mindfulness: 3 条
2026-05-14 05:02:50,008 - INFO -     - positivity: 3 条
2026-05-14 05:02:50,008 - INFO -   耗时: 164.54 秒
2026-05-14 05:02:50,008 - INFO - ============================================================
