2026-03-25 05:00:05,226 - INFO - ============================================================
2026-03-25 05:00:05,226 - INFO - 开始每日内容生成任务 - 2026-03-25 05:00:05
2026-03-25 05:00:05,226 - INFO - 目标: 5 个分类 x 3 条 = 15 条内容
2026-03-25 05:00:05,226 - INFO - 调用硅基流动API (尝试 1/3)...
2026-03-25 05:00:40,375 - INFO - HTTP Request: POST https://api.siliconflow.cn/v1/chat/completions "HTTP/1.1 200 OK"
2026-03-25 05:00:40,391 - WARNING - 获取 10 条，期望 15 条
2026-03-25 05:00:40,391 - INFO - 成功获取 10 条语录
2026-03-25 05:00:40,403 - INFO - [1/10] 处理 morning 分类...
2026-03-25 05:00:41,031 - INFO - ✓ 成功: morning - Sunrise whispers a new dawn, a...
2026-03-25 05:00:41,032 - INFO - [2/10] 处理 motivation 分类...
2026-03-25 05:00:41,666 - INFO - ✓ 成功: motivation - Strength lies in perseverance,...
2026-03-25 05:00:41,666 - INFO - [3/10] 处理 gratitude 分类...
2026-03-25 05:00:41,997 - INFO - ✓ 成功: gratitude - Gratitude is the sun that illu...
2026-03-25 05:00:41,997 - INFO - [4/10] 处理 mindfulness 分类...
2026-03-25 05:00:42,320 - INFO - ✓ 成功: mindfulness - Mindfulness is the art of bein...
2026-03-25 05:00:42,320 - INFO - [5/10] 处理 positivity 分类...
2026-03-25 05:00:43,001 - INFO - ✓ 成功: positivity - Positivity is like the sun; it...
2026-03-25 05:00:43,001 - INFO - [6/10] 处理 morning 分类...
2026-03-25 05:00:43,217 - INFO - ✓ 成功: morning - New beginnings are born with e...
2026-03-25 05:00:43,217 - INFO - [7/10] 处理 motivation 分类...
2026-03-25 05:00:43,743 - INFO - ✓ 成功: motivation - Perseverance is the bridge bet...
2026-03-25 05:00:43,743 - INFO - [8/10] 处理 gratitude 分类...
2026-03-25 05:00:44,280 - INFO - ✓ 成功: gratitude - Each blessing in our lives is ...
2026-03-25 05:00:44,280 - INFO - [9/10] 处理 mindfulness 分类...
2026-03-25 05:00:44,898 - INFO - ✓ 成功: mindfulness - Being present in the moment is...
2026-03-25 05:00:44,898 - INFO - [10/10] 处理 positivity 分类...
2026-03-25 05:00:45,566 - INFO - ✓ 成功: positivity - Optimism is the courage to bel...
2026-03-25 05:00:45,567 - INFO - ============================================================
2026-03-25 05:00:45,568 - INFO - 任务完成汇总:
2026-03-25 05:00:45,568 - INFO -   成功: 10 条
2026-03-25 05:00:45,568 - INFO -   失败: 0 条
2026-03-25 05:00:45,568 - INFO -   各分类统计:
2026-03-25 05:00:45,568 - INFO -     - morning: 2 条
2026-03-25 05:00:45,568 - INFO -     - motivation: 2 条
2026-03-25 05:00:45,568 - INFO -     - gratitude: 2 条
2026-03-25 05:00:45,568 - INFO -     - mindfulness: 2 条
2026-03-25 05:00:45,568 - INFO -     - positivity: 2 条
2026-03-25 05:00:45,568 - INFO -   耗时: 40.34 秒
2026-03-25 05:00:45,568 - INFO - ============================================================
