2026-05-10 05:00:05,931 - INFO - ============================================================
2026-05-10 05:00:05,931 - INFO - 开始每日内容生成任务 - 2026-05-10 05:00:05
2026-05-10 05:00:05,931 - INFO - 目标: 5 个分类 x 3 条 = 15 条内容
2026-05-10 05:00:05,931 - INFO - 调用硅基流动API (尝试 1/3)...
2026-05-10 05:00:40,056 - INFO - HTTP Request: POST https://api.siliconflow.cn/v1/chat/completions "HTTP/1.1 200 OK"
2026-05-10 05:00:40,074 - INFO - 成功获取 15 条语录
2026-05-10 05:00:40,086 - INFO - [1/15] 处理 morning 分类...
2026-05-10 05:00:40,711 - INFO - ✓ 成功: morning - Dawn stretches its fingers acr...
2026-05-10 05:00:40,712 - INFO - [2/15] 处理 motivation 分类...
2026-05-10 05:00:41,428 - INFO - ✓ 成功: motivation - Perseverance is the key to unl...
2026-05-10 05:00:41,429 - INFO - [3/15] 处理 gratitude 分类...
2026-05-10 05:00:41,981 - INFO - ✓ 成功: gratitude - Gratitude is the sunshine we k...
2026-05-10 05:00:41,982 - INFO - [4/15] 处理 mindfulness 分类...
2026-05-10 05:00:42,520 - INFO - ✓ 成功: mindfulness - Mindfulness is the art of livi...
2026-05-10 05:00:42,520 - INFO - [5/15] 处理 positivity 分类...
2026-05-10 05:00:42,846 - INFO - ✓ 成功: positivity - Positive thinking is the key t...
2026-05-10 05:00:42,846 - INFO - [6/15] 处理 morning 分类...
2026-05-10 05:00:43,557 - INFO - ✓ 成功: morning - The morning sun is a reminder ...
2026-05-10 05:00:43,557 - INFO - [7/15] 处理 motivation 分类...
2026-05-10 05:00:44,257 - INFO - ✓ 成功: motivation - Perseverance turns challenges ...
2026-05-10 05:00:44,257 - INFO - [8/15] 处理 gratitude 分类...
2026-05-10 05:00:44,893 - INFO - ✓ 成功: gratitude - Gratitude helps us see the lig...
2026-05-10 05:00:44,893 - INFO - [9/15] 处理 mindfulness 分类...
2026-05-10 05:00:45,599 - INFO - ✓ 成功: mindfulness - Mindfulness brings clarity to ...
2026-05-10 05:00:45,600 - INFO - [10/15] 处理 positivity 分类...
2026-05-10 05:00:46,243 - INFO - ✓ 成功: positivity - Positive thinking fosters a li...
2026-05-10 05:00:46,243 - INFO - [11/15] 处理 morning 分类...
2026-05-10 05:00:46,914 - INFO - ✓ 成功: morning - The morning sun bathes the wor...
2026-05-10 05:00:46,914 - INFO - [12/15] 处理 motivation 分类...
2026-05-10 05:00:47,236 - INFO - ✓ 成功: motivation - Perseverance is the engine tha...
2026-05-10 05:00:47,236 - INFO - [13/15] 处理 gratitude 分类...
2026-05-10 05:00:47,813 - INFO - ✓ 成功: gratitude - Gratitude is the fuel that spa...
2026-05-10 05:00:47,813 - INFO - [14/15] 处理 mindfulness 分类...
2026-05-10 05:00:48,193 - INFO - ✓ 成功: mindfulness - Mindfulness is the compass gui...
2026-05-10 05:00:48,193 - INFO - [15/15] 处理 positivity 分类...
2026-05-10 05:00:48,858 - INFO - ✓ 成功: positivity - Positive thinking is the found...
2026-05-10 05:00:48,859 - INFO - ============================================================
2026-05-10 05:00:48,859 - INFO - 任务完成汇总:
2026-05-10 05:00:48,859 - INFO -   成功: 15 条
2026-05-10 05:00:48,859 - INFO -   失败: 0 条
2026-05-10 05:00:48,859 - INFO -   各分类统计:
2026-05-10 05:00:48,859 - INFO -     - morning: 3 条
2026-05-10 05:00:48,859 - INFO -     - motivation: 3 条
2026-05-10 05:00:48,859 - INFO -     - gratitude: 3 条
2026-05-10 05:00:48,859 - INFO -     - mindfulness: 3 条
2026-05-10 05:00:48,859 - INFO -     - positivity: 3 条
2026-05-10 05:00:48,859 - INFO -   耗时: 42.93 秒
2026-05-10 05:00:48,859 - INFO - ============================================================
