2026-04-05 05:00:04,924 - INFO - ============================================================
2026-04-05 05:00:04,925 - INFO - 开始每日内容生成任务 - 2026-04-05 05:00:04
2026-04-05 05:00:04,925 - INFO - 目标: 5 个分类 x 3 条 = 15 条内容
2026-04-05 05:00:04,925 - INFO - 调用硅基流动API (尝试 1/3)...
2026-04-05 05:00:38,418 - INFO - HTTP Request: POST https://api.siliconflow.cn/v1/chat/completions "HTTP/1.1 200 OK"
2026-04-05 05:00:38,432 - INFO - 成功获取 16 条语录
2026-04-05 05:00:38,449 - INFO - [1/16] 处理 morning 分类...
2026-04-05 05:00:39,435 - INFO - ✓ 成功: morning - Rise with the sun and welcome ...
2026-04-05 05:00:39,435 - INFO - [2/16] 处理 motivation 分类...
2026-04-05 05:00:40,143 - INFO - ✓ 成功: motivation - Success is not final, failure ...
2026-04-05 05:00:40,143 - INFO - [3/16] 处理 gratitude 分类...
2026-04-05 05:00:40,705 - INFO - ✓ 成功: gratitude - Be thankful for what you have;...
2026-04-05 05:00:40,705 - INFO - [4/16] 处理 motivation 分类...
2026-04-05 05:00:41,059 - INFO - ✓ 成功: motivation - If you want to live a happy li...
2026-04-05 05:00:41,060 - INFO - [5/16] 处理 mindfulness 分类...
2026-04-05 05:00:41,383 - INFO - ✓ 成功: mindfulness - Mindfulness is the active proc...
2026-04-05 05:00:41,384 - INFO - [6/16] 处理 positivity 分类...
2026-04-05 05:00:42,066 - INFO - ✓ 成功: positivity - Optimism is the faith that lea...
2026-04-05 05:00:42,067 - INFO - [7/16] 处理 morning 分类...
2026-04-05 05:00:42,388 - INFO - ✓ 成功: morning - Start your day by putting firs...
2026-04-05 05:00:42,389 - INFO - [8/16] 处理 motivation 分类...
2026-04-05 05:00:42,624 - INFO - ✓ 成功: motivation - Every success story is a journ...
2026-04-05 05:00:42,624 - INFO - [9/16] 处理 gratitude 分类...
2026-04-05 05:00:42,950 - INFO - ✓ 成功: gratitude - Gratitude is the simple act of...
2026-04-05 05:00:42,951 - INFO - [10/16] 处理 mindfulness 分类...
2026-04-05 05:00:43,568 - INFO - ✓ 成功: mindfulness - Mindfulness is the art of bein...
2026-04-05 05:00:43,569 - INFO - [11/16] 处理 positivity 分类...
2026-04-05 05:00:44,277 - INFO - ✓ 成功: positivity - Positivity is the sunshine in ...
2026-04-05 05:00:44,278 - INFO - [12/16] 处理 morning 分类...
2026-04-05 05:00:44,770 - INFO - ✓ 成功: morning - Morning is the perfect time to...
2026-04-05 05:00:44,770 - INFO - [13/16] 处理 motivation 分类...
2026-04-05 05:00:45,698 - INFO - ✓ 成功: motivation - Perseverance is the key that t...
2026-04-05 05:00:45,698 - INFO - [14/16] 处理 gratitude 分类...
2026-04-05 05:00:46,308 - INFO - ✓ 成功: gratitude - Gratitude is the key to conten...
2026-04-05 05:00:46,308 - INFO - [15/16] 处理 mindfulness 分类...
2026-04-05 05:00:46,833 - INFO - ✓ 成功: mindfulness - Mindfulness is the art of livi...
2026-04-05 05:00:46,834 - INFO - [16/16] 处理 positivity 分类...
2026-04-05 05:00:47,384 - INFO - ✓ 成功: positivity - Optimism is the first step tow...
2026-04-05 05:00:47,385 - INFO - ============================================================
2026-04-05 05:00:47,385 - INFO - 任务完成汇总:
2026-04-05 05:00:47,385 - INFO -   成功: 16 条
2026-04-05 05:00:47,385 - INFO -   失败: 0 条
2026-04-05 05:00:47,385 - INFO -   各分类统计:
2026-04-05 05:00:47,385 - INFO -     - morning: 3 条
2026-04-05 05:00:47,386 - INFO -     - motivation: 4 条
2026-04-05 05:00:47,386 - INFO -     - gratitude: 3 条
2026-04-05 05:00:47,386 - INFO -     - mindfulness: 3 条
2026-04-05 05:00:47,386 - INFO -     - positivity: 3 条
2026-04-05 05:00:47,387 - INFO -   耗时: 42.46 秒
2026-04-05 05:00:47,387 - INFO - ============================================================
