2026-04-06 05:00:05,540 - INFO - ============================================================
2026-04-06 05:00:05,540 - INFO - 开始每日内容生成任务 - 2026-04-06 05:00:05
2026-04-06 05:00:05,540 - INFO - 目标: 5 个分类 x 3 条 = 15 条内容
2026-04-06 05:00:05,540 - INFO - 调用硅基流动API (尝试 1/3)...
2026-04-06 05:00:47,543 - INFO - HTTP Request: POST https://api.siliconflow.cn/v1/chat/completions "HTTP/1.1 200 OK"
2026-04-06 05:00:47,558 - WARNING - 获取 14 条，期望 15 条
2026-04-06 05:00:47,559 - INFO - 成功获取 14 条语录
2026-04-06 05:00:47,572 - INFO - [1/14] 处理 morning 分类...
2026-04-06 05:00:48,164 - INFO - ✓ 成功: morning - Embrace the sunrise as a canva...
2026-04-06 05:00:48,164 - INFO - [2/14] 处理 motivation 分类...
2026-04-06 05:00:48,383 - INFO - ✓ 成功: motivation - Celebrate the journey, not jus...
2026-04-06 05:00:48,383 - INFO - [3/14] 处理 gratitude 分类...
2026-04-06 05:00:48,711 - INFO - ✓ 成功: gratitude - Gratitude is the sun that illu...
2026-04-06 05:00:48,711 - INFO - [4/14] 处理 mindfulness 分类...
2026-04-06 05:00:49,091 - INFO - ✓ 成功: mindfulness - Mindfulness is the art of bein...
2026-04-06 05:00:49,092 - INFO - [5/14] 处理 positivity 分类...
2026-04-06 05:00:49,591 - INFO - ✓ 成功: positivity - Spread joy like confetti acros...
2026-04-06 05:00:49,592 - INFO - [6/14] 处理 morning 分类...
2026-04-06 05:00:50,263 - INFO - ✓ 成功: morning - Every morning is a gift, embra...
2026-04-06 05:00:50,263 - INFO - [7/14] 处理 motivation 分类...
2026-04-06 05:00:50,979 - INFO - ✓ 成功: motivation - Perseverance is the fire that ...
2026-04-06 05:00:50,979 - INFO - [8/14] 处理 gratitude 分类...
2026-04-06 05:00:51,498 - INFO - ✓ 成功: gratitude - Count your blessings and they ...
2026-04-06 05:00:51,499 - INFO - [9/14] 处理 mindfulness 分类...
2026-04-06 05:00:52,348 - INFO - ✓ 成功: mindfulness - Be present in the moment and l...
2026-04-06 05:00:52,348 - INFO - [10/14] 处理 positivity 分类...
2026-04-06 05:00:52,916 - INFO - ✓ 成功: positivity - Spread positivity like sunshin...
2026-04-06 05:00:52,916 - INFO - [11/14] 处理 gratitude 分类...
2026-04-06 05:00:53,654 - INFO - ✓ 成功: gratitude - Gratitude is the key to unlock...
2026-04-06 05:00:53,654 - INFO - [12/14] 处理 mindfulness 分类...
2026-04-06 05:00:54,382 - INFO - ✓ 成功: mindfulness - Mindfulness is the path to inn...
2026-04-06 05:00:54,382 - INFO - [13/14] 处理 positivity 分类...
2026-04-06 05:00:54,981 - INFO - ✓ 成功: positivity - Positive energy is a gift to t...
2026-04-06 05:00:54,982 - INFO - [14/14] 处理 positivity 分类...
2026-04-06 05:00:55,766 - INFO - ✓ 成功: positivity - Start each day with hope and o...
2026-04-06 05:00:55,766 - INFO - ============================================================
2026-04-06 05:00:55,766 - INFO - 任务完成汇总:
2026-04-06 05:00:55,766 - INFO -   成功: 14 条
2026-04-06 05:00:55,767 - INFO -   失败: 0 条
2026-04-06 05:00:55,767 - INFO -   各分类统计:
2026-04-06 05:00:55,767 - INFO -     - morning: 2 条
2026-04-06 05:00:55,767 - INFO -     - motivation: 2 条
2026-04-06 05:00:55,767 - INFO -     - gratitude: 3 条
2026-04-06 05:00:55,767 - INFO -     - mindfulness: 3 条
2026-04-06 05:00:55,767 - INFO -     - positivity: 4 条
2026-04-06 05:00:55,767 - INFO -   耗时: 50.23 秒
2026-04-06 05:00:55,767 - INFO - ============================================================
