2026-08-02 05:00:04,594 - INFO - ============================================================
2026-08-02 05:00:04,594 - INFO - 开始每日内容生成任务 - 2026-08-02 05:00:04
2026-08-02 05:00:04,594 - INFO - 目标: 5 个分类 x 3 条 = 15 条内容
2026-08-02 05:00:04,594 - INFO - 调用硅基流动API (尝试 1/3)...
2026-08-02 05:02:08,812 - INFO - HTTP Request: POST https://api.siliconflow.cn/v1/chat/completions "HTTP/1.1 200 OK"
2026-08-02 05:02:08,824 - ERROR - JSON解析失败 (尝试 1): Unterminated string starting at: line 4 column 9 (char 256)
2026-08-02 05:02:13,829 - INFO - 调用硅基流动API (尝试 2/3)...
2026-08-02 05:04:15,521 - INFO - HTTP Request: POST https://api.siliconflow.cn/v1/chat/completions "HTTP/1.1 200 OK"
2026-08-02 05:04:15,523 - ERROR - JSON解析失败 (尝试 2): Expecting value: line 4 column 28 (char 119)
2026-08-02 05:04:20,525 - INFO - 调用硅基流动API (尝试 3/3)...
2026-08-02 05:06:16,429 - INFO - HTTP Request: POST https://api.siliconflow.cn/v1/chat/completions "HTTP/1.1 200 OK"
2026-08-02 05:06:16,431 - ERROR - JSON解析失败 (尝试 3): Expecting value: line 4 column 27 (char 111)
2026-08-02 05:06:16,431 - ERROR - 任务执行失败: Expecting value: line 4 column 27 (char 111)
2026-08-02 05:06:16,434 - ERROR - Traceback (most recent call last):
  File "/opt/daily_morning_vibes/auto_daily_generator.py", line 272, in main
    quotes = fetch_quotes_from_siliconflow()
  File "/opt/daily_morning_vibes/auto_daily_generator.py", line 224, in fetch_quotes_from_siliconflow
    quotes = json.loads(clean_text)
  File "/usr/local/python3/lib/python3.9/json/__init__.py", line 346, in loads
    return _default_decoder.decode(s)
  File "/usr/local/python3/lib/python3.9/json/decoder.py", line 337, in decode
    obj, end = self.raw_decode(s, idx=_w(s, 0).end())
  File "/usr/local/python3/lib/python3.9/json/decoder.py", line 355, in raw_decode
    raise JSONDecodeError("Expecting value", s, err.value) from None
json.decoder.JSONDecodeError: Expecting value: line 4 column 27 (char 111)

