2026-04-15 05:00:05,399 - INFO - ============================================================
2026-04-15 05:00:05,399 - INFO - 开始每日内容生成任务 - 2026-04-15 05:00:05
2026-04-15 05:00:05,399 - INFO - 目标: 5 个分类 x 3 条 = 15 条内容
2026-04-15 05:00:05,399 - INFO - 调用硅基流动API (尝试 1/3)...
2026-04-15 05:01:49,463 - INFO - HTTP Request: POST https://api.siliconflow.cn/v1/chat/completions "HTTP/1.1 200 OK"
2026-04-15 05:01:49,476 - ERROR - JSON解析失败 (尝试 1): Expecting property name enclosed in double quotes: line 4 column 2 (char 122)
2026-04-15 05:01:54,481 - INFO - 调用硅基流动API (尝试 2/3)...
2026-04-15 05:02:22,727 - INFO - HTTP Request: POST https://api.siliconflow.cn/v1/chat/completions "HTTP/1.1 200 OK"
2026-04-15 05:02:22,728 - INFO - 成功获取 15 条语录
2026-04-15 05:02:22,740 - INFO - [1/15] 处理 morning 分类...
2026-04-15 05:02:23,539 - INFO - ✓ 成功: morning - With each sunrise, the world i...
2026-04-15 05:02:23,540 - INFO - [2/15] 处理 motivation 分类...
2026-04-15 05:02:24,231 - INFO - ✓ 成功: motivation - True strength lies in the stru...
2026-04-15 05:02:24,231 - INFO - [3/15] 处理 gratitude 分类...
2026-04-15 05:02:24,969 - INFO - ✓ 成功: gratitude - Count your blessings, even in ...
2026-04-15 05:02:24,970 - INFO - [4/15] 处理 mindfulness 分类...
2026-04-15 05:02:26,166 - INFO - ✓ 成功: mindfulness - Embrace the present, for it co...
2026-04-15 05:02:26,167 - INFO - [5/15] 处理 positivity 分类...
2026-04-15 05:02:26,820 - INFO - ✓ 成功: positivity - Spread joy, for even a tiny sm...
2026-04-15 05:02:26,821 - INFO - [6/15] 处理 morning 分类...
2026-04-15 05:02:27,044 - INFO - ✓ 成功: morning - A day without sunshine is like...
2026-04-15 05:02:27,044 - INFO - [7/15] 处理 motivation 分类...
2026-04-15 05:02:27,274 - INFO - ✓ 成功: motivation - Perseverance is the bridge bet...
2026-04-15 05:02:27,274 - INFO - [8/15] 处理 gratitude 分类...
2026-04-15 05:02:27,887 - INFO - ✓ 成功: gratitude - Gratitude is the wind beneath ...
2026-04-15 05:02:27,887 - INFO - [9/15] 处理 mindfulness 分类...
2026-04-15 05:02:28,166 - INFO - ✓ 成功: mindfulness - Mindfulness is the art of noti...
2026-04-15 05:02:28,167 - INFO - [10/15] 处理 positivity 分类...
2026-04-15 05:02:28,709 - INFO - ✓ 成功: positivity - Positivity is the lens through...
2026-04-15 05:02:28,709 - INFO - [11/15] 处理 morning 分类...
2026-04-15 05:02:29,185 - INFO - ✓ 成功: morning - Each morning, greet the world ...
2026-04-15 05:02:29,185 - INFO - [12/15] 处理 motivation 分类...
2026-04-15 05:02:29,783 - INFO - ✓ 成功: motivation - Strength is the key that unloc...
2026-04-15 05:02:29,783 - INFO - [13/15] 处理 gratitude 分类...
2026-04-15 05:02:30,251 - INFO - ✓ 成功: gratitude - Be grateful for the small thin...
2026-04-15 05:02:30,251 - INFO - [14/15] 处理 mindfulness 分类...
2026-04-15 05:02:30,961 - INFO - ✓ 成功: mindfulness - Mindfulness is the art of stay...
2026-04-15 05:02:30,961 - INFO - [15/15] 处理 positivity 分类...
2026-04-15 05:02:31,639 - INFO - ✓ 成功: positivity - Positivity is the sunshine tha...
2026-04-15 05:02:31,639 - INFO - ============================================================
2026-04-15 05:02:31,639 - INFO - 任务完成汇总:
2026-04-15 05:02:31,639 - INFO -   成功: 15 条
2026-04-15 05:02:31,640 - INFO -   失败: 0 条
2026-04-15 05:02:31,640 - INFO -   各分类统计:
2026-04-15 05:02:31,640 - INFO -     - morning: 3 条
2026-04-15 05:02:31,640 - INFO -     - motivation: 3 条
2026-04-15 05:02:31,640 - INFO -     - gratitude: 3 条
2026-04-15 05:02:31,640 - INFO -     - mindfulness: 3 条
2026-04-15 05:02:31,640 - INFO -     - positivity: 3 条
2026-04-15 05:02:31,640 - INFO -   耗时: 146.24 秒
2026-04-15 05:02:31,640 - INFO - ============================================================
