2026-10-06 05:00:05,297 - INFO - ============================================================
2026-10-06 05:00:05,297 - INFO - 开始每日内容生成任务 - 2026-10-06 05:00:05
2026-10-06 05:00:05,297 - INFO - 目标: 5 个分类 x 3 条 = 15 条内容
2026-10-06 05:00:05,297 - INFO - 调用硅基流动API (尝试 1/3)...
2026-10-06 05:00:55,013 - INFO - HTTP Request: POST https://api.siliconflow.cn/v1/chat/completions "HTTP/1.1 200 OK"
2026-10-06 05:00:55,030 - WARNING - 获取 10 条，期望 15 条
2026-10-06 05:00:55,030 - INFO - 成功获取 10 条语录
2026-10-06 05:00:55,043 - INFO - [1/10] 处理 morning 分类...
2026-10-06 05:00:56,039 - INFO - ✓ 成功: morning - Embrace every sunrise like a n...
2026-10-06 05:00:56,041 - INFO - [2/10] 处理 motivation 分类...
2026-10-06 05:00:56,591 - INFO - ✓ 成功: motivation - Strength lies in persistence, ...
2026-10-06 05:00:56,594 - INFO - [3/10] 处理 gratitude 分类...
2026-10-06 05:00:57,580 - INFO - ✓ 成功: gratitude - Gratitude is the sun that ligh...
2026-10-06 05:00:57,583 - INFO - [4/10] 处理 mindfulness 分类...
2026-10-06 05:00:58,336 - INFO - ✓ 成功: mindfulness - Mindfulness is the art of livi...
2026-10-06 05:00:58,336 - INFO - [5/10] 处理 positivity 分类...
2026-10-06 05:00:59,069 - INFO - ✓ 成功: positivity - Positivity is the sunshine tha...
2026-10-06 05:00:59,070 - INFO - [6/10] 处理 morning 分类...
2026-10-06 05:00:59,621 - INFO - ✓ 成功: morning - A morning without hope is like...
2026-10-06 05:00:59,622 - INFO - [7/10] 处理 motivation 分类...
2026-10-06 05:01:00,312 - INFO - ✓ 成功: motivation - Every success story begins wit...
2026-10-06 05:01:00,313 - INFO - [8/10] 处理 gratitude 分类...
2026-10-06 05:01:01,168 - INFO - ✓ 成功: gratitude - Gratitude is the key to unlock...
2026-10-06 05:01:01,168 - INFO - [9/10] 处理 mindfulness 分类...
2026-10-06 05:01:01,545 - INFO - ✓ 成功: mindfulness - Being mindful is like tending ...
2026-10-06 05:01:01,545 - INFO - [10/10] 处理 positivity 分类...
2026-10-06 05:01:02,229 - INFO - ✓ 成功: positivity - Positivity is the sunshine tha...
2026-10-06 05:01:02,229 - INFO - ============================================================
2026-10-06 05:01:02,229 - INFO - 任务完成汇总:
2026-10-06 05:01:02,229 - INFO -   成功: 10 条
2026-10-06 05:01:02,229 - INFO -   失败: 0 条
2026-10-06 05:01:02,229 - INFO -   各分类统计:
2026-10-06 05:01:02,229 - INFO -     - morning: 2 条
2026-10-06 05:01:02,229 - INFO -     - motivation: 2 条
2026-10-06 05:01:02,229 - INFO -     - gratitude: 2 条
2026-10-06 05:01:02,230 - INFO -     - mindfulness: 2 条
2026-10-06 05:01:02,230 - INFO -     - positivity: 2 条
2026-10-06 05:01:02,230 - INFO -   耗时: 56.93 秒
2026-10-06 05:01:02,231 - INFO - ============================================================
