2026-09-26 05:00:05,900 - INFO - ============================================================
2026-09-26 05:00:05,900 - INFO - 开始每日内容生成任务 - 2026-09-26 05:00:05
2026-09-26 05:00:05,901 - INFO - 目标: 5 个分类 x 3 条 = 15 条内容
2026-09-26 05:00:05,901 - INFO - 调用硅基流动API (尝试 1/3)...
2026-09-26 05:00:56,732 - INFO - HTTP Request: POST https://api.siliconflow.cn/v1/chat/completions "HTTP/1.1 200 OK"
2026-09-26 05:00:56,754 - INFO - 成功获取 15 条语录
2026-09-26 05:00:56,767 - INFO - [1/15] 处理 morning 分类...
2026-09-26 05:00:57,294 - INFO - ✓ 成功: morning - As the first light of dawn bre...
2026-09-26 05:00:57,295 - INFO - [2/15] 处理 motivation 分类...
2026-09-26 05:00:57,598 - INFO - ✓ 成功: motivation - Strength is not just the absen...
2026-09-26 05:00:57,598 - INFO - [3/15] 处理 gratitude 分类...
2026-09-26 05:00:57,960 - INFO - ✓ 成功: gratitude - Gratitude is the sun that lets...
2026-09-26 05:00:57,960 - INFO - [4/15] 处理 mindfulness 分类...
2026-09-26 05:00:58,940 - INFO - ✓ 成功: mindfulness - Mindfulness is not about stopp...
2026-09-26 05:00:58,944 - INFO - [5/15] 处理 positivity 分类...
2026-09-26 05:00:59,297 - INFO - ✓ 成功: positivity - Positivity is the sunshine in ...
2026-09-26 05:00:59,297 - INFO - [6/15] 处理 morning 分类...
2026-09-26 05:00:59,780 - INFO - ✓ 成功: morning - The morning sun is a beacon of...
2026-09-26 05:00:59,780 - INFO - [7/15] 处理 motivation 分类...
2026-09-26 05:00:59,952 - INFO - ✓ 成功: motivation - Perseverance is the fire that ...
2026-09-26 05:00:59,952 - INFO - [8/15] 处理 gratitude 分类...
2026-09-26 05:01:00,245 - INFO - ✓ 成功: gratitude - Each time we express gratitude...
2026-09-26 05:01:00,245 - INFO - [9/15] 处理 mindfulness 分类...
2026-09-26 05:01:00,416 - INFO - ✓ 成功: mindfulness - To be mindful is to be present...
2026-09-26 05:01:00,416 - INFO - [10/15] 处理 positivity 分类...
2026-09-26 05:01:01,089 - INFO - ✓ 成功: positivity - Positivity is the seed we plan...
2026-09-26 05:01:01,089 - INFO - [11/15] 处理 morning 分类...
2026-09-26 05:01:01,621 - INFO - ✓ 成功: morning - Every morning is a fresh oppor...
2026-09-26 05:01:01,621 - INFO - [12/15] 处理 motivation 分类...
2026-09-26 05:01:02,225 - INFO - ✓ 成功: motivation - Perseverance is not about neve...
2026-09-26 05:01:02,225 - INFO - [13/15] 处理 gratitude 分类...
2026-09-26 05:01:02,831 - INFO - ✓ 成功: gratitude - Gratitude is the key to unlock...
2026-09-26 05:01:02,831 - INFO - [14/15] 处理 mindfulness 分类...
2026-09-26 05:01:03,431 - INFO - ✓ 成功: mindfulness - Mindfulness is the practice of...
2026-09-26 05:01:03,431 - INFO - [15/15] 处理 positivity 分类...
2026-09-26 05:01:04,018 - INFO - ✓ 成功: positivity - Positivity is the fuel that li...
2026-09-26 05:01:04,018 - INFO - ============================================================
2026-09-26 05:01:04,018 - INFO - 任务完成汇总:
2026-09-26 05:01:04,018 - INFO -   成功: 15 条
2026-09-26 05:01:04,018 - INFO -   失败: 0 条
2026-09-26 05:01:04,018 - INFO -   各分类统计:
2026-09-26 05:01:04,018 - INFO -     - morning: 3 条
2026-09-26 05:01:04,018 - INFO -     - motivation: 3 条
2026-09-26 05:01:04,018 - INFO -     - gratitude: 3 条
2026-09-26 05:01:04,018 - INFO -     - mindfulness: 3 条
2026-09-26 05:01:04,019 - INFO -     - positivity: 3 条
2026-09-26 05:01:04,019 - INFO -   耗时: 58.12 秒
2026-09-26 05:01:04,019 - INFO - ============================================================
