2026-03-21 05:00:04,048 - INFO - ============================================================
2026-03-21 05:00:04,048 - INFO - 开始每日内容生成任务 - 2026-03-21 05:00:04
2026-03-21 05:00:04,048 - INFO - 目标: 5 个分类 x 3 条 = 15 条内容
2026-03-21 05:00:04,048 - INFO - 调用硅基流动API (尝试 1/3)...
2026-03-21 05:00:36,482 - INFO - HTTP Request: POST https://api.siliconflow.cn/v1/chat/completions "HTTP/1.1 200 OK"
2026-03-21 05:00:36,496 - WARNING - 获取 13 条，期望 15 条
2026-03-21 05:00:36,496 - INFO - 成功获取 13 条语录
2026-03-21 05:00:36,510 - INFO - [1/13] 处理 morning 分类...
2026-03-21 05:00:36,974 - INFO - ✓ 成功: morning - Rise with the sun and greet th...
2026-03-21 05:00:36,974 - INFO - [2/13] 处理 motivation 分类...
2026-03-21 05:00:37,621 - INFO - ✓ 成功: motivation - Strength lies in perseverance,...
2026-03-21 05:00:37,621 - INFO - [3/13] 处理 gratitude 分类...
2026-03-21 05:00:38,285 - INFO - ✓ 成功: gratitude - Count your blessings, and they...
2026-03-21 05:00:38,285 - INFO - [4/13] 处理 mindfulness 分类...
2026-03-21 05:00:38,900 - INFO - ✓ 成功: mindfulness - Find peace in the present mome...
2026-03-21 05:00:38,901 - INFO - [5/13] 处理 positivity 分类...
2026-03-21 05:00:39,170 - INFO - ✓ 成功: positivity - Smile and the world smiles wit...
2026-03-21 05:00:39,170 - INFO - [6/13] 处理 morning 分类...
2026-03-21 05:00:39,699 - INFO - ✓ 成功: morning - Every morning is a new chapter...
2026-03-21 05:00:39,700 - INFO - [7/13] 处理 motivation 分类...
2026-03-21 05:00:40,225 - INFO - ✓ 成功: motivation - Perseverance is the key to suc...
2026-03-21 05:00:40,225 - INFO - [8/13] 处理 gratitude 分类...
2026-03-21 05:00:40,486 - INFO - ✓ 成功: gratitude - Gratitude turns what we have i...
2026-03-21 05:00:40,487 - INFO - [9/13] 处理 mindfulness 分类...
2026-03-21 05:00:40,813 - INFO - ✓ 成功: mindfulness - Mindfulness is the art of livi...
2026-03-21 05:00:40,813 - INFO - [10/13] 处理 positivity 分类...
2026-03-21 05:00:41,323 - INFO - ✓ 成功: positivity - Positivity is the magic that t...
2026-03-21 05:00:41,324 - INFO - [11/13] 处理 gratitude 分类...
2026-03-21 05:00:41,824 - INFO - ✓ 成功: gratitude - Count your blessings, and you'...
2026-03-21 05:00:41,824 - INFO - [12/13] 处理 mindfulness 分类...
2026-03-21 05:00:42,515 - INFO - ✓ 成功: mindfulness - Mindfulness is the bridge betw...
2026-03-21 05:00:42,515 - INFO - [13/13] 处理 positivity 分类...
2026-03-21 05:00:43,033 - INFO - ✓ 成功: positivity - A smile is the key to unlockin...
2026-03-21 05:00:43,033 - INFO - ============================================================
2026-03-21 05:00:43,033 - INFO - 任务完成汇总:
2026-03-21 05:00:43,033 - INFO -   成功: 13 条
2026-03-21 05:00:43,033 - INFO -   失败: 0 条
2026-03-21 05:00:43,033 - INFO -   各分类统计:
2026-03-21 05:00:43,033 - INFO -     - morning: 2 条
2026-03-21 05:00:43,034 - INFO -     - motivation: 2 条
2026-03-21 05:00:43,034 - INFO -     - gratitude: 3 条
2026-03-21 05:00:43,034 - INFO -     - mindfulness: 3 条
2026-03-21 05:00:43,034 - INFO -     - positivity: 3 条
2026-03-21 05:00:43,034 - INFO -   耗时: 38.99 秒
2026-03-21 05:00:43,034 - INFO - ============================================================
