2026-04-02 05:00:03,485 - INFO - ============================================================
2026-04-02 05:00:03,485 - INFO - 开始每日内容生成任务 - 2026-04-02 05:00:03
2026-04-02 05:00:03,485 - INFO - 目标: 5 个分类 x 3 条 = 15 条内容
2026-04-02 05:00:03,486 - INFO - 调用硅基流动API (尝试 1/3)...
2026-04-02 05:01:16,038 - INFO - HTTP Request: POST https://api.siliconflow.cn/v1/chat/completions "HTTP/1.1 200 OK"
2026-04-02 05:01:16,052 - INFO - 成功获取 15 条语录
2026-04-02 05:01:16,063 - INFO - [1/15] 处理 morning 分类...
2026-04-02 05:01:16,587 - INFO - ✓ 成功: morning - The dawn whispers with the qui...
2026-04-02 05:01:16,587 - INFO - [2/15] 处理 motivation 分类...
2026-04-02 05:01:17,071 - INFO - ✓ 成功: motivation - To persevere is to light a can...
2026-04-02 05:01:17,072 - INFO - [3/15] 处理 gratitude 分类...
2026-04-02 05:01:17,543 - INFO - ✓ 成功: gratitude - Gratitude is the mirror that r...
2026-04-02 05:01:17,543 - INFO - [4/15] 处理 mindfulness 分类...
2026-04-02 05:01:17,873 - INFO - ✓ 成功: mindfulness - Mindfulness is the cultivation...
2026-04-02 05:01:17,874 - INFO - [5/15] 处理 positivity 分类...
2026-04-02 05:01:18,093 - INFO - ✓ 成功: positivity - Positivity is the sun in our h...
2026-04-02 05:01:18,093 - INFO - [6/15] 处理 morning 分类...
2026-04-02 05:01:18,724 - INFO - ✓ 成功: morning - At dawn, the world holds its b...
2026-04-02 05:01:18,724 - INFO - [7/15] 处理 motivation 分类...
2026-04-02 05:01:19,361 - INFO - ✓ 成功: motivation - Every setback is a setup for s...
2026-04-02 05:01:19,361 - INFO - [8/15] 处理 gratitude 分类...
2026-04-02 05:01:19,954 - INFO - ✓ 成功: gratitude - Gratitude is not merely saying...
2026-04-02 05:01:19,954 - INFO - [9/15] 处理 mindfulness 分类...
2026-04-02 05:01:20,164 - INFO - ✓ 成功: mindfulness - Mindfulness is the art of bein...
2026-04-02 05:01:20,165 - INFO - [10/15] 处理 positivity 分类...
2026-04-02 05:01:21,023 - INFO - ✓ 成功: positivity - Positivity isn't just a smile;...
2026-04-02 05:01:21,024 - INFO - [11/15] 处理 morning 分类...
2026-04-02 05:01:21,719 - INFO - ✓ 成功: morning - The morning sun illuminates no...
2026-04-02 05:01:21,719 - INFO - [12/15] 处理 motivation 分类...
2026-04-02 05:01:22,402 - INFO - ✓ 成功: motivation - Perseverance is the fuel that ...
2026-04-02 05:01:22,402 - INFO - [13/15] 处理 gratitude 分类...
2026-04-02 05:01:23,106 - INFO - ✓ 成功: gratitude - Gratitude can be the balm for ...
2026-04-02 05:01:23,106 - INFO - [14/15] 处理 mindfulness 分类...
2026-04-02 05:01:23,314 - INFO - ✓ 成功: mindfulness - Mindfulness is like a lighthou...
2026-04-02 05:01:23,315 - INFO - [15/15] 处理 positivity 分类...
2026-04-02 05:01:23,640 - INFO - ✓ 成功: positivity - Positivity is the sun of our m...
2026-04-02 05:01:23,640 - INFO - ============================================================
2026-04-02 05:01:23,640 - INFO - 任务完成汇总:
2026-04-02 05:01:23,640 - INFO -   成功: 15 条
2026-04-02 05:01:23,640 - INFO -   失败: 0 条
2026-04-02 05:01:23,640 - INFO -   各分类统计:
2026-04-02 05:01:23,640 - INFO -     - morning: 3 条
2026-04-02 05:01:23,640 - INFO -     - motivation: 3 条
2026-04-02 05:01:23,640 - INFO -     - gratitude: 3 条
2026-04-02 05:01:23,640 - INFO -     - mindfulness: 3 条
2026-04-02 05:01:23,640 - INFO -     - positivity: 3 条
2026-04-02 05:01:23,640 - INFO -   耗时: 80.15 秒
2026-04-02 05:01:23,640 - INFO - ============================================================
