2026-09-13 05:00:06,086 - INFO - ============================================================
2026-09-13 05:00:06,086 - INFO - 开始每日内容生成任务 - 2026-09-13 05:00:06
2026-09-13 05:00:06,086 - INFO - 目标: 5 个分类 x 3 条 = 15 条内容
2026-09-13 05:00:06,086 - INFO - 调用硅基流动API (尝试 1/3)...
2026-09-13 05:01:18,229 - INFO - HTTP Request: POST https://api.siliconflow.cn/v1/chat/completions "HTTP/1.1 200 OK"
2026-09-13 05:01:18,245 - WARNING - 获取 10 条，期望 15 条
2026-09-13 05:01:18,245 - INFO - 成功获取 10 条语录
2026-09-13 05:01:18,259 - INFO - [1/10] 处理 morning 分类...
2026-09-13 05:01:18,755 - INFO - ✓ 成功: morning - Dawn whispers the promise of a...
2026-09-13 05:01:18,756 - INFO - [2/10] 处理 motivation 分类...
2026-09-13 05:01:19,529 - INFO - ✓ 成功: motivation - Strength is the soft strength ...
2026-09-13 05:01:19,529 - INFO - [3/10] 处理 gratitude 分类...
2026-09-13 05:01:20,300 - INFO - ✓ 成功: gratitude - Gratitude is the heart's way o...
2026-09-13 05:01:20,300 - INFO - [4/10] 处理 mindfulness 分类...
2026-09-13 05:01:21,303 - INFO - ✓ 成功: mindfulness - Mindfulness is the art of brea...
2026-09-13 05:01:21,303 - INFO - [5/10] 处理 positivity 分类...
2026-09-13 05:01:22,039 - INFO - ✓ 成功: positivity - Positivity is the sunshine tha...
2026-09-13 05:01:22,039 - INFO - [6/10] 处理 morning 分类...
2026-09-13 05:01:22,756 - INFO - ✓ 成功: morning - Dawn whispers the promise of a...
2026-09-13 05:01:22,757 - INFO - [7/10] 处理 motivation 分类...
2026-09-13 05:01:23,107 - INFO - ✓ 成功: motivation - Strength is the soft strength ...
2026-09-13 05:01:23,107 - INFO - [8/10] 处理 gratitude 分类...
2026-09-13 05:01:23,406 - INFO - ✓ 成功: gratitude - Gratitude is the heart's way o...
2026-09-13 05:01:23,406 - INFO - [9/10] 处理 mindfulness 分类...
2026-09-13 05:01:23,826 - INFO - ✓ 成功: mindfulness - Mindfulness is the art of brea...
2026-09-13 05:01:23,826 - INFO - [10/10] 处理 positivity 分类...
2026-09-13 05:01:24,520 - INFO - ✓ 成功: positivity - Positivity is the sunshine tha...
2026-09-13 05:01:24,521 - INFO - ============================================================
2026-09-13 05:01:24,521 - INFO - 任务完成汇总:
2026-09-13 05:01:24,522 - INFO -   成功: 10 条
2026-09-13 05:01:24,522 - INFO -   失败: 0 条
2026-09-13 05:01:24,522 - INFO -   各分类统计:
2026-09-13 05:01:24,522 - INFO -     - morning: 2 条
2026-09-13 05:01:24,522 - INFO -     - motivation: 2 条
2026-09-13 05:01:24,522 - INFO -     - gratitude: 2 条
2026-09-13 05:01:24,522 - INFO -     - mindfulness: 2 条
2026-09-13 05:01:24,522 - INFO -     - positivity: 2 条
2026-09-13 05:01:24,522 - INFO -   耗时: 78.43 秒
2026-09-13 05:01:24,522 - INFO - ============================================================
