2026-04-09 05:00:03,843 - INFO - ============================================================
2026-04-09 05:00:03,843 - INFO - 开始每日内容生成任务 - 2026-04-09 05:00:03
2026-04-09 05:00:03,843 - INFO - 目标: 5 个分类 x 3 条 = 15 条内容
2026-04-09 05:00:03,843 - INFO - 调用硅基流动API (尝试 1/3)...
2026-04-09 05:00:35,898 - INFO - HTTP Request: POST https://api.siliconflow.cn/v1/chat/completions "HTTP/1.1 200 OK"
2026-04-09 05:00:35,912 - INFO - 成功获取 15 条语录
2026-04-09 05:00:35,923 - INFO - [1/15] 处理 morning 分类...
2026-04-09 05:00:36,262 - INFO - ✓ 成功: morning - The dawn paints the world in h...
2026-04-09 05:00:36,262 - INFO - [2/15] 处理 motivation 分类...
2026-04-09 05:00:37,229 - INFO - ✓ 成功: motivation - Strength is born in moments of...
2026-04-09 05:00:37,229 - INFO - [3/15] 处理 gratitude 分类...
2026-04-09 05:00:38,102 - INFO - ✓ 成功: gratitude - Let today be the day you count...
2026-04-09 05:00:38,102 - INFO - [4/15] 处理 mindfulness 分类...
2026-04-09 05:00:38,769 - INFO - ✓ 成功: mindfulness - Mindfulness is the art of livi...
2026-04-09 05:00:38,769 - INFO - [5/15] 处理 positivity 分类...
2026-04-09 05:00:39,331 - INFO - ✓ 成功: positivity - Positive thinking is the sunsh...
2026-04-09 05:00:39,332 - INFO - [6/15] 处理 morning 分类...
2026-04-09 05:00:39,765 - INFO - ✓ 成功: morning - The sunrise is a promise of a ...
2026-04-09 05:00:39,765 - INFO - [7/15] 处理 motivation 分类...
2026-04-09 05:00:40,454 - INFO - ✓ 成功: motivation - Every small step towards your ...
2026-04-09 05:00:40,454 - INFO - [8/15] 处理 gratitude 分类...
2026-04-09 05:00:40,797 - INFO - ✓ 成功: gratitude - Gratitude is the key to unlock...
2026-04-09 05:00:40,797 - INFO - [9/15] 处理 mindfulness 分类...
2026-04-09 05:00:40,956 - INFO - ✓ 成功: mindfulness - Mindfulness is the art of bein...
2026-04-09 05:00:40,957 - INFO - [10/15] 处理 positivity 分类...
2026-04-09 05:00:41,624 - INFO - ✓ 成功: positivity - Positive thinking can turn obs...
2026-04-09 05:00:41,624 - INFO - [11/15] 处理 morning 分类...
2026-04-09 05:00:42,190 - INFO - ✓ 成功: morning - Every morning is a new opportu...
2026-04-09 05:00:42,190 - INFO - [12/15] 处理 motivation 分类...
2026-04-09 05:00:42,403 - INFO - ✓ 成功: motivation - Perseverance is the fuel that ...
2026-04-09 05:00:42,404 - INFO - [13/15] 处理 gratitude 分类...
2026-04-09 05:00:42,967 - INFO - ✓ 成功: gratitude - Counting our blessings can shi...
2026-04-09 05:00:42,967 - INFO - [14/15] 处理 mindfulness 分类...
2026-04-09 05:00:43,438 - INFO - ✓ 成功: mindfulness - Mindfulness allows us to fully...
2026-04-09 05:00:43,438 - INFO - [15/15] 处理 positivity 分类...
2026-04-09 05:00:44,138 - INFO - ✓ 成功: positivity - Positive thinking can turn cha...
2026-04-09 05:00:44,138 - INFO - ============================================================
2026-04-09 05:00:44,139 - INFO - 任务完成汇总:
2026-04-09 05:00:44,139 - INFO -   成功: 15 条
2026-04-09 05:00:44,139 - INFO -   失败: 0 条
2026-04-09 05:00:44,139 - INFO -   各分类统计:
2026-04-09 05:00:44,139 - INFO -     - morning: 3 条
2026-04-09 05:00:44,139 - INFO -     - motivation: 3 条
2026-04-09 05:00:44,139 - INFO -     - gratitude: 3 条
2026-04-09 05:00:44,139 - INFO -     - mindfulness: 3 条
2026-04-09 05:00:44,139 - INFO -     - positivity: 3 条
2026-04-09 05:00:44,139 - INFO -   耗时: 40.30 秒
2026-04-09 05:00:44,139 - INFO - ============================================================
