2026-03-28 05:00:03,458 - INFO - ============================================================
2026-03-28 05:00:03,459 - INFO - 开始每日内容生成任务 - 2026-03-28 05:00:03
2026-03-28 05:00:03,459 - INFO - 目标: 5 个分类 x 3 条 = 15 条内容
2026-03-28 05:00:03,459 - INFO - 调用硅基流动API (尝试 1/3)...
2026-03-28 05:00:40,944 - INFO - HTTP Request: POST https://api.siliconflow.cn/v1/chat/completions "HTTP/1.1 200 OK"
2026-03-28 05:00:40,958 - WARNING - 获取 14 条，期望 15 条
2026-03-28 05:00:40,958 - INFO - 成功获取 14 条语录
2026-03-28 05:00:40,970 - INFO - [1/14] 处理 morning 分类...
2026-03-28 05:00:41,901 - INFO - ✓ 成功: morning - Embrace each morning as a gift...
2026-03-28 05:00:41,901 - INFO - [2/14] 处理 motivation 分类...
2026-03-28 05:00:42,575 - INFO - ✓ 成功: motivation - Perseverance is the hard work ...
2026-03-28 05:00:42,575 - INFO - [3/14] 处理 gratitude 分类...
2026-03-28 05:00:43,004 - INFO - ✓ 成功: gratitude - Gratitude is the daily attunem...
2026-03-28 05:00:43,005 - INFO - [4/14] 处理 mindfulness 分类...
2026-03-28 05:00:43,690 - INFO - ✓ 成功: mindfulness - Mindfulness is the art of bein...
2026-03-28 05:00:43,690 - INFO - [5/14] 处理 positivity 分类...
2026-03-28 05:00:44,327 - INFO - ✓ 成功: positivity - Positive thinking is the key t...
2026-03-28 05:00:44,327 - INFO - [6/14] 处理 gratitude 分类...
2026-03-28 05:00:44,664 - INFO - ✓ 成功: gratitude - Start your day with gratitude,...
2026-03-28 05:00:44,664 - INFO - [7/14] 处理 motivation 分类...
2026-03-28 05:00:45,343 - INFO - ✓ 成功: motivation - Persist with the resilience of...
2026-03-28 05:00:45,343 - INFO - [8/14] 处理 mindfulness 分类...
2026-03-28 05:00:46,062 - INFO - ✓ 成功: mindfulness - Mindfulness is the art of bein...
2026-03-28 05:00:46,062 - INFO - [9/14] 处理 morning 分类...
2026-03-28 05:00:46,542 - INFO - ✓ 成功: morning - Every morning is a new beginni...
2026-03-28 05:00:46,542 - INFO - [10/14] 处理 motivation 分类...
2026-03-28 05:00:47,008 - INFO - ✓ 成功: motivation - Achieve your goals with the co...
2026-03-28 05:00:47,008 - INFO - [11/14] 处理 gratitude 分类...
2026-03-28 05:00:47,472 - INFO - ✓ 成功: gratitude - Gratitude is the key to a rich...
2026-03-28 05:00:47,473 - INFO - [12/14] 处理 mindfulness 分类...
2026-03-28 05:00:47,960 - INFO - ✓ 成功: mindfulness - Meditation is the art of being...
2026-03-28 05:00:47,960 - INFO - [13/14] 处理 morning 分类...
2026-03-28 05:00:48,431 - INFO - ✓ 成功: morning - A morning awake with hope is a...
2026-03-28 05:00:48,431 - INFO - [14/14] 处理 positivity 分类...
2026-03-28 05:00:49,369 - INFO - ✓ 成功: positivity - Be positive, for in the act of...
2026-03-28 05:00:49,372 - INFO - ============================================================
2026-03-28 05:00:49,372 - INFO - 任务完成汇总:
2026-03-28 05:00:49,372 - INFO -   成功: 14 条
2026-03-28 05:00:49,372 - INFO -   失败: 0 条
2026-03-28 05:00:49,372 - INFO -   各分类统计:
2026-03-28 05:00:49,372 - INFO -     - morning: 3 条
2026-03-28 05:00:49,372 - INFO -     - motivation: 3 条
2026-03-28 05:00:49,372 - INFO -     - gratitude: 3 条
2026-03-28 05:00:49,372 - INFO -     - mindfulness: 3 条
2026-03-28 05:00:49,372 - INFO -     - positivity: 2 条
2026-03-28 05:00:49,373 - INFO -   耗时: 45.91 秒
2026-03-28 05:00:49,373 - INFO - ============================================================
