2026-05-01 05:00:06,105 - INFO - ============================================================
2026-05-01 05:00:06,105 - INFO - 开始每日内容生成任务 - 2026-05-01 05:00:06
2026-05-01 05:00:06,105 - INFO - 目标: 5 个分类 x 3 条 = 15 条内容
2026-05-01 05:00:06,105 - INFO - 调用硅基流动API (尝试 1/3)...
2026-05-01 05:00:42,708 - INFO - HTTP Request: POST https://api.siliconflow.cn/v1/chat/completions "HTTP/1.1 200 OK"
2026-05-01 05:00:42,723 - INFO - 成功获取 15 条语录
2026-05-01 05:00:42,736 - INFO - [1/15] 处理 morning 分类...
2026-05-01 05:00:43,561 - INFO - ✓ 成功: morning - The morning sun is a new canva...
2026-05-01 05:00:43,562 - INFO - [2/15] 处理 motivation 分类...
2026-05-01 05:00:44,127 - INFO - ✓ 成功: motivation - Strength is not just the stren...
2026-05-01 05:00:44,127 - INFO - [3/15] 处理 gratitude 分类...
2026-05-01 05:00:44,480 - INFO - ✓ 成功: gratitude - Gratitude is the sun that brin...
2026-05-01 05:00:44,480 - INFO - [4/15] 处理 mindfulness 分类...
2026-05-01 05:00:45,194 - INFO - ✓ 成功: mindfulness - Mindfulness is not about stopp...
2026-05-01 05:00:45,194 - INFO - [5/15] 处理 positivity 分类...
2026-05-01 05:00:45,963 - INFO - ✓ 成功: positivity - Positivity is the key that unl...
2026-05-01 05:00:45,963 - INFO - [6/15] 处理 morning 分类...
2026-05-01 05:00:47,069 - INFO - ✓ 成功: morning - Every morning is a canvas wait...
2026-05-01 05:00:47,069 - INFO - [7/15] 处理 motivation 分类...
2026-05-01 05:00:47,400 - INFO - ✓ 成功: motivation - Perseverance is the indomitabl...
2026-05-01 05:00:47,401 - INFO - [8/15] 处理 gratitude 分类...
2026-05-01 05:00:48,241 - INFO - ✓ 成功: gratitude - Gratitude is the warm sun that...
2026-05-01 05:00:48,241 - INFO - [9/15] 处理 mindfulness 分类...
2026-05-01 05:00:49,008 - INFO - ✓ 成功: mindfulness - Mindfulness is the gentle bree...
2026-05-01 05:00:49,008 - INFO - [10/15] 处理 positivity 分类...
2026-05-01 05:00:49,760 - INFO - ✓ 成功: positivity - Positivity is the color that a...
2026-05-01 05:00:49,760 - INFO - [11/15] 处理 morning 分类...
2026-05-01 05:00:50,698 - INFO - ✓ 成功: morning - The morning sun is a silent te...
2026-05-01 05:00:50,698 - INFO - [12/15] 处理 motivation 分类...
2026-05-01 05:00:51,583 - INFO - ✓ 成功: motivation - Strength is the unyielding dri...
2026-05-01 05:00:51,583 - INFO - [13/15] 处理 gratitude 分类...
2026-05-01 05:00:52,135 - INFO - ✓ 成功: gratitude - Gratitude is the warm blanket ...
2026-05-01 05:00:52,135 - INFO - [14/15] 处理 mindfulness 分类...
2026-05-01 05:00:52,988 - INFO - ✓ 成功: mindfulness - Mindfulness is the compass tha...
2026-05-01 05:00:52,988 - INFO - [15/15] 处理 positivity 分类...
2026-05-01 05:00:53,463 - INFO - ✓ 成功: positivity - Positivity is the key that unl...
2026-05-01 05:00:53,464 - INFO - ============================================================
2026-05-01 05:00:53,464 - INFO - 任务完成汇总:
2026-05-01 05:00:53,464 - INFO -   成功: 15 条
2026-05-01 05:00:53,464 - INFO -   失败: 0 条
2026-05-01 05:00:53,464 - INFO -   各分类统计:
2026-05-01 05:00:53,464 - INFO -     - morning: 3 条
2026-05-01 05:00:53,464 - INFO -     - motivation: 3 条
2026-05-01 05:00:53,464 - INFO -     - gratitude: 3 条
2026-05-01 05:00:53,464 - INFO -     - mindfulness: 3 条
2026-05-01 05:00:53,464 - INFO -     - positivity: 3 条
2026-05-01 05:00:53,464 - INFO -   耗时: 47.36 秒
2026-05-01 05:00:53,464 - INFO - ============================================================
