2026-04-04 05:00:05,435 - INFO - ============================================================
2026-04-04 05:00:05,435 - INFO - 开始每日内容生成任务 - 2026-04-04 05:00:05
2026-04-04 05:00:05,435 - INFO - 目标: 5 个分类 x 3 条 = 15 条内容
2026-04-04 05:00:05,435 - INFO - 调用硅基流动API (尝试 1/3)...
2026-04-04 05:00:39,005 - INFO - HTTP Request: POST https://api.siliconflow.cn/v1/chat/completions "HTTP/1.1 200 OK"
2026-04-04 05:00:39,019 - INFO - 成功获取 15 条语录
2026-04-04 05:00:39,032 - INFO - [1/15] 处理 morning 分类...
2026-04-04 05:00:39,512 - INFO - ✓ 成功: morning - Sunrise always heralds a new b...
2026-04-04 05:00:39,512 - INFO - [2/15] 处理 motivation 分类...
2026-04-04 05:00:40,337 - INFO - ✓ 成功: motivation - Every obstacle is merely a suc...
2026-04-04 05:00:40,337 - INFO - [3/15] 处理 gratitude 分类...
2026-04-04 05:00:41,049 - INFO - ✓ 成功: gratitude - Gratitude is the sunbeam of th...
2026-04-04 05:00:41,050 - INFO - [4/15] 处理 mindfulness 分类...
2026-04-04 05:00:41,519 - INFO - ✓ 成功: mindfulness - Mindfulness is the art of livi...
2026-04-04 05:00:41,520 - INFO - [5/15] 处理 positivity 分类...
2026-04-04 05:00:42,057 - INFO - ✓ 成功: positivity - A positive attitude is the key...
2026-04-04 05:00:42,057 - INFO - [6/15] 处理 morning 分类...
2026-04-04 05:00:42,734 - INFO - ✓ 成功: morning - The morning brings new possibi...
2026-04-04 05:00:42,735 - INFO - [7/15] 处理 motivation 分类...
2026-04-04 05:00:42,988 - INFO - ✓ 成功: motivation - Persist with the belief that o...
2026-04-04 05:00:42,988 - INFO - [8/15] 处理 gratitude 分类...
2026-04-04 05:00:43,557 - INFO - ✓ 成功: gratitude - Gratitude amplifies the good i...
2026-04-04 05:00:43,557 - INFO - [9/15] 处理 mindfulness 分类...
2026-04-04 05:00:44,093 - INFO - ✓ 成功: mindfulness - Mindfulness allows us to immer...
2026-04-04 05:00:44,093 - INFO - [10/15] 处理 positivity 分类...
2026-04-04 05:00:44,573 - INFO - ✓ 成功: positivity - A positive outlook fosters hop...
2026-04-04 05:00:44,573 - INFO - [11/15] 处理 morning 分类...
2026-04-04 05:00:45,103 - INFO - ✓ 成功: morning - The morning sun can bring rene...
2026-04-04 05:00:45,103 - INFO - [12/15] 处理 motivation 分类...
2026-04-04 05:00:45,400 - INFO - ✓ 成功: motivation - Perseverance is the bridge tha...
2026-04-04 05:00:45,400 - INFO - [13/15] 处理 gratitude 分类...
2026-04-04 05:00:45,891 - INFO - ✓ 成功: gratitude - Gratitude can turn even the sm...
2026-04-04 05:00:45,891 - INFO - [14/15] 处理 mindfulness 分类...
2026-04-04 05:00:46,112 - INFO - ✓ 成功: mindfulness - Mindfulness helps us to apprec...
2026-04-04 05:00:46,113 - INFO - [15/15] 处理 positivity 分类...
2026-04-04 05:00:46,289 - INFO - ✓ 成功: positivity - A positive mindset can turn th...
2026-04-04 05:00:46,290 - INFO - ============================================================
2026-04-04 05:00:46,290 - INFO - 任务完成汇总:
2026-04-04 05:00:46,290 - INFO -   成功: 15 条
2026-04-04 05:00:46,290 - INFO -   失败: 0 条
2026-04-04 05:00:46,290 - INFO -   各分类统计:
2026-04-04 05:00:46,290 - INFO -     - morning: 3 条
2026-04-04 05:00:46,290 - INFO -     - motivation: 3 条
2026-04-04 05:00:46,290 - INFO -     - gratitude: 3 条
2026-04-04 05:00:46,290 - INFO -     - mindfulness: 3 条
2026-04-04 05:00:46,290 - INFO -     - positivity: 3 条
2026-04-04 05:00:46,290 - INFO -   耗时: 40.85 秒
2026-04-04 05:00:46,290 - INFO - ============================================================
