2026-04-07 05:00:04,211 - INFO - ============================================================
2026-04-07 05:00:04,211 - INFO - 开始每日内容生成任务 - 2026-04-07 05:00:04
2026-04-07 05:00:04,211 - INFO - 目标: 5 个分类 x 3 条 = 15 条内容
2026-04-07 05:00:04,212 - INFO - 调用硅基流动API (尝试 1/3)...
2026-04-07 05:00:55,204 - INFO - HTTP Request: POST https://api.siliconflow.cn/v1/chat/completions "HTTP/1.1 200 OK"
2026-04-07 05:00:55,219 - ERROR - JSON解析失败 (尝试 1): Expecting ',' delimiter: line 40 column 9 (char 6243)
2026-04-07 05:01:00,224 - INFO - 调用硅基流动API (尝试 2/3)...
2026-04-07 05:01:31,428 - INFO - HTTP Request: POST https://api.siliconflow.cn/v1/chat/completions "HTTP/1.1 200 OK"
2026-04-07 05:01:31,432 - WARNING - 获取 13 条，期望 15 条
2026-04-07 05:01:31,432 - INFO - 成功获取 13 条语录
2026-04-07 05:01:31,448 - INFO - [1/13] 处理 morning 分类...
2026-04-07 05:01:32,080 - INFO - ✓ 成功: morning - Embrace the sunrise as a remin...
2026-04-07 05:01:32,081 - INFO - [2/13] 处理 motivation 分类...
2026-04-07 05:01:32,517 - INFO - ✓ 成功: motivation - Hold your head high, for succe...
2026-04-07 05:01:32,517 - INFO - [3/13] 处理 gratitude 分类...
2026-04-07 05:01:32,843 - INFO - ✓ 成功: gratitude - Count your blessings and remem...
2026-04-07 05:01:32,843 - INFO - [4/13] 处理 mindfulness 分类...
2026-04-07 05:01:33,135 - INFO - ✓ 成功: mindfulness - Stay present and let the quiet...
2026-04-07 05:01:33,135 - INFO - [5/13] 处理 positivity 分类...
2026-04-07 05:01:33,470 - INFO - ✓ 成功: positivity - Spread joy and hope; positive ...
2026-04-07 05:01:33,470 - INFO - [6/13] 处理 motivation 分类...
2026-04-07 05:01:33,818 - INFO - ✓ 成功: motivation - Welcome each morning with cour...
2026-04-07 05:01:33,818 - INFO - [7/13] 处理 morning 分类...
2026-04-07 05:01:34,164 - INFO - ✓ 成功: morning - Awake to a world filled with p...
2026-04-07 05:01:34,164 - INFO - [8/13] 处理 gratitude 分类...
2026-04-07 05:01:34,866 - INFO - ✓ 成功: gratitude - Be grateful for the blessings ...
2026-04-07 05:01:34,867 - INFO - [9/13] 处理 mindfulness 分类...
2026-04-07 05:01:35,551 - INFO - ✓ 成功: mindfulness - Mindfulness is the art of bein...
2026-04-07 05:01:35,552 - INFO - [10/13] 处理 positivity 分类...
2026-04-07 05:01:36,090 - INFO - ✓ 成功: positivity - Positive thinking is the key t...
2026-04-07 05:01:36,091 - INFO - [11/13] 处理 morning 分类...
2026-04-07 05:01:36,641 - INFO - ✓ 成功: morning - Start each day with a fresh pe...
2026-04-07 05:01:36,641 - INFO - [12/13] 处理 mindfulness 分类...
2026-04-07 05:01:37,327 - INFO - ✓ 成功: mindfulness - Embrace mindfulness and let it...
2026-04-07 05:01:37,327 - INFO - [13/13] 处理 gratitude 分类...
2026-04-07 05:01:37,840 - INFO - ✓ 成功: gratitude - Gratitude can transform your d...
2026-04-07 05:01:37,842 - INFO - ============================================================
2026-04-07 05:01:37,842 - INFO - 任务完成汇总:
2026-04-07 05:01:37,842 - INFO -   成功: 13 条
2026-04-07 05:01:37,842 - INFO -   失败: 0 条
2026-04-07 05:01:37,842 - INFO -   各分类统计:
2026-04-07 05:01:37,842 - INFO -     - morning: 3 条
2026-04-07 05:01:37,842 - INFO -     - motivation: 2 条
2026-04-07 05:01:37,842 - INFO -     - gratitude: 3 条
2026-04-07 05:01:37,842 - INFO -     - mindfulness: 3 条
2026-04-07 05:01:37,842 - INFO -     - positivity: 2 条
2026-04-07 05:01:37,842 - INFO -   耗时: 93.63 秒
2026-04-07 05:01:37,842 - INFO - ============================================================
