2026-03-20 21:56:16,183 - INFO - 日志目录: /Users/fuzhengliang/Desktop/project-source/workspace-haiwai/daily_morning_vibes/logs
2026-03-20 21:56:16,461 - INFO - ============================================================
2026-03-20 21:56:16,461 - INFO - 开始每日内容生成任务 - 2026-03-20 21:56:16
2026-03-20 21:56:16,461 - INFO - 目标: 5 个分类 x 3 条 = 15 条内容
2026-03-20 21:56:16,461 - INFO - 调用 ZhipuAI API (尝试 1/3)...
2026-03-20 21:58:15,751 - INFO - HTTP Request: POST https://open.bigmodel.cn/api/paas/v4/chat/completions "HTTP/1.1 200 OK"
2026-03-20 21:58:15,779 - INFO - 成功获取 15 条语录
2026-03-20 21:58:15,935 - INFO - [1/15] 处理 morning 分类...
2026-03-20 21:58:16,650 - INFO - ✓ 成功: morning - The quiet moments before dawn ...
2026-03-20 21:58:16,651 - INFO - [2/15] 处理 morning 分类...
2026-03-20 21:58:17,472 - INFO - ✓ 成功: morning - Waking up is a daily reset but...
2026-03-20 21:58:17,473 - INFO - [3/15] 处理 morning 分类...
2026-03-20 21:58:18,180 - INFO - ✓ 成功: morning - Let the morning light burn awa...
2026-03-20 21:58:18,181 - INFO - [4/15] 处理 motivation 分类...
2026-03-20 21:58:18,918 - INFO - ✓ 成功: motivation - Your biggest dreams sit atop t...
2026-03-20 21:58:18,918 - INFO - [5/15] 处理 motivation 分类...
2026-03-20 21:58:19,776 - INFO - ✓ 成功: motivation - True strength is not found in ...
2026-03-20 21:58:19,777 - INFO - [6/15] 处理 motivation 分类...
2026-03-20 21:58:20,097 - INFO - ✓ 成功: motivation - Spark the fire of ambition wit...
2026-03-20 21:58:20,097 - INFO - [7/15] 处理 gratitude 分类...
2026-03-20 21:58:20,950 - INFO - ✓ 成功: gratitude - Gratitude transforms ordinary ...
2026-03-20 21:58:20,950 - INFO - [8/15] 处理 gratitude 分类...
2026-03-20 21:58:21,275 - INFO - ✓ 成功: gratitude - A thankful heart opens the doo...
2026-03-20 21:58:21,275 - INFO - [9/15] 处理 gratitude 分类...
2026-03-20 21:58:22,131 - INFO - ✓ 成功: gratitude - Do not wait for a grand occasi...
2026-03-20 21:58:22,132 - INFO - [10/15] 处理 mindfulness 分类...
2026-03-20 21:58:23,009 - INFO - ✓ 成功: mindfulness - The present moment is the only...
2026-03-20 21:58:23,009 - INFO - [11/15] 处理 mindfulness 分类...
2026-03-20 21:58:23,895 - INFO - ✓ 成功: mindfulness - In the midst of chaos, find th...
2026-03-20 21:58:23,896 - INFO - [12/15] 处理 mindfulness 分类...
2026-03-20 21:58:24,674 - INFO - ✓ 成功: mindfulness - Watch your thoughts drift by l...
2026-03-20 21:58:24,674 - INFO - [13/15] 处理 positivity 分类...
2026-03-20 21:58:25,492 - INFO - ✓ 成功: positivity - Be the beacon of light that gu...
2026-03-20 21:58:25,493 - INFO - [14/15] 处理 positivity 分类...
2026-03-20 21:58:26,686 - INFO - ✓ 成功: positivity - Choose to see the silver linin...
2026-03-20 21:58:26,693 - INFO - [15/15] 处理 positivity 分类...
2026-03-20 21:58:27,069 - INFO - ✓ 成功: positivity - When you believe in the goodne...
2026-03-20 21:58:27,070 - INFO - ============================================================
2026-03-20 21:58:27,070 - INFO - 任务完成汇总:
2026-03-20 21:58:27,070 - INFO -   成功: 15 条
2026-03-20 21:58:27,070 - INFO -   失败: 0 条
2026-03-20 21:58:27,070 - INFO -   各分类统计:
2026-03-20 21:58:27,070 - INFO -     - morning: 3 条
2026-03-20 21:58:27,071 - INFO -     - motivation: 3 条
2026-03-20 21:58:27,071 - INFO -     - gratitude: 3 条
2026-03-20 21:58:27,071 - INFO -     - mindfulness: 3 条
2026-03-20 21:58:27,071 - INFO -     - positivity: 3 条
2026-03-20 21:58:27,071 - INFO -   耗时: 130.61 秒
2026-03-20 21:58:27,071 - INFO - ============================================================
2026-03-20 22:24:31,728 - INFO - 日志目录: /Users/fuzhengliang/Desktop/project-source/workspace-haiwai/daily_morning_vibes/logs
2026-03-20 22:24:31,953 - INFO - ============================================================
2026-03-20 22:24:31,954 - INFO - 开始每日内容生成任务 - 2026-03-20 22:24:31
2026-03-20 22:24:31,954 - INFO - 目标: 5 个分类 x 3 条 = 15 条内容
2026-03-20 22:24:31,954 - INFO - 调用 ZhipuAI API (尝试 1/3)...
2026-03-20 22:25:58,575 - INFO - HTTP Request: POST https://open.bigmodel.cn/api/paas/v4/chat/completions "HTTP/1.1 200 OK"
2026-03-20 22:25:58,609 - INFO - 成功获取 15 条语录
2026-03-20 22:25:58,762 - INFO - [1/15] 处理 morning 分类...
2026-03-20 22:25:59,904 - INFO - ✓ 成功: morning - The sunrise does not define th...
2026-03-20 22:25:59,904 - INFO - [2/15] 处理 morning 分类...
2026-03-20 22:26:01,088 - INFO - ✓ 成功: morning - Wake up with determination, go...
2026-03-20 22:26:01,089 - INFO - [3/15] 处理 morning 分类...
2026-03-20 22:26:02,205 - INFO - ✓ 成功: morning - Every dawn brings a silent pro...
2026-03-20 22:26:02,205 - INFO - [4/15] 处理 motivation 分类...
2026-03-20 22:26:03,035 - INFO - ✓ 成功: motivation - True strength is not about nev...
2026-03-20 22:26:03,036 - INFO - [5/15] 处理 motivation 分类...
2026-03-20 22:26:03,803 - INFO - ✓ 成功: motivation - The mountain top is majestic n...
2026-03-20 22:26:03,803 - INFO - [6/15] 处理 motivation 分类...
2026-03-20 22:26:04,551 - INFO - ✓ 成功: motivation - Do not wait for the perfect mo...
2026-03-20 22:26:04,551 - INFO - [7/15] 处理 gratitude 分类...
2026-03-20 22:26:05,133 - INFO - ✓ 成功: gratitude - Gratitude turns the mundane in...
2026-03-20 22:26:05,134 - INFO - [8/15] 处理 gratitude 分类...
2026-03-20 22:26:05,989 - INFO - ✓ 成功: gratitude - Even in the fiercest storm, th...
2026-03-20 22:26:05,990 - INFO - [9/15] 处理 gratitude 分类...
2026-03-20 22:26:06,949 - INFO - ✓ 成功: gratitude - We often wander distant lands ...
2026-03-20 22:26:06,949 - INFO - [10/15] 处理 mindfulness 分类...
2026-03-20 22:26:07,812 - INFO - ✓ 成功: mindfulness - The past is a ghost, the futur...
2026-03-20 22:26:07,812 - INFO - [11/15] 处理 mindfulness 分类...
2026-03-20 22:26:08,224 - INFO - ✓ 成功: mindfulness - In the chaos of a screaming wo...
2026-03-20 22:26:08,224 - INFO - [12/15] 处理 mindfulness 分类...
2026-03-20 22:26:08,887 - INFO - ✓ 成功: mindfulness - To watch a flower bloom withou...
2026-03-20 22:26:08,887 - INFO - [13/15] 处理 positivity 分类...
2026-03-20 22:26:09,906 - INFO - ✓ 成功: positivity - Your smile is the sunrise of s...
2026-03-20 22:26:09,906 - INFO - [14/15] 处理 positivity 分类...
2026-03-20 22:26:11,100 - INFO - ✓ 成功: positivity - Plant seeds of hope in the gar...
2026-03-20 22:26:11,100 - INFO - [15/15] 处理 positivity 分类...
2026-03-20 22:26:11,884 - INFO - ✓ 成功: positivity - A single spark of joy can igni...
2026-03-20 22:26:11,884 - INFO - ============================================================
2026-03-20 22:26:11,884 - INFO - 任务完成汇总:
2026-03-20 22:26:11,884 - INFO -   成功: 15 条
2026-03-20 22:26:11,884 - INFO -   失败: 0 条
2026-03-20 22:26:11,884 - INFO -   各分类统计:
2026-03-20 22:26:11,884 - INFO -     - morning: 3 条
2026-03-20 22:26:11,885 - INFO -     - motivation: 3 条
2026-03-20 22:26:11,885 - INFO -     - gratitude: 3 条
2026-03-20 22:26:11,885 - INFO -     - mindfulness: 3 条
2026-03-20 22:26:11,885 - INFO -     - positivity: 3 条
2026-03-20 22:26:11,886 - INFO -   耗时: 99.93 秒
2026-03-20 22:26:11,886 - INFO - ============================================================
