2026-04-16 05:00:04,839 - INFO - ============================================================
2026-04-16 05:00:04,839 - INFO - 开始每日内容生成任务 - 2026-04-16 05:00:04
2026-04-16 05:00:04,839 - INFO - 目标: 5 个分类 x 3 条 = 15 条内容
2026-04-16 05:00:04,839 - INFO - 调用硅基流动API (尝试 1/3)...
2026-04-16 05:02:15,446 - INFO - HTTP Request: POST https://api.siliconflow.cn/v1/chat/completions "HTTP/1.1 200 OK"
2026-04-16 05:02:15,458 - ERROR - JSON解析失败 (尝试 1): Unterminated string starting at: line 4 column 28 (char 190)
2026-04-16 05:02:20,464 - INFO - 调用硅基流动API (尝试 2/3)...
2026-04-16 05:04:29,769 - INFO - HTTP Request: POST https://api.siliconflow.cn/v1/chat/completions "HTTP/1.1 200 OK"
2026-04-16 05:04:29,771 - ERROR - JSON解析失败 (尝试 2): Expecting value: line 4 column 27 (char 128)
2026-04-16 05:04:34,774 - INFO - 调用硅基流动API (尝试 3/3)...
2026-04-16 05:05:08,374 - INFO - HTTP Request: POST https://api.siliconflow.cn/v1/chat/completions "HTTP/1.1 200 OK"
2026-04-16 05:05:08,377 - INFO - 成功获取 15 条语录
2026-04-16 05:05:08,388 - INFO - [1/15] 处理 morning 分类...
2026-04-16 05:05:08,709 - INFO - ✓ 成功: morning - The dawn of a new day is not j...
2026-04-16 05:05:08,709 - INFO - [2/15] 处理 motivation 分类...
2026-04-16 05:05:09,350 - INFO - ✓ 成功: motivation - Success is not final, failure ...
2026-04-16 05:05:09,350 - INFO - [3/15] 处理 gratitude 分类...
2026-04-16 05:05:10,230 - INFO - ✓ 成功: gratitude - Count your blessings, not your...
2026-04-16 05:05:10,230 - INFO - [4/15] 处理 mindfulness 分类...
2026-04-16 05:05:10,557 - INFO - ✓ 成功: mindfulness - Mindfulness is like a lighthou...
2026-04-16 05:05:10,557 - INFO - [5/15] 处理 positivity 分类...
2026-04-16 05:05:11,260 - INFO - ✓ 成功: positivity - Spread your joy like confetti,...
2026-04-16 05:05:11,260 - INFO - [6/15] 处理 morning 分类...
2026-04-16 05:05:11,926 - INFO - ✓ 成功: morning - A morning routine is like sett...
2026-04-16 05:05:11,926 - INFO - [7/15] 处理 motivation 分类...
2026-04-16 05:05:12,608 - INFO - ✓ 成功: motivation - Perseverance is the lifelong e...
2026-04-16 05:05:12,608 - INFO - [8/15] 处理 gratitude 分类...
2026-04-16 05:05:13,587 - INFO - ✓ 成功: gratitude - Gratitude is the sun that disp...
2026-04-16 05:05:13,587 - INFO - [9/15] 处理 mindfulness 分类...
2026-04-16 05:05:14,312 - INFO - ✓ 成功: mindfulness - Mindfulness is like the calm i...
2026-04-16 05:05:14,313 - INFO - [10/15] 处理 positivity 分类...
2026-04-16 05:05:14,705 - INFO - ✓ 成功: positivity - Positive thinking is like plan...
2026-04-16 05:05:14,705 - INFO - [11/15] 处理 morning 分类...
2026-04-16 05:05:15,437 - INFO - ✓ 成功: morning - A morning ritual sets the tone...
2026-04-16 05:05:15,437 - INFO - [12/15] 处理 motivation 分类...
2026-04-16 05:05:15,904 - INFO - ✓ 成功: motivation - Perseverance is the key to unl...
2026-04-16 05:05:15,905 - INFO - [13/15] 处理 gratitude 分类...
2026-04-16 05:05:16,529 - INFO - ✓ 成功: gratitude - Gratitude is the key to unhing...
2026-04-16 05:05:16,530 - INFO - [14/15] 处理 mindfulness 分类...
2026-04-16 05:05:17,162 - INFO - ✓ 成功: mindfulness - Mindfulness is the lighthouse ...
2026-04-16 05:05:17,162 - INFO - [15/15] 处理 positivity 分类...
2026-04-16 05:05:17,591 - INFO - ✓ 成功: positivity - Positive thinking is the beaco...
2026-04-16 05:05:17,591 - INFO - ============================================================
2026-04-16 05:05:17,591 - INFO - 任务完成汇总:
2026-04-16 05:05:17,591 - INFO -   成功: 15 条
2026-04-16 05:05:17,591 - INFO -   失败: 0 条
2026-04-16 05:05:17,591 - INFO -   各分类统计:
2026-04-16 05:05:17,591 - INFO -     - morning: 3 条
2026-04-16 05:05:17,591 - INFO -     - motivation: 3 条
2026-04-16 05:05:17,591 - INFO -     - gratitude: 3 条
2026-04-16 05:05:17,592 - INFO -     - mindfulness: 3 条
2026-04-16 05:05:17,592 - INFO -     - positivity: 3 条
2026-04-16 05:05:17,592 - INFO -   耗时: 312.75 秒
2026-04-16 05:05:17,592 - INFO - ============================================================
