2026-05-15 05:00:05,300 - INFO - ============================================================
2026-05-15 05:00:05,301 - INFO - 开始每日内容生成任务 - 2026-05-15 05:00:05
2026-05-15 05:00:05,301 - INFO - 目标: 5 个分类 x 3 条 = 15 条内容
2026-05-15 05:00:05,301 - INFO - 调用硅基流动API (尝试 1/3)...
2026-05-15 05:00:41,081 - INFO - HTTP Request: POST https://api.siliconflow.cn/v1/chat/completions "HTTP/1.1 200 OK"
2026-05-15 05:00:41,096 - INFO - 成功获取 15 条语录
2026-05-15 05:00:41,112 - INFO - [1/15] 处理 morning 分类...
2026-05-15 05:00:41,779 - INFO - ✓ 成功: morning - Embrace the new dawn and let y...
2026-05-15 05:00:41,779 - INFO - [2/15] 处理 motivation 分类...
2026-05-15 05:00:42,469 - INFO - ✓ 成功: motivation - Success comes not only by risi...
2026-05-15 05:00:42,469 - INFO - [3/15] 处理 gratitude 分类...
2026-05-15 05:00:42,750 - INFO - ✓ 成功: gratitude - Count your blessings every day...
2026-05-15 05:00:42,750 - INFO - [4/15] 处理 mindfulness 分类...
2026-05-15 05:00:43,627 - INFO - ✓ 成功: mindfulness - Mindfulness is the art of bein...
2026-05-15 05:00:43,630 - INFO - [5/15] 处理 positivity 分类...
2026-05-15 05:00:44,149 - INFO - ✓ 成功: positivity - Spread joy and positivity with...
2026-05-15 05:00:44,149 - INFO - [6/15] 处理 morning 分类...
2026-05-15 05:00:44,792 - INFO - ✓ 成功: morning - Start your day with a sunrise ...
2026-05-15 05:00:44,792 - INFO - [7/15] 处理 motivation 分类...
2026-05-15 05:00:45,540 - INFO - ✓ 成功: motivation - Perseverance is the key to ach...
2026-05-15 05:00:45,540 - INFO - [8/15] 处理 gratitude 分类...
2026-05-15 05:00:45,763 - INFO - ✓ 成功: gratitude - Appreciate the small things in...
2026-05-15 05:00:45,763 - INFO - [9/15] 处理 mindfulness 分类...
2026-05-15 05:00:46,455 - INFO - ✓ 成功: mindfulness - Be fully present and let the m...
2026-05-15 05:00:46,455 - INFO - [10/15] 处理 positivity 分类...
2026-05-15 05:00:46,788 - INFO - ✓ 成功: positivity - Optimism is the sunshine that ...
2026-05-15 05:00:46,788 - INFO - [11/15] 处理 morning 分类...
2026-05-15 05:00:47,426 - INFO - ✓ 成功: morning - Breathe in the morning sun and...
2026-05-15 05:00:47,426 - INFO - [12/15] 处理 motivation 分类...
2026-05-15 05:00:48,058 - INFO - ✓ 成功: motivation - Perseverance is what turns goa...
2026-05-15 05:00:48,059 - INFO - [13/15] 处理 gratitude 分类...
2026-05-15 05:00:48,605 - INFO - ✓ 成功: gratitude - Be grateful for each moment, f...
2026-05-15 05:00:48,605 - INFO - [14/15] 处理 mindfulness 分类...
2026-05-15 05:00:49,153 - INFO - ✓ 成功: mindfulness - Mindfulness is the art of bein...
2026-05-15 05:00:49,154 - INFO - [15/15] 处理 positivity 分类...
2026-05-15 05:00:49,423 - INFO - ✓ 成功: positivity - Positive thinking is the seed ...
2026-05-15 05:00:49,423 - INFO - ============================================================
2026-05-15 05:00:49,423 - INFO - 任务完成汇总:
2026-05-15 05:00:49,423 - INFO -   成功: 15 条
2026-05-15 05:00:49,423 - INFO -   失败: 0 条
2026-05-15 05:00:49,424 - INFO -   各分类统计:
2026-05-15 05:00:49,424 - INFO -     - morning: 3 条
2026-05-15 05:00:49,424 - INFO -     - motivation: 3 条
2026-05-15 05:00:49,424 - INFO -     - gratitude: 3 条
2026-05-15 05:00:49,424 - INFO -     - mindfulness: 3 条
2026-05-15 05:00:49,424 - INFO -     - positivity: 3 条
2026-05-15 05:00:49,424 - INFO -   耗时: 44.12 秒
2026-05-15 05:00:49,424 - INFO - ============================================================
