2026-07-05 05:00:05,729 - INFO - ============================================================
2026-07-05 05:00:05,729 - INFO - 开始每日内容生成任务 - 2026-07-05 05:00:05
2026-07-05 05:00:05,729 - INFO - 目标: 5 个分类 x 3 条 = 15 条内容
2026-07-05 05:00:05,729 - INFO - 调用硅基流动API (尝试 1/3)...
2026-07-05 05:01:48,474 - INFO - HTTP Request: POST https://api.siliconflow.cn/v1/chat/completions "HTTP/1.1 200 OK"
2026-07-05 05:01:48,487 - ERROR - JSON解析失败 (尝试 1): Invalid control character at: line 4 column 3 (char 123)
2026-07-05 05:01:53,492 - INFO - 调用硅基流动API (尝试 2/3)...
2026-07-05 05:03:12,269 - INFO - HTTP Request: POST https://api.siliconflow.cn/v1/chat/completions "HTTP/1.1 200 OK"
2026-07-05 05:03:12,273 - ERROR - JSON解析失败 (尝试 2): Unterminated string starting at: line 4 column 247 (char 319)
2026-07-05 05:03:17,273 - INFO - 调用硅基流动API (尝试 3/3)...
2026-07-05 05:04:26,028 - INFO - HTTP Request: POST https://api.siliconflow.cn/v1/chat/completions "HTTP/1.1 200 OK"
2026-07-05 05:04:26,032 - ERROR - JSON解析失败 (尝试 3): Expecting value: line 4 column 27 (char 118)
2026-07-05 05:04:26,032 - ERROR - 任务执行失败: Expecting value: line 4 column 27 (char 118)
2026-07-05 05:04:26,034 - ERROR - Traceback (most recent call last):
  File "/opt/daily_morning_vibes/auto_daily_generator.py", line 272, in main
    quotes = fetch_quotes_from_siliconflow()
  File "/opt/daily_morning_vibes/auto_daily_generator.py", line 224, in fetch_quotes_from_siliconflow
    quotes = json.loads(clean_text)
  File "/usr/local/python3/lib/python3.9/json/__init__.py", line 346, in loads
    return _default_decoder.decode(s)
  File "/usr/local/python3/lib/python3.9/json/decoder.py", line 337, in decode
    obj, end = self.raw_decode(s, idx=_w(s, 0).end())
  File "/usr/local/python3/lib/python3.9/json/decoder.py", line 355, in raw_decode
    raise JSONDecodeError("Expecting value", s, err.value) from None
json.decoder.JSONDecodeError: Expecting value: line 4 column 27 (char 118)

