2026-09-16 05:00:05,457 - INFO - ============================================================
2026-09-16 05:00:05,457 - INFO - 开始每日内容生成任务 - 2026-09-16 05:00:05
2026-09-16 05:00:05,457 - INFO - 目标: 5 个分类 x 3 条 = 15 条内容
2026-09-16 05:00:05,457 - INFO - 调用硅基流动API (尝试 1/3)...
2026-09-16 05:00:46,501 - INFO - HTTP Request: POST https://api.siliconflow.cn/v1/chat/completions "HTTP/1.1 200 OK"
2026-09-16 05:00:46,515 - INFO - 成功获取 15 条语录
2026-09-16 05:00:46,525 - INFO - [1/15] 处理 morning 分类...
2026-09-16 05:00:46,939 - INFO - ✓ 成功: morning - Embrace each sunrise as a new ...
2026-09-16 05:00:46,939 - INFO - [2/15] 处理 motivation 分类...
2026-09-16 05:00:47,933 - INFO - ✓ 成功: motivation - You're stronger than you think...
2026-09-16 05:00:47,936 - INFO - [3/15] 处理 gratitude 分类...
2026-09-16 05:00:48,559 - INFO - ✓ 成功: gratitude - Count your blessings and let t...
2026-09-16 05:00:48,559 - INFO - [4/15] 处理 mindfulness 分类...
2026-09-16 05:00:49,288 - INFO - ✓ 成功: mindfulness - Mindfulness is not just a prac...
2026-09-16 05:00:49,288 - INFO - [5/15] 处理 positivity 分类...
2026-09-16 05:00:49,750 - INFO - ✓ 成功: positivity - Positivity is a choice, and a ...
2026-09-16 05:00:49,751 - INFO - [6/15] 处理 morning 分类...
2026-09-16 05:00:50,649 - INFO - ✓ 成功: morning - The morning light brings not o...
2026-09-16 05:00:50,649 - INFO - [7/15] 处理 motivation 分类...
2026-09-16 05:00:51,228 - INFO - ✓ 成功: motivation - Perseverance is the only secre...
2026-09-16 05:00:51,228 - INFO - [8/15] 处理 gratitude 分类...
2026-09-16 05:00:51,704 - INFO - ✓ 成功: gratitude - Be thankful for the blessings ...
2026-09-16 05:00:51,704 - INFO - [9/15] 处理 mindfulness 分类...
2026-09-16 05:00:52,061 - INFO - ✓ 成功: mindfulness - Mindfulness is the art of bein...
2026-09-16 05:00:52,061 - INFO - [10/15] 处理 positivity 分类...
2026-09-16 05:00:52,406 - INFO - ✓ 成功: positivity - Positive thinking is the key t...
2026-09-16 05:00:52,406 - INFO - [11/15] 处理 morning 分类...
2026-09-16 05:00:52,568 - INFO - ✓ 成功: morning - Each morning is a new beginnin...
2026-09-16 05:00:52,568 - INFO - [12/15] 处理 motivation 分类...
2026-09-16 05:00:53,332 - INFO - ✓ 成功: motivation - Perseverance is what turns dre...
2026-09-16 05:00:53,333 - INFO - [13/15] 处理 gratitude 分类...
2026-09-16 05:00:53,792 - INFO - ✓ 成功: gratitude - Gratitude is the key to unlock...
2026-09-16 05:00:53,793 - INFO - [14/15] 处理 mindfulness 分类...
2026-09-16 05:00:54,422 - INFO - ✓ 成功: mindfulness - Mindfulness is the practice of...
2026-09-16 05:00:54,422 - INFO - [15/15] 处理 positivity 分类...
2026-09-16 05:00:54,774 - INFO - ✓ 成功: positivity - Positive thinking is the key t...
2026-09-16 05:00:54,774 - INFO - ============================================================
2026-09-16 05:00:54,774 - INFO - 任务完成汇总:
2026-09-16 05:00:54,774 - INFO -   成功: 15 条
2026-09-16 05:00:54,774 - INFO -   失败: 0 条
2026-09-16 05:00:54,774 - INFO -   各分类统计:
2026-09-16 05:00:54,774 - INFO -     - morning: 3 条
2026-09-16 05:00:54,775 - INFO -     - motivation: 3 条
2026-09-16 05:00:54,775 - INFO -     - gratitude: 3 条
2026-09-16 05:00:54,775 - INFO -     - mindfulness: 3 条
2026-09-16 05:00:54,775 - INFO -     - positivity: 3 条
2026-09-16 05:00:54,775 - INFO -   耗时: 49.32 秒
2026-09-16 05:00:54,775 - INFO - ============================================================
