2026-07-12 05:00:05,158 - INFO - ============================================================
2026-07-12 05:00:05,159 - INFO - 开始每日内容生成任务 - 2026-07-12 05:00:05
2026-07-12 05:00:05,159 - INFO - 目标: 5 个分类 x 3 条 = 15 条内容
2026-07-12 05:00:05,159 - INFO - 调用硅基流动API (尝试 1/3)...
2026-07-12 05:01:46,759 - INFO - HTTP Request: POST https://api.siliconflow.cn/v1/chat/completions "HTTP/1.1 200 OK"
2026-07-12 05:01:46,773 - ERROR - JSON解析失败 (尝试 1): Expecting ':' delimiter: line 5 column 13 (char 606)
2026-07-12 05:01:51,777 - INFO - 调用硅基流动API (尝试 2/3)...
2026-07-12 05:03:29,466 - INFO - HTTP Request: POST https://api.siliconflow.cn/v1/chat/completions "HTTP/1.1 200 OK"
2026-07-12 05:03:29,468 - ERROR - JSON解析失败 (尝试 2): Unterminated string starting at: line 3 column 20 (char 27)
2026-07-12 05:03:34,473 - INFO - 调用硅基流动API (尝试 3/3)...
2026-07-12 05:04:27,762 - INFO - HTTP Request: POST https://api.siliconflow.cn/v1/chat/completions "HTTP/1.1 200 OK"
2026-07-12 05:04:27,767 - ERROR - JSON解析失败 (尝试 3): Expecting value: line 4 column 21 (char 129)
2026-07-12 05:04:27,767 - ERROR - 任务执行失败: Expecting value: line 4 column 21 (char 129)
2026-07-12 05:04:27,770 - ERROR - Traceback (most recent call last):
  File "/opt/daily_morning_vibes/auto_daily_generator.py", line 272, in main
    quotes = fetch_quotes_from_siliconflow()
  File "/opt/daily_morning_vibes/auto_daily_generator.py", line 224, in fetch_quotes_from_siliconflow
    quotes = json.loads(clean_text)
  File "/usr/local/python3/lib/python3.9/json/__init__.py", line 346, in loads
    return _default_decoder.decode(s)
  File "/usr/local/python3/lib/python3.9/json/decoder.py", line 337, in decode
    obj, end = self.raw_decode(s, idx=_w(s, 0).end())
  File "/usr/local/python3/lib/python3.9/json/decoder.py", line 355, in raw_decode
    raise JSONDecodeError("Expecting value", s, err.value) from None
json.decoder.JSONDecodeError: Expecting value: line 4 column 21 (char 129)

