2026-05-04 05:00:04,811 - INFO - ============================================================
2026-05-04 05:00:04,812 - INFO - 开始每日内容生成任务 - 2026-05-04 05:00:04
2026-05-04 05:00:04,812 - INFO - 目标: 5 个分类 x 3 条 = 15 条内容
2026-05-04 05:00:04,812 - INFO - 调用硅基流动API (尝试 1/3)...
2026-05-04 05:01:25,579 - INFO - HTTP Request: POST https://api.siliconflow.cn/v1/chat/completions "HTTP/1.1 200 OK"
2026-05-04 05:01:25,592 - ERROR - JSON解析失败 (尝试 1): Invalid control character at: line 3 column 131 (char 138)
2026-05-04 05:01:30,597 - INFO - 调用硅基流动API (尝试 2/3)...
2026-05-04 05:02:03,333 - INFO - HTTP Request: POST https://api.siliconflow.cn/v1/chat/completions "HTTP/1.1 200 OK"
2026-05-04 05:02:03,337 - WARNING - 获取 14 条，期望 15 条
2026-05-04 05:02:03,337 - INFO - 成功获取 14 条语录
2026-05-04 05:02:03,350 - INFO - [1/14] 处理 morning 分类...
2026-05-04 05:02:03,675 - INFO - ✓ 成功: morning - Dawn whispers a new beginning ...
2026-05-04 05:02:03,675 - INFO - [2/14] 处理 motivation 分类...
2026-05-04 05:02:03,974 - INFO - ✓ 成功: motivation - You are stronger than you thin...
2026-05-04 05:02:03,974 - INFO - [3/14] 处理 gratitude 分类...
2026-05-04 05:02:04,296 - INFO - ✓ 成功: gratitude - Gratitude is the sun that warm...
2026-05-04 05:02:04,296 - INFO - [4/14] 处理 mindfulness 分类...
2026-05-04 05:02:04,867 - INFO - ✓ 成功: mindfulness - Listen to your breath and find...
2026-05-04 05:02:04,867 - INFO - [5/14] 处理 positivity 分类...
2026-05-04 05:02:05,599 - INFO - ✓ 成功: positivity - Spread joy as freely as sunshi...
2026-05-04 05:02:05,599 - INFO - [6/14] 处理 motivation 分类...
2026-05-04 05:02:06,085 - INFO - ✓ 成功: motivation - Success is the result of dedic...
2026-05-04 05:02:06,086 - INFO - [7/14] 处理 gratitude 分类...
2026-05-04 05:02:06,666 - INFO - ✓ 成功: gratitude - Count your blessings to find t...
2026-05-04 05:02:06,666 - INFO - [8/14] 处理 mindfulness 分类...
2026-05-04 05:02:07,207 - INFO - ✓ 成功: mindfulness - Mindfulness is the seed of a p...
2026-05-04 05:02:07,207 - INFO - [9/14] 处理 positivity 分类...
2026-05-04 05:02:07,904 - INFO - ✓ 成功: positivity - Your smile is a beacon of hope...
2026-05-04 05:02:07,905 - INFO - [10/14] 处理 morning 分类...
2026-05-04 05:02:08,128 - INFO - ✓ 成功: morning - Spend a sunrise reflecting on ...
2026-05-04 05:02:08,128 - INFO - [11/14] 处理 mindfulness 分类...
2026-05-04 05:02:08,592 - INFO - ✓ 成功: mindfulness - Inner peace is a place we carr...
2026-05-04 05:02:08,592 - INFO - [12/14] 处理 gratitude 分类...
2026-05-04 05:02:09,055 - INFO - ✓ 成功: gratitude - Each night, greet it with grat...
2026-05-04 05:02:09,055 - INFO - [13/14] 处理 positivity 分类...
2026-05-04 05:02:09,602 - INFO - ✓ 成功: positivity - Hope is the light that guides ...
2026-05-04 05:02:09,602 - INFO - [14/14] 处理 morning 分类...
2026-05-04 05:02:09,996 - INFO - ✓ 成功: morning - A fresh start is a beautiful g...
2026-05-04 05:02:09,997 - INFO - ============================================================
2026-05-04 05:02:09,997 - INFO - 任务完成汇总:
2026-05-04 05:02:09,997 - INFO -   成功: 14 条
2026-05-04 05:02:09,997 - INFO -   失败: 0 条
2026-05-04 05:02:09,997 - INFO -   各分类统计:
2026-05-04 05:02:09,997 - INFO -     - morning: 3 条
2026-05-04 05:02:09,997 - INFO -     - motivation: 2 条
2026-05-04 05:02:09,997 - INFO -     - gratitude: 3 条
2026-05-04 05:02:09,997 - INFO -     - mindfulness: 3 条
2026-05-04 05:02:09,997 - INFO -     - positivity: 3 条
2026-05-04 05:02:09,997 - INFO -   耗时: 125.19 秒
2026-05-04 05:02:09,997 - INFO - ============================================================
