2026-04-12 05:00:05,175 - INFO - ============================================================
2026-04-12 05:00:05,175 - INFO - 开始每日内容生成任务 - 2026-04-12 05:00:05
2026-04-12 05:00:05,175 - INFO - 目标: 5 个分类 x 3 条 = 15 条内容
2026-04-12 05:00:05,175 - INFO - 调用硅基流动API (尝试 1/3)...
2026-04-12 05:01:29,641 - INFO - HTTP Request: POST https://api.siliconflow.cn/v1/chat/completions "HTTP/1.1 200 OK"
2026-04-12 05:01:29,658 - WARNING - 获取 14 条，期望 15 条
2026-04-12 05:01:29,658 - INFO - 成功获取 14 条语录
2026-04-12 05:01:29,672 - INFO - [1/14] 处理 morning 分类...
2026-04-12 05:01:30,376 - INFO - ✓ 成功: morning - Each morning is a new sunrise,...
2026-04-12 05:01:30,376 - INFO - [2/14] 处理 motivation 分类...
2026-04-12 05:01:31,054 - INFO - ✓ 成功: motivation - Persevere through the storm; t...
2026-04-12 05:01:31,054 - INFO - [3/14] 处理 gratitude 分类...
2026-04-12 05:01:31,434 - INFO - ✓ 成功: gratitude - Count your blessings and they ...
2026-04-12 05:01:31,434 - INFO - [4/14] 处理 mindfulness 分类...
2026-04-12 05:01:32,121 - INFO - ✓ 成功: mindfulness - Mindfulness is the art of bein...
2026-04-12 05:01:32,121 - INFO - [5/14] 处理 positivity 分类...
2026-04-12 05:01:32,836 - INFO - ✓ 成功: positivity - Spread joy like confetti, beca...
2026-04-12 05:01:32,838 - INFO - [6/14] 处理 motivation 分类...
2026-04-12 05:01:33,166 - INFO - ✓ 成功: motivation - Start your day with optimism; ...
2026-04-12 05:01:33,166 - INFO - [7/14] 处理 gratitude 分类...
2026-04-12 05:01:34,032 - INFO - ✓ 成功: gratitude - Gratitude is the simplest way ...
2026-04-12 05:01:34,032 - INFO - [8/14] 处理 mindfulness 分类...
2026-04-12 05:01:34,308 - INFO - ✓ 成功: mindfulness - Mindfulness is the art of bein...
2026-04-12 05:01:34,308 - INFO - [9/14] 处理 positivity 分类...
2026-04-12 05:01:34,872 - INFO - ✓ 成功: positivity - A positive attitude is a passp...
2026-04-12 05:01:34,872 - INFO - [10/14] 处理 morning 分类...
2026-04-12 05:01:35,422 - INFO - ✓ 成功: morning - Every sunrise is a reminder to...
2026-04-12 05:01:35,423 - INFO - [11/14] 处理 motivation 分类...
2026-04-12 05:01:35,697 - INFO - ✓ 成功: motivation - Perseverance is the bridge fro...
2026-04-12 05:01:35,697 - INFO - [12/14] 处理 gratitude 分类...
2026-04-12 05:01:36,213 - INFO - ✓ 成功: gratitude - Thankfulness is the key to inn...
2026-04-12 05:01:36,214 - INFO - [13/14] 处理 mindfulness 分类...
2026-04-12 05:01:36,609 - INFO - ✓ 成功: mindfulness - Mindfulness is like a gentle b...
2026-04-12 05:01:36,609 - INFO - [14/14] 处理 positivity 分类...
2026-04-12 05:01:36,992 - INFO - ✓ 成功: positivity - Positive thinking is the sunri...
2026-04-12 05:01:36,993 - INFO - ============================================================
2026-04-12 05:01:36,993 - INFO - 任务完成汇总:
2026-04-12 05:01:36,993 - INFO -   成功: 14 条
2026-04-12 05:01:36,993 - INFO -   失败: 0 条
2026-04-12 05:01:36,993 - INFO -   各分类统计:
2026-04-12 05:01:36,993 - INFO -     - morning: 2 条
2026-04-12 05:01:36,993 - INFO -     - motivation: 3 条
2026-04-12 05:01:36,993 - INFO -     - gratitude: 3 条
2026-04-12 05:01:36,993 - INFO -     - mindfulness: 3 条
2026-04-12 05:01:36,993 - INFO -     - positivity: 3 条
2026-04-12 05:01:36,993 - INFO -   耗时: 91.82 秒
2026-04-12 05:01:36,993 - INFO - ============================================================
