2026-03-27 05:00:05,423 - INFO - ============================================================
2026-03-27 05:00:05,424 - INFO - 开始每日内容生成任务 - 2026-03-27 05:00:05
2026-03-27 05:00:05,424 - INFO - 目标: 5 个分类 x 3 条 = 15 条内容
2026-03-27 05:00:05,424 - INFO - 调用硅基流动API (尝试 1/3)...
2026-03-27 05:00:52,755 - INFO - HTTP Request: POST https://api.siliconflow.cn/v1/chat/completions "HTTP/1.1 200 OK"
2026-03-27 05:00:52,769 - INFO - 成功获取 15 条语录
2026-03-27 05:00:52,783 - INFO - [1/15] 处理 morning 分类...
2026-03-27 05:00:53,207 - INFO - ✓ 成功: morning - The sun rises every morning, c...
2026-03-27 05:00:53,207 - INFO - [2/15] 处理 motivation 分类...
2026-03-27 05:00:53,653 - INFO - ✓ 成功: motivation - Perseverance is the key to unl...
2026-03-27 05:00:53,653 - INFO - [3/15] 处理 gratitude 分类...
2026-03-27 05:00:54,198 - INFO - ✓ 成功: gratitude - Gratitude is the candle that i...
2026-03-27 05:00:54,198 - INFO - [4/15] 处理 mindfulness 分类...
2026-03-27 05:00:55,114 - INFO - ✓ 成功: mindfulness - Mindfulness is the art of bein...
2026-03-27 05:00:55,114 - INFO - [5/15] 处理 positivity 分类...
2026-03-27 05:00:55,647 - INFO - ✓ 成功: positivity - Optimism is the choice to see ...
2026-03-27 05:00:55,647 - INFO - [6/15] 处理 morning 分类...
2026-03-27 05:00:56,281 - INFO - ✓ 成功: morning - The morning sun breaks through...
2026-03-27 05:00:56,281 - INFO - [7/15] 处理 motivation 分类...
2026-03-27 05:00:56,806 - INFO - ✓ 成功: motivation - Strength is not just about wha...
2026-03-27 05:00:56,806 - INFO - [8/15] 处理 gratitude 分类...
2026-03-27 05:00:57,259 - INFO - ✓ 成功: gratitude - Gratitude is the heart’s thank...
2026-03-27 05:00:57,259 - INFO - [9/15] 处理 mindfulness 分类...
2026-03-27 05:00:57,604 - INFO - ✓ 成功: mindfulness - Mindfulness is the practice of...
2026-03-27 05:00:57,604 - INFO - [10/15] 处理 positivity 分类...
2026-03-27 05:00:57,887 - INFO - ✓ 成功: positivity - Positivity is the choice to se...
2026-03-27 05:00:57,888 - INFO - [11/15] 处理 morning 分类...
2026-03-27 05:00:58,152 - INFO - ✓ 成功: morning - Each morning is a new chance t...
2026-03-27 05:00:58,152 - INFO - [12/15] 处理 motivation 分类...
2026-03-27 05:00:58,683 - INFO - ✓ 成功: motivation - Perseverance is the key to unl...
2026-03-27 05:00:58,683 - INFO - [13/15] 处理 gratitude 分类...
2026-03-27 05:00:59,422 - INFO - ✓ 成功: gratitude - Gratitude is the light that gu...
2026-03-27 05:00:59,422 - INFO - [14/15] 处理 mindfulness 分类...
2026-03-27 05:01:00,242 - INFO - ✓ 成功: mindfulness - Mindfulness is the art of bein...
2026-03-27 05:01:00,243 - INFO - [15/15] 处理 positivity 分类...
2026-03-27 05:01:00,956 - INFO - ✓ 成功: positivity - Positivity is the choice to se...
2026-03-27 05:01:00,956 - INFO - ============================================================
2026-03-27 05:01:00,956 - INFO - 任务完成汇总:
2026-03-27 05:01:00,956 - INFO -   成功: 15 条
2026-03-27 05:01:00,956 - INFO -   失败: 0 条
2026-03-27 05:01:00,956 - INFO -   各分类统计:
2026-03-27 05:01:00,956 - INFO -     - morning: 3 条
2026-03-27 05:01:00,956 - INFO -     - motivation: 3 条
2026-03-27 05:01:00,956 - INFO -     - gratitude: 3 条
2026-03-27 05:01:00,957 - INFO -     - mindfulness: 3 条
2026-03-27 05:01:00,957 - INFO -     - positivity: 3 条
2026-03-27 05:01:00,957 - INFO -   耗时: 55.53 秒
2026-03-27 05:01:00,957 - INFO - ============================================================
