2026-10-03 05:00:05,094 - INFO - ============================================================
2026-10-03 05:00:05,094 - INFO - 开始每日内容生成任务 - 2026-10-03 05:00:05
2026-10-03 05:00:05,094 - INFO - 目标: 5 个分类 x 3 条 = 15 条内容
2026-10-03 05:00:05,094 - INFO - 调用硅基流动API (尝试 1/3)...
2026-10-03 05:01:13,689 - INFO - HTTP Request: POST https://api.siliconflow.cn/v1/chat/completions "HTTP/1.1 200 OK"
2026-10-03 05:01:13,704 - INFO - 成功获取 15 条语录
2026-10-03 05:01:13,716 - INFO - [1/15] 处理 morning 分类...
2026-10-03 05:01:14,425 - INFO - ✓ 成功: morning - Embrace the dawn with open arm...
2026-10-03 05:01:14,425 - INFO - [2/15] 处理 motivation 分类...
2026-10-03 05:01:15,022 - INFO - ✓ 成功: motivation - The path to your dreams is pav...
2026-10-03 05:01:15,024 - INFO - [3/15] 处理 gratitude 分类...
2026-10-03 05:01:15,466 - INFO - ✓ 成功: gratitude - Count your blessings as if eve...
2026-10-03 05:01:15,468 - INFO - [4/15] 处理 mindfulness 分类...
2026-10-03 05:01:16,068 - INFO - ✓ 成功: mindfulness - Meditation is the anchor that ...
2026-10-03 05:01:16,068 - INFO - [5/15] 处理 positivity 分类...
2026-10-03 05:01:16,681 - INFO - ✓ 成功: positivity - Look for the sunshine in the d...
2026-10-03 05:01:16,681 - INFO - [6/15] 处理 morning 分类...
2026-10-03 05:01:16,899 - INFO - ✓ 成功: morning - New beginnings come with the p...
2026-10-03 05:01:16,900 - INFO - [7/15] 处理 motivation 分类...
2026-10-03 05:01:17,647 - INFO - ✓ 成功: motivation - Strength is not just about vic...
2026-10-03 05:01:17,647 - INFO - [8/15] 处理 gratitude 分类...
2026-10-03 05:01:17,937 - INFO - ✓ 成功: gratitude - Life is a tapestry woven with ...
2026-10-03 05:01:17,938 - INFO - [9/15] 处理 mindfulness 分类...
2026-10-03 05:01:18,956 - INFO - ✓ 成功: mindfulness - Mindfulness is the key to unlo...
2026-10-03 05:01:18,956 - INFO - [10/15] 处理 positivity 分类...
2026-10-03 05:01:19,176 - INFO - ✓ 成功: positivity - Positive thinking can turn obs...
2026-10-03 05:01:19,176 - INFO - [11/15] 处理 morning 分类...
2026-10-03 05:01:19,920 - INFO - ✓ 成功: morning - The morning light is the begin...
2026-10-03 05:01:19,921 - INFO - [12/15] 处理 motivation 分类...
2026-10-03 05:01:20,397 - INFO - ✓ 成功: motivation - Perseverance is the foundation...
2026-10-03 05:01:20,397 - INFO - [13/15] 处理 gratitude 分类...
2026-10-03 05:01:20,678 - INFO - ✓ 成功: gratitude - Gratitude is the key to unlock...
2026-10-03 05:01:20,678 - INFO - [14/15] 处理 mindfulness 分类...
2026-10-03 05:01:21,430 - INFO - ✓ 成功: mindfulness - Mindfulness is the practice of...
2026-10-03 05:01:21,430 - INFO - [15/15] 处理 positivity 分类...
2026-10-03 05:01:22,133 - INFO - ✓ 成功: positivity - Positivity is the choice to se...
2026-10-03 05:01:22,133 - INFO - ============================================================
2026-10-03 05:01:22,133 - INFO - 任务完成汇总:
2026-10-03 05:01:22,133 - INFO -   成功: 15 条
2026-10-03 05:01:22,133 - INFO -   失败: 0 条
2026-10-03 05:01:22,133 - INFO -   各分类统计:
2026-10-03 05:01:22,133 - INFO -     - morning: 3 条
2026-10-03 05:01:22,134 - INFO -     - motivation: 3 条
2026-10-03 05:01:22,134 - INFO -     - gratitude: 3 条
2026-10-03 05:01:22,134 - INFO -     - mindfulness: 3 条
2026-10-03 05:01:22,134 - INFO -     - positivity: 3 条
2026-10-03 05:01:22,134 - INFO -   耗时: 77.04 秒
2026-10-03 05:01:22,134 - INFO - ============================================================
