2026-10-09 05:00:05,750 - INFO - ============================================================
2026-10-09 05:00:05,750 - INFO - 开始每日内容生成任务 - 2026-10-09 05:00:05
2026-10-09 05:00:05,750 - INFO - 目标: 5 个分类 x 3 条 = 15 条内容
2026-10-09 05:00:05,750 - INFO - 调用硅基流动API (尝试 1/3)...
2026-10-09 05:00:57,672 - INFO - HTTP Request: POST https://api.siliconflow.cn/v1/chat/completions "HTTP/1.1 200 OK"
2026-10-09 05:00:57,686 - INFO - 成功获取 15 条语录
2026-10-09 05:00:57,700 - INFO - [1/15] 处理 morning 分类...
2026-10-09 05:00:58,403 - INFO - ✓ 成功: morning - Dawn whispers to us of things ...
2026-10-09 05:00:58,403 - INFO - [2/15] 处理 motivation 分类...
2026-10-09 05:00:58,739 - INFO - ✓ 成功: motivation - 毅力不是与生俱来的，而是我们每天的选择。...
2026-10-09 05:00:58,739 - INFO - [3/15] 处理 gratitude 分类...
2026-10-09 05:00:59,070 - INFO - ✓ 成功: gratitude - 感恩是照亮我们日子的阳光，即使在阴影中。...
2026-10-09 05:00:59,070 - INFO - [4/15] 处理 mindfulness 分类...
2026-10-09 05:00:59,550 - INFO - ✓ 成功: mindfulness - 正念是完全活在当下，生活的艺术。...
2026-10-09 05:00:59,552 - INFO - [5/15] 处理 positivity 分类...
2026-10-09 05:01:00,276 - INFO - ✓ 成功: positivity - 积极是通往无数可能性的大门钥匙。...
2026-10-09 05:01:00,276 - INFO - [6/15] 处理 morning 分类...
2026-10-09 05:01:00,985 - INFO - ✓ 成功: morning - 每一天都是生命之书中的新篇章。...
2026-10-09 05:01:00,985 - INFO - [7/15] 处理 motivation 分类...
2026-10-09 05:01:01,543 - INFO - ✓ 成功: motivation - 毅力是开启成功的钥匙。...
2026-10-09 05:01:01,543 - INFO - [8/15] 处理 gratitude 分类...
2026-10-09 05:01:02,484 - INFO - ✓ 成功: gratitude - 数数你的恩赐，让感恩充满你的心。...
2026-10-09 05:01:02,484 - INFO - [9/15] 处理 mindfulness 分类...
2026-10-09 05:01:03,378 - INFO - ✓ 成功: mindfulness - 正念是我们在这纷扰世界中的避风港。...
2026-10-09 05:01:03,378 - INFO - [10/15] 处理 positivity 分类...
2026-10-09 05:01:03,898 - INFO - ✓ 成功: positivity - 积极思维是滋养生机勃勃生活的种子。...
2026-10-09 05:01:03,898 - INFO - [11/15] 处理 morning 分类...
2026-10-09 05:01:04,600 - INFO - ✓ 成功: morning - 每一天都是一幅等待我们独特杰作的画布。...
2026-10-09 05:01:04,600 - INFO - [12/15] 处理 motivation 分类...
2026-10-09 05:01:05,049 - INFO - ✓ 成功: motivation - 毅力是照亮心灵之火。...
2026-10-09 05:01:05,049 - INFO - [13/15] 处理 gratitude 分类...
2026-10-09 05:01:05,687 - INFO - ✓ 成功: gratitude - 感恩是反映我们生活中一切美好的镜子。...
2026-10-09 05:01:05,687 - INFO - [14/15] 处理 mindfulness 分类...
2026-10-09 05:01:05,962 - INFO - ✓ 成功: mindfulness - 正念是我们与当下时刻相通的呼吸。...
2026-10-09 05:01:05,962 - INFO - [15/15] 处理 positivity 分类...
2026-10-09 05:01:06,685 - INFO - ✓ 成功: positivity - 积极是我们生命道路上的阳光。...
2026-10-09 05:01:06,686 - INFO - ============================================================
2026-10-09 05:01:06,686 - INFO - 任务完成汇总:
2026-10-09 05:01:06,686 - INFO -   成功: 15 条
2026-10-09 05:01:06,686 - INFO -   失败: 0 条
2026-10-09 05:01:06,686 - INFO -   各分类统计:
2026-10-09 05:01:06,686 - INFO -     - morning: 3 条
2026-10-09 05:01:06,686 - INFO -     - motivation: 3 条
2026-10-09 05:01:06,686 - INFO -     - gratitude: 3 条
2026-10-09 05:01:06,686 - INFO -     - mindfulness: 3 条
2026-10-09 05:01:06,686 - INFO -     - positivity: 3 条
2026-10-09 05:01:06,686 - INFO -   耗时: 60.94 秒
2026-10-09 05:01:06,686 - INFO - ============================================================
