2026-09-21 05:00:05,518 - INFO - ============================================================
2026-09-21 05:00:05,519 - INFO - 开始每日内容生成任务 - 2026-09-21 05:00:05
2026-09-21 05:00:05,519 - INFO - 目标: 5 个分类 x 3 条 = 15 条内容
2026-09-21 05:00:05,519 - INFO - 调用硅基流动API (尝试 1/3)...
2026-09-21 05:01:05,849 - INFO - HTTP Request: POST https://api.siliconflow.cn/v1/chat/completions "HTTP/1.1 200 OK"
2026-09-21 05:01:05,862 - INFO - 成功获取 15 条语录
2026-09-21 05:01:05,874 - INFO - [1/15] 处理 morning 分类...
2026-09-21 05:01:06,588 - INFO - ✓ 成功: morning - Dawn holds the promise of ligh...
2026-09-21 05:01:06,589 - INFO - [2/15] 处理 motivation 分类...
2026-09-21 05:01:07,337 - INFO - ✓ 成功: motivation - Persistence is the bridge from...
2026-09-21 05:01:07,338 - INFO - [3/15] 处理 gratitude 分类...
2026-09-21 05:01:08,001 - INFO - ✓ 成功: gratitude - Gratitude is the sun that brig...
2026-09-21 05:01:08,001 - INFO - [4/15] 处理 mindfulness 分类...
2026-09-21 05:01:08,752 - INFO - ✓ 成功: mindfulness - Mindfulness is the garden of y...
2026-09-21 05:01:08,752 - INFO - [5/15] 处理 positivity 分类...
2026-09-21 05:01:09,330 - INFO - ✓ 成功: positivity - Positive thinking is the sun t...
2026-09-21 05:01:09,330 - INFO - [6/15] 处理 morning 分类...
2026-09-21 05:01:10,325 - INFO - ✓ 成功: morning - Starting the day with a smile ...
2026-09-21 05:01:10,325 - INFO - [7/15] 处理 motivation 分类...
2026-09-21 05:01:11,206 - INFO - ✓ 成功: motivation - Perseverance is the river that...
2026-09-21 05:01:11,206 - INFO - [8/15] 处理 gratitude 分类...
2026-09-21 05:01:11,502 - INFO - ✓ 成功: gratitude - Being grateful is like filling...
2026-09-21 05:01:11,503 - INFO - [9/15] 处理 mindfulness 分类...
2026-09-21 05:01:12,021 - INFO - ✓ 成功: mindfulness - Mindfulness is the compass tha...
2026-09-21 05:01:12,021 - INFO - [10/15] 处理 positivity 分类...
2026-09-21 05:01:12,500 - INFO - ✓ 成功: positivity - Positive thinking is the fire ...
2026-09-21 05:01:12,500 - INFO - [11/15] 处理 morning 分类...
2026-09-21 05:01:12,783 - INFO - ✓ 成功: morning - Starting the day with gratitud...
2026-09-21 05:01:12,783 - INFO - [12/15] 处理 motivation 分类...
2026-09-21 05:01:13,374 - INFO - ✓ 成功: motivation - Perseverance is the sculptor t...
2026-09-21 05:01:13,374 - INFO - [13/15] 处理 gratitude 分类...
2026-09-21 05:01:13,709 - INFO - ✓ 成功: gratitude - Gratitude is the sun that radi...
2026-09-21 05:01:13,709 - INFO - [14/15] 处理 mindfulness 分类...
2026-09-21 05:01:14,193 - INFO - ✓ 成功: mindfulness - Mindfulness is the anchor that...
2026-09-21 05:01:14,193 - INFO - [15/15] 处理 positivity 分类...
2026-09-21 05:01:14,468 - INFO - ✓ 成功: positivity - Positive thinking is the wind ...
2026-09-21 05:01:14,468 - INFO - ============================================================
2026-09-21 05:01:14,468 - INFO - 任务完成汇总:
2026-09-21 05:01:14,468 - INFO -   成功: 15 条
2026-09-21 05:01:14,468 - INFO -   失败: 0 条
2026-09-21 05:01:14,468 - INFO -   各分类统计:
2026-09-21 05:01:14,469 - INFO -     - morning: 3 条
2026-09-21 05:01:14,469 - INFO -     - motivation: 3 条
2026-09-21 05:01:14,469 - INFO -     - gratitude: 3 条
2026-09-21 05:01:14,469 - INFO -     - mindfulness: 3 条
2026-09-21 05:01:14,469 - INFO -     - positivity: 3 条
2026-09-21 05:01:14,469 - INFO -   耗时: 68.95 秒
2026-09-21 05:01:14,469 - INFO - ============================================================
